==============================================================================
ROC run: non_uniform_nu_fixed_tlasso_nu
==============================================================================
  started : 2026-08-14 00:41:39
  outputs : results/simulations/roc/non_uniform_nu_fixed_tlasso_nu/   (per-replicate figures, JSON, this log)
  commit  : a192813 (dirty working tree)

[design]
  replicates       : 50
  p, n             : 100, 50
  rho grid         : 20 points, min_ratio 0.01, rebuilt per method and replicate off that method's own converged S_tau
  theoretical rho  : sqrt(log p / n) = 0.30349  (pilot only; not a point on the curve)
  FP_end, max_extra: 0.7, 50

[true parameters]  simulate_aat_data
  mu_true : all 0   (length 100)
  eta_true: min 1.034   median 3.076   max 4.959   (length 100)
            [4.6322, 2.3893, 4.6442, 2.0858, 3.3696, 2.0773, 4.8516, 3.8152,
             1.0603, 1.5627, 4.8398, 4.7277, 3.7432, 2.9722, 4.1808, 1.1307,
             4.0945, 3.4710, 1.4454, 4.7279, 2.1468, 4.3559, 1.3178, 1.7319,
             2.0172, 4.0350, 4.3271, 3.1676, 2.3458, 4.2987, 3.2319, 4.9593,
             2.6102, 3.6391, 3.4489, 3.3738, 2.5994, 1.7031, 1.1819, 3.0511,
             1.0337, 2.8687, 2.7295, 4.5709, 4.5536, 3.7684, 2.1816, 3.1684,
             3.5135, 3.2906, 2.6802, 3.1009, 2.1396, 2.3503, 4.7033, 3.9870,
             2.4768, 3.4139, 3.4004, 1.8866, 4.2374, 4.8447, 1.1293, 3.7527,
             4.6760, 4.4458, 3.5685, 1.5666, 2.7362, 2.7484, 1.1791, 3.5225,
             3.5747, 2.6542, 3.4994, 2.5304, 1.7925, 4.9023, 2.1491, 1.1768,
             3.7906, 2.3023, 1.2000, 1.7046, 2.4178, 2.1847, 2.2606, 4.4643,
             2.7715, 3.4356, 2.5416, 4.9490, 3.9167, 4.6769, 1.5862, 1.5388,
             1.1180, 2.3523, 3.4762, 2.4965]
  nu_true : min 0.1354   median 0.9305   max 1.736   (length 100)
            [0.6218, 1.7110, 1.3794, 0.4105, 1.6911, 1.2701, 0.2521, 0.4200,
             1.4288, 1.1370, 1.4056, 0.6554, 1.0400, 0.8632, 0.6631, 0.8371,
             1.4973, 0.2054, 0.3103, 0.4116, 1.5590, 0.1354, 0.3589, 1.2036,
             0.7655, 1.2921, 1.7359, 1.4401, 1.6531, 1.7311, 0.5685, 0.8758,
             1.6856, 1.3699, 1.3702, 1.3242, 0.3488, 0.6147, 0.6958, 1.0513,
             1.6178, 1.2566, 0.2578, 1.3168, 0.2523, 0.8426, 1.3215, 0.6206,
             1.2139, 0.4886, 1.5210, 1.5882, 0.3287, 0.9405, 0.8574, 1.2102,
             0.7208, 0.8805, 0.7330, 1.4628, 0.6295, 0.9206, 0.3770, 0.7413,
             1.0051, 0.5660, 1.4578, 1.0859, 1.7340, 0.9104, 0.7876, 0.6299,
             0.6231, 0.2697, 0.7495, 0.7841, 1.6575, 0.9036, 0.9163, 0.9462,
             1.5083, 0.5714, 0.9957, 0.2730, 1.0723, 1.6057, 1.2176, 0.2561,
             0.4828, 1.0804, 1.2556, 0.4348, 1.4430, 1.1708, 0.4648, 1.5971,
             0.7353, 1.3298, 1.2946, 1.3576]
  Theta   : 102/4950 edges (2.06% of pairs), eigenvalues [0.600, 9.525], max |theta_jk| off-diagonal 1.000
            NOTE: this is the SUPPORT of Theta, which is the target of the ROC curves;
            it is not the conditional independence graph of Y in this model.
  rng     : entropy 61894655102650569138615934120262914919
            (np.random.default_rng(61894655102650569138615934120262914919) replays the same draws)

[methods]  nu treatment for this run
  Classical t         (run_tlasso)
      nu   : FIXED at nu = 4.29859, not estimated
      args : n_iter=200, verbose=False, tol=1e-05
  Alternative t*      (run_tstar_varlasso)
      nu   : FIXED at nu = 4.29859, not estimated
      args : n_iter=200, verbose=False, tol=1e-05
  Asymmetric alt-t    (run_em_diagonal)
      nu   : ESTIMATED per coordinate (nu_j), bracket [0.0001, 2], nu_j = 0 meaning that coordinate went Gaussian
      args : n_iter=200, verbose=False, tol=1e-05
  Naive Gaussian      (graphical_lasso)
      nu   : not a parameter of this model
      args : max_iter=2000, verbose=False
  Reading the per-rho nu lines below: tlasso and t*var-lasso print a scalar `nu`,
  run_em_diagonal a `median nu`/`median eta` over coordinates. The two nu's are NOT
  comparable -- tau ~ Gamma(nu/2, nu/2) for the t models, so small nu is the heavy
  tail, while EM_algorithm's tau_j ~ Inv-Gamma(2/nu_j, 2/nu_j) puts the heavy tail at
  large nu_j.
==============================================================================

Replicate 1/50
  pilot fit of run_tlasso at rho=0.30349
  -> rho_max = max|S_ij| (off-diag) = 26970.65459
  [note] pilot fit hit a glasso ConvergenceWarning (suppressed)
  rho grid: [26970.65459226 21165.49009818 16609.82938193 13034.7292133
 10229.13371097  8027.41466774  6299.59369666  4943.66896261
  3879.59350853  3044.54968673  2389.24072189  1874.98047807
  1471.40962438  1154.70337321   906.16498492   711.1220067
   558.06008489   437.94321568   343.68030495   269.70654592]
Running run_tlasso over 20 rho values, extending until FPR >= 0.7...
  rho=26970.65459 (1/20)
    fp=0.0008 tp=0.0000  [0.6s]
   nu  = 4.2986
  rho=21165.49010 (2/20)
    fp=0.0014 tp=0.0000  [0.0s]
   nu  = 4.2986
  rho=16609.82938 (3/20)
    fp=0.0025 tp=0.0000  [0.1s]
   nu  = 4.2986
  rho=13034.72921 (4/20)
    fp=0.0029 tp=0.0000  [0.0s]
   nu  = 4.2986
  rho=10229.13371 (5/20)
    fp=0.0043 tp=0.0000  [0.1s]
   nu  = 4.2986
  rho=8027.41467 (6/20)
    fp=0.0064 tp=0.0098  [0.0s]
   nu  = 4.2986
  rho=6299.59370 (7/20)
    fp=0.0097 tp=0.0098  [0.1s]
   nu  = 4.2986
  rho=4943.66896 (8/20)
    fp=0.0146 tp=0.0098  [0.1s]
   nu  = 4.2986
  rho=3879.59351 (9/20)
    fp=0.0196 tp=0.0098  [0.1s]
   nu  = 4.2986
  rho=3044.54969 (10/20)
    fp=0.0241 tp=0.0098  [0.0s]
   nu  = 4.2986
  rho=2389.24072 (11/20)
    fp=0.0295 tp=0.0196  [0.1s]
   nu  = 4.2986
  rho=1874.98048 (12/20)
    fp=0.0355 tp=0.0294  [0.1s]
   nu  = 4.2986
  rho=1471.40962 (13/20)
    fp=0.0419 tp=0.0392  [0.1s]
   nu  = 4.2986
  rho=1154.70337 (14/20)
    fp=0.0497 tp=0.0686  [0.1s]
   nu  = 4.2986
  rho=906.16498 (15/20)
    fp=0.0613 tp=0.1176  [0.1s]
   nu  = 4.2986
  rho=711.12201 (16/20)
    fp=0.0728 tp=0.1275  [0.1s]
   nu  = 4.2986
  rho=558.06008 (17/20)
    fp=0.0840 tp=0.1373  [0.1s]
   nu  = 4.2986
  rho=437.94322 (18/20)
    fp=0.0967 tp=0.1471  [0.1s]
   nu  = 4.2986
  rho=343.68030 (19/20)
    fp=0.1132 tp=0.1373  [0.2s]
   nu  = 4.2986
  rho=269.70655 (20/20)
    fp=0.1339 tp=0.1471  [0.1s]
   nu  = 4.2986
  rho=211.65490 (21/21)  [extra 1/50]
    fp=0.1516 tp=0.1667  [0.2s]
   nu  = 4.2986
  rho=166.09829 (22/22)  [extra 2/50]
    fp=0.1768 tp=0.1961  [0.3s]
   nu  = 4.2986
  rho=130.34729 (23/23)  [extra 3/50]
    fp=0.2001 tp=0.2059  [0.3s]
   nu  = 4.2986
  rho=102.29134 (24/24)  [extra 4/50]
    fp=0.2232 tp=0.2549  [0.4s]
   nu  = 4.2986
  rho=80.27415 (25/25)  [extra 5/50]
    fp=0.2496 tp=0.2647  [0.4s]
   nu  = 4.2986
  rho=62.99594 (26/26)  [extra 6/50]
    fp=0.2787 tp=0.2745  [0.5s]
   nu  = 4.2986
  rho=49.43669 (27/27)  [extra 7/50]
    fp=0.3073 tp=0.3039  [0.5s]
   nu  = 4.2986
  rho=38.79594 (28/28)  [extra 8/50]
    fp=0.3368 tp=0.3627  [0.7s]
   nu  = 4.2986
  rho=30.44550 (29/29)  [extra 9/50]
    fp=0.3729 tp=0.4216  [0.8s]
   nu  = 4.2986
  rho=23.89241 (30/30)  [extra 10/50]
    fp=0.3729 tp=0.4216  [0.0s]
   nu  = 4.2986
  rho=18.74980 (31/31)  [extra 11/50]
    fp=0.3729 tp=0.4216  [0.1s]
   nu  = 4.2986
  rho=14.71410 (32/32)  [extra 12/50]
    fp=0.3729 tp=0.4216  [0.1s]
   nu  = 4.2986
  rho=11.54703 (33/33)  [extra 13/50]
    fp=0.3729 tp=0.4216  [0.0s]
   nu  = 4.2986
  rho=9.06165 (34/34)  [extra 14/50]
    fp=0.3729 tp=0.4216  [0.0s]
   nu  = 4.2986
  rho=7.11122 (35/35)  [extra 15/50]
    fp=0.3729 tp=0.4216  [0.0s]
   nu  = 4.2986
  rho=5.58060 (36/36)  [extra 16/50]
    fp=0.3729 tp=0.4216  [0.0s]
   nu  = 4.2986
  rho=4.37943 (37/37)  [extra 17/50]
    fp=0.3729 tp=0.4216  [0.0s]
   nu  = 4.2986
  rho=3.43680 (38/38)  [extra 18/50]
    fp=0.3729 tp=0.4216  [0.0s]
   nu  = 4.2986
  rho=2.69707 (39/39)  [extra 19/50]
    fp=0.3729 tp=0.4216  [0.0s]
   nu  = 4.2986
  rho=2.11655 (40/40)  [extra 20/50]
    fp=0.3729 tp=0.4216  [0.0s]
   nu  = 4.2986
  rho=1.66098 (41/41)  [extra 21/50]
    fp=0.3729 tp=0.4216  [0.0s]
   nu  = 4.2986
  rho=1.30347 (42/42)  [extra 22/50]
    fp=0.3729 tp=0.4216  [0.0s]
   nu  = 4.2986
  rho=1.02291 (43/43)  [extra 23/50]
    fp=0.3729 tp=0.4216  [0.0s]
   nu  = 4.2986
  rho=0.80274 (44/44)  [extra 24/50]
    fp=0.3729 tp=0.4216  [0.0s]
   nu  = 4.2986
  rho=0.62996 (45/45)  [extra 25/50]
    fp=0.3729 tp=0.4216  [0.0s]
   nu  = 4.2986
  rho=0.49437 (46/46)  [extra 26/50]
    fp=0.3729 tp=0.4216  [0.0s]
   nu  = 4.2986
  rho=0.38796 (47/47)  [extra 27/50]
    fp=0.3729 tp=0.4216  [0.0s]
   nu  = 4.2986
  rho=0.30445 (48/48)  [extra 28/50]
    fp=0.3729 tp=0.4216  [0.0s]
   nu  = 4.2986
  rho=0.23892 (49/49)  [extra 29/50]
    fp=0.3729 tp=0.4216  [0.0s]
   nu  = 4.2986
  rho=0.18750 (50/50)  [extra 30/50]
    fp=0.3729 tp=0.4216  [0.0s]
   nu  = 4.2986
  rho=0.14714 (51/51)  [extra 31/50]
    fp=0.3729 tp=0.4216  [0.0s]
   nu  = 4.2986
  rho=0.11547 (52/52)  [extra 32/50]
    fp=0.3729 tp=0.4216  [0.0s]
   nu  = 4.2986
  rho=0.09062 (53/53)  [extra 33/50]
    fp=0.3729 tp=0.4216  [0.0s]
   nu  = 4.2986
  rho=0.07111 (54/54)  [extra 34/50]
    fp=0.3729 tp=0.4216  [0.0s]
   nu  = 4.2986
  rho=0.05581 (55/55)  [extra 35/50]
    fp=0.3729 tp=0.4216  [0.0s]
   nu  = 4.2986
  rho=0.04379 (56/56)  [extra 36/50]
    fp=0.3729 tp=0.4216  [0.0s]
   nu  = 4.2986
  rho=0.03437 (57/57)  [extra 37/50]
    fp=0.3729 tp=0.4216  [0.0s]
   nu  = 4.2986
  rho=0.02697 (58/58)  [extra 38/50]
    fp=0.3729 tp=0.4216  [0.0s]
   nu  = 4.2986
  rho=0.02117 (59/59)  [extra 39/50]
    fp=0.3729 tp=0.4216  [0.0s]
   nu  = 4.2986
  rho=0.01661 (60/60)  [extra 40/50]
    fp=0.3729 tp=0.4216  [0.0s]
   nu  = 4.2986
  rho=0.01303 (61/61)  [extra 41/50]
    fp=0.3729 tp=0.4216  [0.0s]
   nu  = 4.2986
  rho=0.01023 (62/62)  [extra 42/50]
    fp=0.3729 tp=0.4216  [0.0s]
   nu  = 4.2986
  rho=0.00803 (63/63)  [extra 43/50]
    fp=0.3729 tp=0.4216  [0.0s]
   nu  = 4.2986
  rho=0.00630 (64/64)  [extra 44/50]
    fp=0.3729 tp=0.4216  [0.0s]
   nu  = 4.2986
  rho=0.00494 (65/65)  [extra 45/50]
    fp=0.3729 tp=0.4216  [0.0s]
   nu  = 4.2986
  rho=0.00388 (66/66)  [extra 46/50]
    fp=0.3729 tp=0.4216  [0.0s]
   nu  = 4.2986
  rho=0.00304 (67/67)  [extra 47/50]
    fp=0.3729 tp=0.4216  [0.0s]
   nu  = 4.2986
  rho=0.00239 (68/68)  [extra 48/50]
    fp=0.3729 tp=0.4216  [0.0s]
   nu  = 4.2986
  rho=0.00187 (69/69)  [extra 49/50]
    fp=0.3729 tp=0.4216  [0.0s]
   nu  = 4.2986
  rho=0.00147 (70/70)  [extra 50/50]
    fp=0.3729 tp=0.4216  [0.0s]
   nu  = 4.2986
  [note] 49/70 fits hit a glasso ConvergenceWarning (suppressed)
  [warn] FPR stalled at 0.3729 < fp_end=0.7 after 50 extra fits (cap max_extra=50); the curve stops short of fp_end
  grid extended by 50 points down to rho=0.00147, ending at FPR 0.3729
  [warn] AUC integrates to fp_end=0.7 but the curve stops at FPR 0.3729; TPR held flat above that
  pilot fit of run_tstar_varlasso at rho=0.30349
  -> rho_max = max|S_ij| (off-diag) = 8.84338
  rho grid: [8.84337561 6.93992718 5.44617705 4.27394174 3.35401839 2.63209937
 2.06556623 1.62097369 1.27207527 0.99827375 0.78340528 0.6147851
 0.48245874 0.37861431 0.29712135 0.23316894 0.18298165 0.14359668
 0.11268892 0.08843376]
Running run_tstar_varlasso over 20 rho values, extending until FPR >= 0.7...
  rho=8.84338 (1/20)
    fp=0.0276 tp=0.0196  [0.1s]
   nu  = 4.2986
  rho=6.93993 (2/20)
    fp=0.0371 tp=0.0294  [0.1s]
   nu  = 4.2986
  rho=5.44618 (3/20)
    fp=0.0501 tp=0.0392  [0.1s]
   nu  = 4.2986
  rho=4.27394 (4/20)
    fp=0.0689 tp=0.0490  [0.1s]
   nu  = 4.2986
  rho=3.35402 (5/20)
    fp=0.0873 tp=0.0686  [0.1s]
   nu  = 4.2986
  rho=2.63210 (6/20)
    fp=0.1120 tp=0.1176  [0.1s]
   nu  = 4.2986
  rho=2.06557 (7/20)
    fp=0.1376 tp=0.1176  [0.1s]
   nu  = 4.2986
  rho=1.62097 (8/20)
    fp=0.1683 tp=0.1373  [0.1s]
   nu  = 4.2986
  rho=1.27208 (9/20)
    fp=0.1974 tp=0.1471  [0.1s]
   nu  = 4.2986
  rho=0.99827 (10/20)
    fp=0.2304 tp=0.1863  [0.2s]
   nu  = 4.2986
  rho=0.78341 (11/20)
    fp=0.2622 tp=0.2745  [0.2s]
   nu  = 4.2986
  rho=0.61479 (12/20)
    fp=0.2950 tp=0.2843  [0.2s]
   nu  = 4.2986
  rho=0.48246 (13/20)
    fp=0.3309 tp=0.3137  [0.2s]
   nu  = 4.2986
  rho=0.37861 (14/20)
    fp=0.3672 tp=0.3333  [0.2s]
   nu  = 4.2986
  rho=0.29712 (15/20)
    fp=0.4045 tp=0.3529  [0.3s]
   nu  = 4.2986
  rho=0.23317 (16/20)
    fp=0.4365 tp=0.3922  [0.3s]
   nu  = 4.2986
  rho=0.18298 (17/20)
    fp=0.4691 tp=0.4608  [0.3s]
   nu  = 4.2986
  rho=0.14360 (18/20)
    fp=0.4977 tp=0.5392  [0.3s]
   nu  = 4.2986
  rho=0.11269 (19/20)
    fp=0.5272 tp=0.5784  [0.4s]
   nu  = 4.2986
  rho=0.08843 (20/20)
    fp=0.5602 tp=0.5784  [0.4s]
   nu  = 4.2986
  rho=0.06940 (21/21)  [extra 1/50]
    fp=0.5846 tp=0.5980  [0.6s]
   nu  = 4.2986
  rho=0.05446 (22/22)  [extra 2/50]
    fp=0.6089 tp=0.6176  [0.7s]
   nu  = 4.2986
  rho=0.04274 (23/23)  [extra 3/50]
    fp=0.6293 tp=0.6275  [0.7s]
   nu  = 4.2986
  rho=0.03354 (24/24)  [extra 4/50]
    fp=0.6514 tp=0.6176  [0.8s]
   nu  = 4.2986
  rho=0.02632 (25/25)  [extra 5/50]
    fp=0.6706 tp=0.6275  [0.9s]
   nu  = 4.2986
  rho=0.02066 (26/26)  [extra 6/50]
    fp=0.6898 tp=0.6667  [1.0s]
   nu  = 4.2986
  rho=0.01621 (27/27)  [extra 7/50]
    fp=0.7059 tp=0.6863  [1.2s]
   nu  = 4.2986
  FPR 0.7059 >= fp_end=0.7; stopping after 27 fits
  grid extended by 7 points down to rho=0.01621, ending at FPR 0.7059
  pilot fit of run_em_diagonal at rho=0.30349
  -> rho_max = max|S_ij| (off-diag) = 0.70263
  rho grid: [0.70262548 0.55139235 0.43271065 0.33957399 0.26648408 0.20912604
 0.16411374 0.1287899  0.10106915 0.07931503 0.06224326 0.04884602
 0.0383324  0.03008173 0.02360694 0.01852578 0.01453829 0.01140907
 0.00895338 0.00702625]
Running run_em_diagonal over 20 rho values, extending until FPR >= 0.7...
  rho=0.70263 (1/20)
    fp=0.0019 tp=0.0098  [6.7s]
   median nu  = 0.992
   median eta = 2.175
  rho=0.55139 (2/20)
    fp=0.0072 tp=0.0196  [6.2s]
   median nu  = 1.053
   median eta = 1.964
  rho=0.43271 (3/20)
    fp=0.0138 tp=0.0294  [6.2s]
   median nu  = 1.067
   median eta = 1.963
  rho=0.33957 (4/20)
    fp=0.0250 tp=0.0392  [6.1s]
   median nu  = 1.059
   median eta = 1.969
  rho=0.26648 (5/20)
    fp=0.0423 tp=0.0490  [6.3s]
   median nu  = 1.055
   median eta = 1.978
  rho=0.20913 (6/20)
    fp=0.0625 tp=0.0490  [6.3s]
   median nu  = 1.036
   median eta = 1.996
  rho=0.16411 (7/20)
    fp=0.0918 tp=0.0882  [6.2s]
   median nu  = 1.046
   median eta = 1.985
  rho=0.12879 (8/20)
    fp=0.1200 tp=0.1373  [6.3s]
   median nu  = 1.055
   median eta = 2.038
  rho=0.10107 (9/20)
    fp=0.1510 tp=0.1667  [6.2s]
   median nu  = 1.046
   median eta = 1.991
  rho=0.07932 (10/20)
    fp=0.1834 tp=0.2157  [5.8s]
   median nu  = 1.041
   median eta = 1.924
  rho=0.06224 (11/20)
    fp=0.2172 tp=0.2647  [5.7s]
   median nu  = 1.032
   median eta = 1.969
  rho=0.04885 (12/20)
    fp=0.2537 tp=0.3137  [5.6s]
   median nu  = 1.026
   median eta = 2.061
  rho=0.03833 (13/20)
    fp=0.2871 tp=0.3529  [5.5s]
   median nu  = 1.062
   median eta = 2.038
  rho=0.03008 (14/20)
    fp=0.3135 tp=0.3627  [5.5s]
   median nu  = 1.11
   median eta = 2.052
  rho=0.02361 (15/20)
    fp=0.3443 tp=0.4020  [5.4s]
   median nu  = 1.142
   median eta = 2.039
  rho=0.01853 (16/20)
    fp=0.3703 tp=0.4314  [5.3s]
   median nu  = 1.139
   median eta = 2.13
  rho=0.01454 (17/20)
    fp=0.3940 tp=0.4608  [5.2s]
   median nu  = 1.139
   median eta = 2.111
  rho=0.01141 (18/20)
    fp=0.4148 tp=0.4706  [5.1s]
   median nu  = 1.145
   median eta = 2.275
  rho=0.00895 (19/20)
    fp=0.4412 tp=0.4902  [5.1s]
   median nu  = 1.175
   median eta = 2.307
  rho=0.00703 (20/20)
    fp=0.4579 tp=0.4902  [5.0s]
   median nu  = 1.204
   median eta = 2.296
  rho=0.00551 (21/21)  [extra 1/50]
    fp=0.4835 tp=0.5588  [5.0s]
   median nu  = 1.228
   median eta = 2.258
  rho=0.00433 (22/22)  [extra 2/50]
    fp=0.5078 tp=0.5098  [4.9s]
   median nu  = 1.267
   median eta = 2.217
  rho=0.00340 (23/23)  [extra 3/50]
    fp=0.5386 tp=0.6078  [4.9s]
   median nu  = 1.246
   median eta = 2.183
  rho=0.00266 (24/24)  [extra 4/50]
    fp=0.5590 tp=0.5392  [4.9s]
   median nu  = 1.312
   median eta = 2.078
  rho=0.00209 (25/25)  [extra 5/50]
    fp=0.5924 tp=0.6765  [5.0s]
   median nu  = 1.291
   median eta = 2.13
  rho=0.00164 (26/26)  [extra 6/50]
    fp=0.6068 tp=0.6078  [4.8s]
   median nu  = 1.317
   median eta = 1.986
  rho=0.00129 (27/27)  [extra 7/50]
    fp=0.6446 tp=0.6961  [4.8s]
   median nu  = 1.354
   median eta = 1.943
  rho=0.00101 (28/28)  [extra 8/50]
    fp=0.6555 tp=0.6863  [4.7s]
   median nu  = 1.357
   median eta = 1.813
  rho=0.00079 (29/29)  [extra 9/50]
    fp=0.6935 tp=0.7549  [4.7s]
   median nu  = 1.381
   median eta = 1.78
  rho=0.00062 (30/30)  [extra 10/50]
    fp=0.7069 tp=0.7255  [4.6s]
   median nu  = 1.406
   median eta = 1.665
  FPR 0.7069 >= fp_end=0.7; stopping after 30 fits
  [note] 10/30 fits hit a glasso ConvergenceWarning (suppressed)
  grid extended by 10 points down to rho=0.00062, ending at FPR 0.7069
  graphical_lasso rho_max = max|S_ij| (off-diag) = 30844.22692
  rho grid: [30844.22691693 24205.31460084 18995.3619685  14906.79969522
 11698.25968685  9180.32592502  7204.35230074  5653.68729793
  4436.7874763   3481.81320835  2732.38763016  2144.26843563
  1682.73603397  1320.54388013  1036.30997622   813.25458621
   638.20964496   500.84138206   393.04026814   308.44226917]
Running graphical_lasso over 20 rho values, extending until FPR >= 0.7...
  rho=30844.22692 (1/20)
    fp=0.0019 tp=0.0000  [4.8s]
  rho=24205.31460 (2/20)
    fp=0.0019 tp=0.0000  [4.8s]
  rho=18995.36197 (3/20)
    fp=0.0019 tp=0.0000  [4.9s]
  rho=14906.79970 (4/20)
    fp=0.0021 tp=0.0000  [4.8s]
  rho=11698.25969 (5/20)
    fp=0.0021 tp=0.0000  [4.8s]
  rho=9180.32593 (6/20)
    fp=0.0041 tp=0.0000  [4.8s]
  rho=7204.35230 (7/20)
    fp=0.0043 tp=0.0000  [4.9s]
  rho=5653.68730 (8/20)
    fp=0.0043 tp=0.0000  [4.9s]
  rho=4436.78748 (9/20)
    fp=0.0023 tp=0.0000  [5.2s]
  rho=3481.81321 (10/20)
    fp=0.0017 tp=0.0000  [5.0s]
  rho=2732.38763 (11/20)
    fp=0.0017 tp=0.0000  [0.5s]
  rho=2144.26844 (12/20)
    fp=0.0017 tp=0.0000  [0.2s]
  rho=1682.73603 (13/20)
    fp=0.0027 tp=0.0000  [0.0s]
  rho=1320.54388 (14/20)
    fp=0.0027 tp=0.0000  [0.0s]
  rho=1036.30998 (15/20)
    fp=0.0027 tp=0.0000  [0.1s]
  rho=813.25459 (16/20)
    fp=0.0027 tp=0.0000  [0.3s]
  rho=638.20964 (17/20)
    fp=0.0027 tp=0.0000  [0.0s]
  rho=500.84138 (18/20)
    fp=0.0027 tp=0.0000  [0.0s]
  rho=393.04027 (19/20)
    fp=0.0027 tp=0.0000  [0.0s]
  rho=308.44227 (20/20)
    fp=0.0204 tp=0.0098  [0.0s]
  rho=242.05315 (21/21)  [extra 1/50]
    fp=0.0260 tp=0.0196  [0.0s]
  rho=189.95362 (22/22)  [extra 2/50]
    fp=0.0295 tp=0.0196  [0.1s]
  rho=149.06800 (23/23)  [extra 3/50]
    fp=0.0347 tp=0.0392  [0.0s]
  rho=116.98260 (24/24)  [extra 4/50]
    fp=0.0404 tp=0.0490  [0.0s]
  rho=91.80326 (25/25)  [extra 5/50]
    fp=0.0495 tp=0.0588  [0.1s]
  rho=72.04352 (26/26)  [extra 6/50]
    fp=0.0586 tp=0.0882  [0.3s]
  rho=56.53687 (27/27)  [extra 7/50]
    fp=0.0703 tp=0.1176  [0.4s]
  rho=44.36787 (28/28)  [extra 8/50]
    fp=0.0840 tp=0.1275  [0.1s]
  rho=34.81813 (29/29)  [extra 9/50]
    fp=0.0959 tp=0.1176  [0.7s]
  rho=27.32388 (30/30)  [extra 10/50]
    fp=0.1118 tp=0.1275  [0.1s]
  rho=21.44268 (31/31)  [extra 11/50]
    fp=0.1328 tp=0.1569  [1.2s]
  rho=16.82736 (32/32)  [extra 12/50]
    fp=0.1531 tp=0.1765  [0.5s]
  rho=13.20544 (33/33)  [extra 13/50]
    fp=0.1799 tp=0.1863  [0.5s]
  rho=10.36310 (34/34)  [extra 14/50]
    fp=0.2061 tp=0.2353  [4.3s]
  rho=8.13255 (35/35)  [extra 15/50]
    fp=0.2327 tp=0.2353  [0.9s]
  rho=6.38210 (36/36)  [extra 16/50]
    fp=0.2628 tp=0.2549  [0.2s]
  rho=5.00841 (37/37)  [extra 17/50]
    fp=0.2954 tp=0.2745  [0.0s]
  rho=3.93040 (38/38)  [extra 18/50]
    fp=0.3282 tp=0.3235  [1.1s]
  rho=3.08442 (39/39)  [extra 19/50]
    fp=0.3682 tp=0.4020  [0.3s]
  rho=2.42053 (40/40)  [extra 20/50]
    fp=0.4010 tp=0.4412  [1.8s]
  rho=1.89954 (41/41)  [extra 21/50]
    fp=0.4330 tp=0.4510  [3.4s]
  rho=1.49068 (42/42)  [extra 22/50]
    fp=0.4660 tp=0.4608  [9.7s]
  rho=1.16983 (43/43)  [extra 23/50]
    fp=0.4660 tp=0.4608  [0.2s]
  rho=0.91803 (44/44)  [extra 24/50]
    fp=0.4660 tp=0.4608  [0.2s]
  rho=0.72044 (45/45)  [extra 25/50]
    fp=0.4660 tp=0.4608  [0.2s]
  rho=0.56537 (46/46)  [extra 26/50]
    fp=0.4660 tp=0.4608  [0.1s]
  rho=0.44368 (47/47)  [extra 27/50]
    fp=0.4660 tp=0.4608  [0.2s]
  rho=0.34818 (48/48)  [extra 28/50]
    fp=0.4660 tp=0.4608  [0.2s]
  rho=0.27324 (49/49)  [extra 29/50]
    fp=0.4660 tp=0.4608  [0.2s]
  rho=0.21443 (50/50)  [extra 30/50]
    fp=0.4660 tp=0.4608  [0.2s]
  rho=0.16827 (51/51)  [extra 31/50]
    fp=0.4660 tp=0.4608  [0.2s]
  rho=0.13205 (52/52)  [extra 32/50]
    fp=0.4660 tp=0.4608  [0.2s]
  rho=0.10363 (53/53)  [extra 33/50]
    fp=0.4660 tp=0.4608  [0.2s]
  rho=0.08133 (54/54)  [extra 34/50]
    fp=0.4660 tp=0.4608  [0.2s]
  rho=0.06382 (55/55)  [extra 35/50]
    fp=0.4660 tp=0.4608  [0.3s]
  rho=0.05008 (56/56)  [extra 36/50]
    fp=0.4660 tp=0.4608  [0.2s]
  rho=0.03930 (57/57)  [extra 37/50]
    fp=0.4660 tp=0.4608  [0.2s]
  rho=0.03084 (58/58)  [extra 38/50]
    fp=0.4660 tp=0.4608  [0.2s]
  rho=0.02421 (59/59)  [extra 39/50]
    fp=0.4660 tp=0.4608  [0.2s]
  rho=0.01900 (60/60)  [extra 40/50]
    fp=0.4660 tp=0.4608  [0.2s]
  rho=0.01491 (61/61)  [extra 41/50]
    fp=0.4660 tp=0.4608  [0.2s]
  rho=0.01170 (62/62)  [extra 42/50]
    fp=0.4660 tp=0.4608  [0.2s]
  rho=0.00918 (63/63)  [extra 43/50]
    fp=0.4660 tp=0.4608  [0.2s]
  rho=0.00720 (64/64)  [extra 44/50]
    fp=0.4660 tp=0.4608  [0.2s]
  rho=0.00565 (65/65)  [extra 45/50]
    fp=0.4660 tp=0.4608  [0.2s]
  rho=0.00444 (66/66)  [extra 46/50]
    fp=0.4660 tp=0.4608  [0.2s]
  rho=0.00348 (67/67)  [extra 47/50]
    fp=0.4660 tp=0.4608  [0.2s]
  rho=0.00273 (68/68)  [extra 48/50]
    fp=0.4660 tp=0.4608  [0.2s]
  rho=0.00214 (69/69)  [extra 49/50]
    fp=0.4660 tp=0.4608  [0.2s]
  rho=0.00168 (70/70)  [extra 50/50]
    fp=0.4660 tp=0.4608  [0.2s]
  [note] 39/70 fits hit a glasso ConvergenceWarning (suppressed)
  [warn] FPR stalled at 0.4660 < fp_end=0.7 after 50 extra fits (cap max_extra=50); the curve stops short of fp_end
  grid extended by 50 points down to rho=0.00168, ending at FPR 0.4660
  [warn] AUC integrates to fp_end=0.7 but the curve stops at FPR 0.4660; TPR held flat above that
  [warn] mean_roc averages out to FPR 0.700 but the shortest replicate only reached 0.466; its TPR is held flat above that
  [warn] mean_roc averages out to FPR 0.700 but the shortest replicate only reached 0.373; its TPR is held flat above that

(p=100, n=50) over 1 replicates
  Asymmetric model (Diagonal): AUC = 0.271 (SE 0.000)
  Classical t-model (TLASSO): AUC = 0.214 (SE 0.000)
  Alternative t-model (TSTAR_VARLASSO): AUC = 0.236 (SE 0.000)
  Naive Gaussian glasso (GGM): AUC = 0.222 (SE 0.000)
Replicate 2/50
  pilot fit of run_tlasso at rho=0.30349
  -> rho_max = max|S_ij| (off-diag) = 352603.13117
  [note] pilot fit hit a glasso ConvergenceWarning (suppressed)
  rho grid: [352603.13116924 276708.8227622  217150.00754685 170410.63348429
 133731.4436807  104947.08377793  82358.27035404  64631.47380123
  50720.19346403  39803.17751905  31235.94040974  24512.71566985
  19236.59802231  15096.11209365  11846.82447903   9296.91362693
   7295.84566223   5725.48762558   4493.1334993    3526.03131169]
Running run_tlasso over 20 rho values, extending until FPR >= 0.7...
  rho=352603.13117 (1/20)
    fp=0.0021 tp=0.0098  [10.3s]
   nu  = 4.2986
  rho=276708.82276 (2/20)
    fp=0.0027 tp=0.0098  [0.5s]
   nu  = 4.2986
  rho=217150.00755 (3/20)
    fp=0.0023 tp=0.0098  [3.2s]
   nu  = 4.2986
  rho=170410.63348 (4/20)
    fp=0.0035 tp=0.0196  [0.7s]
   nu  = 4.2986
  rho=133731.44368 (5/20)
    fp=0.0010 tp=0.0098  [3.5s]
   nu  = 4.2986
  rho=104947.08378 (6/20)
    fp=0.0004 tp=0.0098  [0.5s]
   nu  = 4.2986
  rho=82358.27035 (7/20)
    fp=0.0006 tp=0.0098  [3.5s]
   nu  = 4.2986
  rho=64631.47380 (8/20)
    fp=0.0008 tp=0.0098  [0.5s]
   nu  = 4.2986
  rho=50720.19346 (9/20)
    fp=0.0021 tp=0.0098  [4.0s]
   nu  = 4.2986
  rho=39803.17752 (10/20)
    fp=0.0027 tp=0.0098  [0.6s]
   nu  = 4.2986
  rho=31235.94041 (11/20)
    fp=0.0031 tp=0.0098  [0.1s]
   nu  = 4.2986
  rho=24512.71567 (12/20)
    fp=0.0041 tp=0.0098  [0.0s]
   nu  = 4.2986
  rho=19236.59802 (13/20)
    fp=0.0054 tp=0.0098  [0.1s]
   nu  = 4.2986
  rho=15096.11209 (14/20)
    fp=0.0072 tp=0.0196  [0.0s]
   nu  = 4.2986
  rho=11846.82448 (15/20)
    fp=0.0089 tp=0.0294  [0.1s]
   nu  = 4.2986
  rho=9296.91363 (16/20)
    fp=0.0113 tp=0.0294  [0.0s]
   nu  = 4.2986
  rho=7295.84566 (17/20)
    fp=0.0140 tp=0.0294  [0.1s]
   nu  = 4.2986
  rho=5725.48763 (18/20)
    fp=0.0161 tp=0.0294  [0.0s]
   nu  = 4.2986
  rho=4493.13350 (19/20)
    fp=0.0198 tp=0.0490  [0.1s]
   nu  = 4.2986
  rho=3526.03131 (20/20)
    fp=0.0252 tp=0.0588  [0.0s]
   nu  = 4.2986
  rho=2767.08823 (21/21)  [extra 1/50]
    fp=0.0299 tp=0.0588  [0.1s]
   nu  = 4.2986
  rho=2171.50008 (22/22)  [extra 2/50]
    fp=0.0359 tp=0.0588  [0.0s]
   nu  = 4.2986
  rho=1704.10633 (23/23)  [extra 3/50]
    fp=0.0437 tp=0.0686  [0.1s]
   nu  = 4.2986
  rho=1337.31444 (24/24)  [extra 4/50]
    fp=0.0520 tp=0.0784  [0.0s]
   nu  = 4.2986
  rho=1049.47084 (25/25)  [extra 5/50]
    fp=0.0613 tp=0.0980  [0.1s]
   nu  = 4.2986
  rho=823.58270 (26/26)  [extra 6/50]
    fp=0.0738 tp=0.1078  [0.0s]
   nu  = 4.2986
  rho=646.31474 (27/27)  [extra 7/50]
    fp=0.0823 tp=0.1176  [0.1s]
   nu  = 4.2986
  rho=507.20193 (28/28)  [extra 8/50]
    fp=0.0965 tp=0.1275  [0.0s]
   nu  = 4.2986
  rho=398.03178 (29/29)  [extra 9/50]
    fp=0.1118 tp=0.1275  [0.1s]
   nu  = 4.2986
  rho=312.35940 (30/30)  [extra 10/50]
    fp=0.1281 tp=0.1471  [0.0s]
   nu  = 4.2986
  rho=245.12716 (31/31)  [extra 11/50]
    fp=0.1432 tp=0.1667  [0.1s]
   nu  = 4.2986
  rho=192.36598 (32/32)  [extra 12/50]
    fp=0.1630 tp=0.1863  [0.2s]
   nu  = 4.2986
  rho=150.96112 (33/33)  [extra 13/50]
    fp=0.1852 tp=0.1765  [0.2s]
   nu  = 4.2986
  rho=118.46824 (34/34)  [extra 14/50]
    fp=0.2077 tp=0.2059  [0.2s]
   nu  = 4.2986
  rho=92.96914 (35/35)  [extra 15/50]
    fp=0.2310 tp=0.2157  [0.3s]
   nu  = 4.2986
  rho=72.95846 (36/36)  [extra 16/50]
    fp=0.2597 tp=0.2353  [0.3s]
   nu  = 4.2986
  rho=57.25488 (37/37)  [extra 17/50]
    fp=0.2865 tp=0.2647  [0.3s]
   nu  = 4.2986
  rho=44.93133 (38/38)  [extra 18/50]
    fp=0.3137 tp=0.3039  [0.4s]
   nu  = 4.2986
  rho=35.26031 (39/39)  [extra 19/50]
    fp=0.3426 tp=0.3627  [0.5s]
   nu  = 4.2986
  rho=27.67088 (40/40)  [extra 20/50]
    fp=0.3742 tp=0.3824  [0.6s]
   nu  = 4.2986
  rho=21.71500 (41/41)  [extra 21/50]
    fp=0.4072 tp=0.4020  [0.7s]
   nu  = 4.2986
  rho=17.04106 (42/42)  [extra 22/50]
    fp=0.4437 tp=0.4706  [0.6s]
   nu  = 4.2986
  rho=13.37314 (43/43)  [extra 23/50]
    fp=0.4715 tp=0.5098  [1.1s]
   nu  = 4.2986
  rho=10.49471 (44/44)  [extra 24/50]
    fp=0.5027 tp=0.5294  [1.2s]
   nu  = 4.2986
  rho=8.23583 (45/45)  [extra 25/50]
    fp=0.5285 tp=0.5588  [1.9s]
   nu  = 4.2986
  rho=6.46315 (46/46)  [extra 26/50]
    fp=0.5285 tp=0.5588  [0.1s]
   nu  = 4.2986
  rho=5.07202 (47/47)  [extra 27/50]
    fp=0.5883 tp=0.5784  [3.3s]
   nu  = 4.2986
  rho=3.98032 (48/48)  [extra 28/50]
    fp=0.5883 tp=0.5784  [0.0s]
   nu  = 4.2986
  rho=3.12359 (49/49)  [extra 29/50]
    fp=0.5883 tp=0.5784  [0.0s]
   nu  = 4.2986
  rho=2.45127 (50/50)  [extra 30/50]
    fp=0.5883 tp=0.5784  [0.0s]
   nu  = 4.2986
  rho=1.92366 (51/51)  [extra 31/50]
    fp=0.5883 tp=0.5784  [0.0s]
   nu  = 4.2986
  rho=1.50961 (52/52)  [extra 32/50]
    fp=0.5883 tp=0.5784  [0.0s]
   nu  = 4.2986
  rho=1.18468 (53/53)  [extra 33/50]
    fp=0.5883 tp=0.5784  [0.0s]
   nu  = 4.2986
  rho=0.92969 (54/54)  [extra 34/50]
    fp=0.5883 tp=0.5784  [0.0s]
   nu  = 4.2986
  rho=0.72958 (55/55)  [extra 35/50]
    fp=0.5883 tp=0.5784  [0.0s]
   nu  = 4.2986
  rho=0.57255 (56/56)  [extra 36/50]
    fp=0.5883 tp=0.5784  [0.0s]
   nu  = 4.2986
  rho=0.44931 (57/57)  [extra 37/50]
    fp=0.5883 tp=0.5784  [0.0s]
   nu  = 4.2986
  rho=0.35260 (58/58)  [extra 38/50]
    fp=0.5883 tp=0.5784  [0.0s]
   nu  = 4.2986
  rho=0.27671 (59/59)  [extra 39/50]
    fp=0.5883 tp=0.5784  [0.0s]
   nu  = 4.2986
  rho=0.21715 (60/60)  [extra 40/50]
    fp=0.5883 tp=0.5784  [0.0s]
   nu  = 4.2986
  rho=0.17041 (61/61)  [extra 41/50]
    fp=0.5883 tp=0.5784  [0.0s]
   nu  = 4.2986
  rho=0.13373 (62/62)  [extra 42/50]
    fp=0.5883 tp=0.5784  [0.0s]
   nu  = 4.2986
  rho=0.10495 (63/63)  [extra 43/50]
    fp=0.5883 tp=0.5784  [0.0s]
   nu  = 4.2986
  rho=0.08236 (64/64)  [extra 44/50]
    fp=0.5883 tp=0.5784  [0.0s]
   nu  = 4.2986
  rho=0.06463 (65/65)  [extra 45/50]
    fp=0.5883 tp=0.5784  [0.0s]
   nu  = 4.2986
  rho=0.05072 (66/66)  [extra 46/50]
    fp=0.5883 tp=0.5784  [0.0s]
   nu  = 4.2986
  rho=0.03980 (67/67)  [extra 47/50]
    fp=0.5883 tp=0.5784  [0.0s]
   nu  = 4.2986
  rho=0.03124 (68/68)  [extra 48/50]
    fp=0.5883 tp=0.5784  [0.0s]
   nu  = 4.2986
  rho=0.02451 (69/69)  [extra 49/50]
    fp=0.5883 tp=0.5784  [0.0s]
   nu  = 4.2986
  rho=0.01924 (70/70)  [extra 50/50]
    fp=0.5883 tp=0.5784  [0.0s]
   nu  = 4.2986
  [note] 41/70 fits hit a glasso ConvergenceWarning (suppressed)
  [warn] FPR stalled at 0.5883 < fp_end=0.7 after 50 extra fits (cap max_extra=50); the curve stops short of fp_end
  grid extended by 50 points down to rho=0.01924, ending at FPR 0.5883
  [warn] AUC integrates to fp_end=0.7 but the curve stops at FPR 0.5883; TPR held flat above that
  pilot fit of run_tstar_varlasso at rho=0.30349
  -> rho_max = max|S_ij| (off-diag) = 7.31897
  rho grid: [7.3189747  5.74363837 4.50737748 3.53720942 2.77586036 2.17838409
 1.70950863 1.34155395 1.05279783 0.8261936  0.64836366 0.50880985
 0.3992936  0.31334964 0.24590425 0.19297581 0.15143969 0.11884381
 0.09326386 0.07318975]
Running run_tstar_varlasso over 20 rho values, extending until FPR >= 0.7...
  rho=7.31897 (1/20)
    fp=0.0299 tp=0.0490  [0.1s]
   nu  = 4.2986
  rho=5.74364 (2/20)
    fp=0.0431 tp=0.0686  [0.1s]
   nu  = 4.2986
  rho=4.50738 (3/20)
    fp=0.0578 tp=0.0784  [0.1s]
   nu  = 4.2986
  rho=3.53721 (4/20)
    fp=0.0751 tp=0.1176  [0.1s]
   nu  = 4.2986
  rho=2.77586 (5/20)
    fp=0.0949 tp=0.1275  [0.1s]
   nu  = 4.2986
  rho=2.17838 (6/20)
    fp=0.1170 tp=0.1373  [0.1s]
   nu  = 4.2986
  rho=1.70951 (7/20)
    fp=0.1450 tp=0.1569  [0.1s]
   nu  = 4.2986
  rho=1.34155 (8/20)
    fp=0.1704 tp=0.1863  [0.1s]
   nu  = 4.2986
  rho=1.05280 (9/20)
    fp=0.2026 tp=0.2059  [0.2s]
   nu  = 4.2986
  rho=0.82619 (10/20)
    fp=0.2413 tp=0.2745  [0.2s]
   nu  = 4.2986
  rho=0.64836 (11/20)
    fp=0.2717 tp=0.3137  [0.2s]
   nu  = 4.2986
  rho=0.50881 (12/20)
    fp=0.3119 tp=0.3627  [0.2s]
   nu  = 4.2986
  rho=0.39929 (13/20)
    fp=0.3478 tp=0.4216  [0.2s]
   nu  = 4.2986
  rho=0.31335 (14/20)
    fp=0.3882 tp=0.4510  [0.2s]
   nu  = 4.2986
  rho=0.24590 (15/20)
    fp=0.4218 tp=0.4804  [0.2s]
   nu  = 4.2986
  rho=0.19298 (16/20)
    fp=0.4546 tp=0.5098  [0.3s]
   nu  = 4.2986
  rho=0.15144 (17/20)
    fp=0.4955 tp=0.5686  [0.4s]
   nu  = 4.2986
  rho=0.11884 (18/20)
    fp=0.5307 tp=0.5686  [0.4s]
   nu  = 4.2986
  rho=0.09326 (19/20)
    fp=0.5608 tp=0.6176  [0.4s]
   nu  = 4.2986
  rho=0.07319 (20/20)
    fp=0.5844 tp=0.6569  [0.5s]
   nu  = 4.2986
  rho=0.05744 (21/21)  [extra 1/50]
    fp=0.6060 tp=0.6863  [0.6s]
   nu  = 4.2986
  rho=0.04507 (22/22)  [extra 2/50]
    fp=0.6277 tp=0.6961  [0.6s]
   nu  = 4.2986
  rho=0.03537 (23/23)  [extra 3/50]
    fp=0.6512 tp=0.6961  [0.7s]
   nu  = 4.2986
  rho=0.02776 (24/24)  [extra 4/50]
    fp=0.6751 tp=0.7451  [1.0s]
   nu  = 4.2986
  rho=0.02178 (25/25)  [extra 5/50]
    fp=0.6947 tp=0.7647  [1.3s]
   nu  = 4.2986
  rho=0.01710 (26/26)  [extra 6/50]
    fp=0.7083 tp=0.7843  [1.4s]
   nu  = 4.2986
  FPR 0.7083 >= fp_end=0.7; stopping after 26 fits
  grid extended by 6 points down to rho=0.01710, ending at FPR 0.7083
  pilot fit of run_em_diagonal at rho=0.30349
  -> rho_max = max|S_ij| (off-diag) = 1.12568
  rho grid: [1.12568386 0.88339163 0.69325039 0.54403516 0.42693701 0.33504308
 0.2629284  0.20633568 0.16192398 0.12707146 0.09972059 0.07825673
 0.06141275 0.04819427 0.03782093 0.02968035 0.02329195 0.01827859
 0.01434431 0.01125684]
Running run_em_diagonal over 20 rho values, extending until FPR >= 0.7...
  rho=1.12568 (1/20)
    fp=0.0012 tp=0.0000  [5.9s]
   median nu  = 0.956
   median eta = 2.034
  rho=0.88339 (2/20)
    fp=0.0045 tp=0.0000  [6.0s]
   median nu  = 1.032
   median eta = 1.927
  rho=0.69325 (3/20)
    fp=0.0083 tp=0.0000  [6.1s]
   median nu  = 1.056
   median eta = 1.885
  rho=0.54404 (4/20)
    fp=0.0144 tp=0.0098  [6.1s]
   median nu  = 1.078
   median eta = 1.85
  rho=0.42694 (5/20)
    fp=0.0231 tp=0.0196  [6.2s]
   median nu  = 1.081
   median eta = 1.797
  rho=0.33504 (6/20)
    fp=0.0363 tp=0.0490  [6.3s]
   median nu  = 1.088
   median eta = 1.796
  rho=0.26293 (7/20)
    fp=0.0602 tp=0.0784  [6.1s]
   median nu  = 1.092
   median eta = 1.783
  rho=0.20634 (8/20)
    fp=0.0883 tp=0.1373  [6.1s]
   median nu  = 1.091
   median eta = 1.783
  rho=0.16192 (9/20)
    fp=0.1215 tp=0.1667  [6.0s]
   median nu  = 1.092
   median eta = 1.776
  rho=0.12707 (10/20)
    fp=0.1574 tp=0.2059  [5.9s]
   median nu  = 1.103
   median eta = 1.788
  rho=0.09972 (11/20)
    fp=0.1918 tp=0.2451  [5.8s]
   median nu  = 1.112
   median eta = 1.837
  rho=0.07826 (12/20)
    fp=0.2226 tp=0.2549  [5.7s]
   median nu  = 1.12
   median eta = 1.908
  rho=0.06141 (13/20)
    fp=0.2498 tp=0.2941  [5.8s]
   median nu  = 1.11
   median eta = 1.989
  rho=0.04819 (14/20)
    fp=0.2741 tp=0.3333  [5.7s]
   median nu  = 1.098
   median eta = 2.07
  rho=0.03782 (15/20)
    fp=0.2989 tp=0.3627  [5.5s]
   median nu  = 1.065
   median eta = 2.179
  rho=0.02968 (16/20)
    fp=0.3205 tp=0.3627  [5.7s]
   median nu  = 1.055
   median eta = 2.31
  rho=0.02329 (17/20)
    fp=0.3502 tp=0.3922  [5.7s]
   median nu  = 1.077
   median eta = 2.277
  rho=0.01828 (18/20)
    fp=0.3748 tp=0.4118  [5.4s]
   median nu  = 1.132
   median eta = 2.236
  rho=0.01434 (19/20)
    fp=0.3993 tp=0.4314  [5.2s]
   median nu  = 1.166
   median eta = 2.153
  rho=0.01126 (20/20)
    fp=0.4185 tp=0.4412  [5.2s]
   median nu  = 1.122
   median eta = 2.279
  rho=0.00883 (21/21)  [extra 1/50]
    fp=0.4435 tp=0.4510  [5.1s]
   median nu  = 1.206
   median eta = 2.019
  rho=0.00693 (22/22)  [extra 2/50]
    fp=0.4573 tp=0.4804  [5.1s]
   median nu  = 1.183
   median eta = 1.986
  rho=0.00544 (23/23)  [extra 3/50]
    fp=0.4860 tp=0.4902  [4.9s]
   median nu  = 1.242
   median eta = 1.849
  rho=0.00427 (24/24)  [extra 4/50]
    fp=0.4996 tp=0.4804  [4.9s]
   median nu  = 1.217
   median eta = 1.837
  rho=0.00335 (25/25)  [extra 5/50]
    fp=0.5285 tp=0.5294  [4.9s]
   median nu  = 1.224
   median eta = 1.8
  rho=0.00263 (26/26)  [extra 6/50]
    fp=0.5425 tp=0.5294  [4.9s]
   median nu  = 1.226
   median eta = 1.749
  rho=0.00206 (27/27)  [extra 7/50]
    fp=0.5831 tp=0.5588  [4.8s]
   median nu  = 1.229
   median eta = 1.737
  rho=0.00162 (28/28)  [extra 8/50]
    fp=0.5825 tp=0.5490  [4.9s]
   median nu  = 1.249
   median eta = 1.684
  rho=0.00127 (29/29)  [extra 9/50]
    fp=0.6302 tp=0.5784  [5.0s]
   median nu  = 1.257
   median eta = 1.674
  rho=0.00100 (30/30)  [extra 10/50]
    fp=0.6316 tp=0.5882  [4.8s]
   median nu  = 1.282
   median eta = 1.653
  rho=0.00078 (31/31)  [extra 11/50]
    fp=0.6747 tp=0.6176  [4.9s]
   median nu  = 1.284
   median eta = 1.588
  rho=0.00061 (32/32)  [extra 12/50]
    fp=0.6799 tp=0.6373  [4.9s]
   median nu  = 1.31
   median eta = 1.611
  rho=0.00048 (33/33)  [extra 13/50]
    fp=0.7267 tp=0.6471  [4.9s]
   median nu  = 1.317
   median eta = 1.542
  FPR 0.7267 >= fp_end=0.7; stopping after 33 fits
  [note] 11/33 fits hit a glasso ConvergenceWarning (suppressed)
  grid extended by 13 points down to rho=0.00048, ending at FPR 0.7267
  graphical_lasso rho_max = max|S_ij| (off-diag) = 1037444.98244
  rho grid: [1037444.98244405  814145.29366406  638908.63651759  501389.92265084
  393470.74083399  308780.08691105  242318.25184944  190161.66413698
  149231.26191012  117110.7206721    91903.80568248   72122.42782257
   56598.79431971   44416.46815227   34856.26623029   27353.80245344
   21466.16920236   16845.79030681   13219.90190172   10374.44982444]
Running graphical_lasso over 20 rho values, extending until FPR >= 0.7...
  rho=1037444.98244 (1/20)
    fp=0.0002 tp=0.0098  [5.0s]
  rho=814145.29366 (2/20)
    fp=0.0002 tp=0.0098  [5.0s]
  rho=638908.63652 (3/20)
    fp=0.0004 tp=0.0098  [5.1s]
  rho=501389.92265 (4/20)
    fp=0.0014 tp=0.0098  [5.3s]
  rho=393470.74083 (5/20)
    fp=0.0019 tp=0.0098  [4.9s]
  rho=308780.08691 (6/20)
    fp=0.0037 tp=0.0098  [4.9s]
  rho=242318.25185 (7/20)
    fp=0.0060 tp=0.0098  [5.3s]
  rho=190161.66414 (8/20)
    fp=0.0078 tp=0.0098  [5.2s]
  rho=149231.26191 (9/20)
    fp=0.0134 tp=0.0196  [5.1s]
  rho=117110.72067 (10/20)
    fp=0.0208 tp=0.0196  [5.1s]
  rho=91903.80568 (11/20)
    fp=0.0349 tp=0.0196  [5.0s]
  rho=72122.42782 (12/20)
    fp=0.0520 tp=0.0392  [5.0s]
  rho=56598.79432 (13/20)
    fp=0.0784 tp=0.0784  [5.2s]
  rho=44416.46815 (14/20)
    fp=0.1104 tp=0.1176  [5.0s]
  rho=34856.26623 (15/20)
    fp=0.1642 tp=0.1569  [5.0s]
  rho=27353.80245 (16/20)
    fp=0.2191 tp=0.2157  [5.1s]
  rho=21466.16920 (17/20)
    fp=0.2921 tp=0.2647  [5.0s]
  rho=16845.79031 (18/20)
    fp=0.3511 tp=0.3039  [5.0s]
  rho=13219.90190 (19/20)
    fp=0.1246 tp=0.1176  [5.1s]
  rho=10374.44982 (20/20)
    fp=0.0479 tp=0.0686  [4.9s]
  rho=8141.45294 (21/21)  [extra 1/50]
    fp=0.0258 tp=0.0294  [4.9s]
  rho=6389.08637 (22/22)  [extra 2/50]
    fp=0.0421 tp=0.0490  [4.9s]
  rho=5013.89923 (23/23)  [extra 3/50]
    fp=0.0448 tp=0.0588  [4.9s]
  rho=3934.70741 (24/24)  [extra 4/50]
    fp=0.0299 tp=0.0490  [4.9s]
  rho=3087.80087 (25/25)  [extra 5/50]
    fp=0.0369 tp=0.0294  [4.9s]
  rho=2423.18252 (26/26)  [extra 6/50]
    fp=0.0210 tp=0.0294  [4.9s]
  rho=1901.61664 (27/27)  [extra 7/50]
    fp=0.0291 tp=0.0392  [4.9s]
  rho=1492.31262 (28/28)  [extra 8/50]
    fp=0.0182 tp=0.0196  [4.9s]
  rho=1171.10721 (29/29)  [extra 9/50]
    fp=0.0177 tp=0.0196  [4.9s]
  rho=919.03806 (30/30)  [extra 10/50]
    fp=0.0206 tp=0.0294  [0.0s]
  rho=721.22428 (31/31)  [extra 11/50]
    fp=0.0221 tp=0.0294  [0.0s]
  rho=565.98794 (32/32)  [extra 12/50]
    fp=0.0264 tp=0.0294  [0.0s]
  rho=444.16468 (33/33)  [extra 13/50]
    fp=0.0320 tp=0.0392  [0.0s]
  rho=348.56266 (34/34)  [extra 14/50]
    fp=0.0367 tp=0.0392  [0.0s]
  rho=273.53802 (35/35)  [extra 15/50]
    fp=0.0408 tp=0.0588  [0.0s]
  rho=214.66169 (36/36)  [extra 16/50]
    fp=0.0483 tp=0.0588  [0.0s]
  rho=168.45790 (37/37)  [extra 17/50]
    fp=0.0536 tp=0.0588  [0.0s]
  rho=132.19902 (38/38)  [extra 18/50]
    fp=0.0602 tp=0.0686  [0.0s]
  rho=103.74450 (39/39)  [extra 19/50]
    fp=0.0679 tp=0.0980  [0.0s]
  rho=81.41453 (40/40)  [extra 20/50]
    fp=0.0784 tp=0.1078  [0.0s]
  rho=63.89086 (41/41)  [extra 21/50]
    fp=0.0881 tp=0.1078  [0.0s]
  rho=50.13899 (42/42)  [extra 22/50]
    fp=0.0990 tp=0.1176  [0.0s]
  rho=39.34707 (43/43)  [extra 23/50]
    fp=0.1095 tp=0.1176  [0.0s]
  rho=30.87801 (44/44)  [extra 24/50]
    fp=0.1267 tp=0.1275  [0.0s]
  rho=24.23183 (45/45)  [extra 25/50]
    fp=0.1407 tp=0.1569  [0.0s]
  rho=19.01617 (46/46)  [extra 26/50]
    fp=0.1564 tp=0.1863  [0.0s]
  rho=14.92313 (47/47)  [extra 27/50]
    fp=0.1772 tp=0.1863  [0.0s]
  rho=11.71107 (48/48)  [extra 28/50]
    fp=0.2026 tp=0.1863  [0.1s]
  rho=9.19038 (49/49)  [extra 29/50]
    fp=0.2275 tp=0.2157  [0.1s]
  rho=7.21224 (50/50)  [extra 30/50]
    fp=0.2550 tp=0.2451  [0.0s]
  rho=5.65988 (51/51)  [extra 31/50]
    fp=0.2824 tp=0.2647  [0.0s]
  rho=4.44165 (52/52)  [extra 32/50]
    fp=0.3137 tp=0.2941  [0.1s]
  rho=3.48563 (53/53)  [extra 33/50]
    fp=0.3455 tp=0.3333  [0.2s]
  rho=2.73538 (54/54)  [extra 34/50]
    fp=0.3740 tp=0.3922  [0.1s]
  rho=2.14662 (55/55)  [extra 35/50]
    fp=0.4142 tp=0.4216  [0.1s]
  rho=1.68458 (56/56)  [extra 36/50]
    fp=0.4478 tp=0.4608  [0.1s]
  rho=1.32199 (57/57)  [extra 37/50]
    fp=0.4771 tp=0.5196  [0.6s]
  rho=1.03744 (58/58)  [extra 38/50]
    fp=0.5085 tp=0.5490  [0.1s]
  rho=0.81415 (59/59)  [extra 39/50]
    fp=0.5373 tp=0.5392  [0.1s]
  rho=0.63891 (60/60)  [extra 40/50]
    fp=0.5666 tp=0.5588  [0.6s]
  rho=0.50139 (61/61)  [extra 41/50]
    fp=0.5951 tp=0.6078  [0.5s]
  rho=0.39347 (62/62)  [extra 42/50]
    fp=0.5951 tp=0.6078  [0.2s]
  rho=0.30878 (63/63)  [extra 43/50]
    fp=0.5951 tp=0.6078  [0.4s]
  rho=0.24232 (64/64)  [extra 44/50]
    fp=0.5951 tp=0.6078  [0.2s]
  rho=0.19016 (65/65)  [extra 45/50]
    fp=0.5951 tp=0.6078  [0.1s]
  rho=0.14923 (66/66)  [extra 46/50]
    fp=0.5951 tp=0.6078  [0.1s]
  rho=0.11711 (67/67)  [extra 47/50]
    fp=0.5951 tp=0.6078  [0.4s]
  rho=0.09190 (68/68)  [extra 48/50]
    fp=0.5951 tp=0.6078  [0.2s]
  rho=0.07212 (69/69)  [extra 49/50]
    fp=0.5951 tp=0.6078  [0.4s]
  rho=0.05660 (70/70)  [extra 50/50]
    fp=0.5951 tp=0.6078  [0.4s]
  [note] 39/70 fits hit a glasso ConvergenceWarning (suppressed)
  [warn] FPR stalled at 0.5951 < fp_end=0.7 after 50 extra fits (cap max_extra=50); the curve stops short of fp_end
  grid extended by 50 points down to rho=0.05660, ending at FPR 0.5951
  [warn] AUC integrates to fp_end=0.7 but the curve stops at FPR 0.5951; TPR held flat above that
  [warn] mean_roc averages out to FPR 0.700 but the shortest replicate only reached 0.466; its TPR is held flat above that
  [warn] mean_roc averages out to FPR 0.700 but the shortest replicate only reached 0.373; its TPR is held flat above that

(p=100, n=50) over 2 replicates
  Asymmetric model (Diagonal): AUC = 0.263 (SE 0.008)
  Classical t-model (TLASSO): AUC = 0.229 (SE 0.015)
  Alternative t-model (TSTAR_VARLASSO): AUC = 0.256 (SE 0.020)
  Naive Gaussian glasso (GGM): AUC = 0.233 (SE 0.011)
Replicate 3/50
  pilot fit of run_tlasso at rho=0.30349
  -> rho_max = max|S_ij| (off-diag) = 48201.01339
  [note] pilot fit hit a glasso ConvergenceWarning (suppressed)
  rho grid: [48201.01339007 37826.2258389  29684.50786784 23295.21351427
 18281.15106679 14346.31556916 11258.41418071  8835.15277866
  6933.47423263  5441.11303323  4269.96770264  3350.89972772
  2629.65197098  2063.64560278  1619.46646205  1270.89245275
   997.34552354   782.67684348   614.21345649   482.0101339 ]
Running run_tlasso over 20 rho values, extending until FPR >= 0.7...
  rho=48201.01339 (1/20)
    fp=0.0006 tp=0.0000  [5.4s]
   nu  = 4.2986
  rho=37826.22584 (2/20)
    fp=0.0008 tp=0.0000  [0.5s]
   nu  = 4.2986
  rho=29684.50787 (3/20)
    fp=0.0010 tp=0.0000  [0.0s]
   nu  = 4.2986
  rho=23295.21351 (4/20)
    fp=0.0014 tp=0.0000  [0.0s]
   nu  = 4.2986
  rho=18281.15107 (5/20)
    fp=0.0019 tp=0.0000  [0.0s]
   nu  = 4.2986
  rho=14346.31557 (6/20)
    fp=0.0035 tp=0.0000  [0.0s]
   nu  = 4.2986
  rho=11258.41418 (7/20)
    fp=0.0047 tp=0.0098  [0.0s]
   nu  = 4.2986
  rho=8835.15278 (8/20)
    fp=0.0068 tp=0.0098  [0.0s]
   nu  = 4.2986
  rho=6933.47423 (9/20)
    fp=0.0095 tp=0.0098  [0.0s]
   nu  = 4.2986
  rho=5441.11303 (10/20)
    fp=0.0113 tp=0.0196  [0.0s]
   nu  = 4.2986
  rho=4269.96770 (11/20)
    fp=0.0130 tp=0.0196  [0.0s]
   nu  = 4.2986
  rho=3350.89973 (12/20)
    fp=0.0153 tp=0.0196  [0.0s]
   nu  = 4.2986
  rho=2629.65197 (13/20)
    fp=0.0192 tp=0.0196  [0.1s]
   nu  = 4.2986
  rho=2063.64560 (14/20)
    fp=0.0241 tp=0.0196  [0.1s]
   nu  = 4.2986
  rho=1619.46646 (15/20)
    fp=0.0297 tp=0.0196  [0.0s]
   nu  = 4.2986
  rho=1270.89245 (16/20)
    fp=0.0361 tp=0.0196  [0.0s]
   nu  = 4.2986
  rho=997.34552 (17/20)
    fp=0.0421 tp=0.0196  [0.1s]
   nu  = 4.2986
  rho=782.67684 (18/20)
    fp=0.0514 tp=0.0196  [0.1s]
   nu  = 4.2986
  rho=614.21346 (19/20)
    fp=0.0602 tp=0.0294  [0.1s]
   nu  = 4.2986
  rho=482.01013 (20/20)
    fp=0.0736 tp=0.0392  [0.1s]
   nu  = 4.2986
  rho=378.26226 (21/21)  [extra 1/50]
    fp=0.0885 tp=0.0490  [0.1s]
   nu  = 4.2986
  rho=296.84508 (22/22)  [extra 2/50]
    fp=0.1046 tp=0.0588  [0.1s]
   nu  = 4.2986
  rho=232.95214 (23/23)  [extra 3/50]
    fp=0.1223 tp=0.0882  [0.1s]
   nu  = 4.2986
  rho=182.81151 (24/24)  [extra 4/50]
    fp=0.1502 tp=0.1471  [0.1s]
   nu  = 4.2986
  rho=143.46316 (25/25)  [extra 5/50]
    fp=0.1718 tp=0.1569  [0.1s]
   nu  = 4.2986
  rho=112.58414 (26/26)  [extra 6/50]
    fp=0.1974 tp=0.1863  [0.1s]
   nu  = 4.2986
  rho=88.35153 (27/27)  [extra 7/50]
    fp=0.2273 tp=0.1961  [0.1s]
   nu  = 4.2986
  rho=69.33474 (28/28)  [extra 8/50]
    fp=0.2533 tp=0.2255  [0.2s]
   nu  = 4.2986
  rho=54.41113 (29/29)  [extra 9/50]
    fp=0.2797 tp=0.2549  [0.2s]
   nu  = 4.2986
  rho=42.69968 (30/30)  [extra 10/50]
    fp=0.3135 tp=0.2745  [0.3s]
   nu  = 4.2986
  rho=33.50900 (31/31)  [extra 11/50]
    fp=0.3461 tp=0.3235  [0.3s]
   nu  = 4.2986
  rho=26.29652 (32/32)  [extra 12/50]
    fp=0.3824 tp=0.3529  [0.4s]
   nu  = 4.2986
  rho=20.63646 (33/33)  [extra 13/50]
    fp=0.4160 tp=0.3627  [0.4s]
   nu  = 4.2986
  rho=16.19466 (34/34)  [extra 14/50]
    fp=0.4488 tp=0.4118  [0.6s]
   nu  = 4.2986
  rho=12.70892 (35/35)  [extra 15/50]
    fp=0.4808 tp=0.4706  [0.7s]
   nu  = 4.2986
  rho=9.97346 (36/36)  [extra 16/50]
    fp=0.5190 tp=0.5000  [0.8s]
   nu  = 4.2986
  rho=7.82677 (37/37)  [extra 17/50]
    fp=0.5555 tp=0.5196  [1.0s]
   nu  = 4.2986
  rho=6.14213 (38/38)  [extra 18/50]
    fp=0.5862 tp=0.5588  [1.4s]
   nu  = 4.2986
  rho=4.82010 (39/39)  [extra 19/50]
    fp=0.6190 tp=0.5980  [1.8s]
   nu  = 4.2986
  rho=3.78262 (40/40)  [extra 20/50]
    fp=0.6475 tp=0.5882  [2.2s]
   nu  = 4.2986
  rho=2.96845 (41/41)  [extra 21/50]
    fp=0.6475 tp=0.5882  [0.1s]
   nu  = 4.2986
  rho=2.32952 (42/42)  [extra 22/50]
    fp=0.6475 tp=0.5882  [0.1s]
   nu  = 4.2986
  rho=1.82812 (43/43)  [extra 23/50]
    fp=0.6475 tp=0.5882  [0.1s]
   nu  = 4.2986
  rho=1.43463 (44/44)  [extra 24/50]
    fp=0.6475 tp=0.5882  [0.0s]
   nu  = 4.2986
  rho=1.12584 (45/45)  [extra 25/50]
    fp=0.6475 tp=0.5882  [0.0s]
   nu  = 4.2986
  rho=0.88352 (46/46)  [extra 26/50]
    fp=0.6475 tp=0.5882  [0.0s]
   nu  = 4.2986
  rho=0.69335 (47/47)  [extra 27/50]
    fp=0.6475 tp=0.5882  [0.0s]
   nu  = 4.2986
  rho=0.54411 (48/48)  [extra 28/50]
    fp=0.6475 tp=0.5882  [0.0s]
   nu  = 4.2986
  rho=0.42700 (49/49)  [extra 29/50]
    fp=0.6475 tp=0.5882  [0.0s]
   nu  = 4.2986
  rho=0.33509 (50/50)  [extra 30/50]
    fp=0.6475 tp=0.5882  [0.0s]
   nu  = 4.2986
  rho=0.26297 (51/51)  [extra 31/50]
    fp=0.6475 tp=0.5882  [0.0s]
   nu  = 4.2986
  rho=0.20636 (52/52)  [extra 32/50]
    fp=0.6475 tp=0.5882  [0.0s]
   nu  = 4.2986
  rho=0.16195 (53/53)  [extra 33/50]
    fp=0.6475 tp=0.5882  [0.0s]
   nu  = 4.2986
  rho=0.12709 (54/54)  [extra 34/50]
    fp=0.6475 tp=0.5882  [0.0s]
   nu  = 4.2986
  rho=0.09973 (55/55)  [extra 35/50]
    fp=0.6475 tp=0.5882  [0.0s]
   nu  = 4.2986
  rho=0.07827 (56/56)  [extra 36/50]
    fp=0.6475 tp=0.5882  [0.0s]
   nu  = 4.2986
  rho=0.06142 (57/57)  [extra 37/50]
    fp=0.6475 tp=0.5882  [0.0s]
   nu  = 4.2986
  rho=0.04820 (58/58)  [extra 38/50]
    fp=0.6475 tp=0.5882  [0.0s]
   nu  = 4.2986
  rho=0.03783 (59/59)  [extra 39/50]
    fp=0.6475 tp=0.5882  [0.0s]
   nu  = 4.2986
  rho=0.02968 (60/60)  [extra 40/50]
    fp=0.6475 tp=0.5882  [0.0s]
   nu  = 4.2986
  rho=0.02330 (61/61)  [extra 41/50]
    fp=0.6475 tp=0.5882  [0.0s]
   nu  = 4.2986
  rho=0.01828 (62/62)  [extra 42/50]
    fp=0.6475 tp=0.5882  [0.0s]
   nu  = 4.2986
  rho=0.01435 (63/63)  [extra 43/50]
    fp=0.6475 tp=0.5882  [0.0s]
   nu  = 4.2986
  rho=0.01126 (64/64)  [extra 44/50]
    fp=0.6475 tp=0.5882  [0.0s]
   nu  = 4.2986
  rho=0.00884 (65/65)  [extra 45/50]
    fp=0.6475 tp=0.5882  [0.0s]
   nu  = 4.2986
  rho=0.00693 (66/66)  [extra 46/50]
    fp=0.6475 tp=0.5882  [0.0s]
   nu  = 4.2986
  rho=0.00544 (67/67)  [extra 47/50]
    fp=0.6475 tp=0.5882  [0.0s]
   nu  = 4.2986
  rho=0.00427 (68/68)  [extra 48/50]
    fp=0.6475 tp=0.5882  [0.0s]
   nu  = 4.2986
  rho=0.00335 (69/69)  [extra 49/50]
    fp=0.6475 tp=0.5882  [0.0s]
   nu  = 4.2986
  rho=0.00263 (70/70)  [extra 50/50]
    fp=0.6475 tp=0.5882  [0.0s]
   nu  = 4.2986
  [note] 37/70 fits hit a glasso ConvergenceWarning (suppressed)
  [warn] FPR stalled at 0.6475 < fp_end=0.7 after 50 extra fits (cap max_extra=50); the curve stops short of fp_end
  grid extended by 50 points down to rho=0.00263, ending at FPR 0.6475
  [warn] AUC integrates to fp_end=0.7 but the curve stops at FPR 0.6475; TPR held flat above that
  pilot fit of run_tstar_varlasso at rho=0.30349
  -> rho_max = max|S_ij| (off-diag) = 10.79678
  rho grid: [10.79678085  8.47288142  6.64917817  5.21800886  4.09488448  3.21350142
  2.52182728  1.9790291   1.55306282  1.21878153  0.95645096  0.75058443
  0.58902861  0.46224608  0.36275222  0.28467342  0.2234003   0.17531562
  0.13758068  0.10796781]
Running run_tstar_varlasso over 20 rho values, extending until FPR >= 0.7...
  rho=10.79678 (1/20)
    fp=0.0219 tp=0.0196  [0.1s]
   nu  = 4.2986
  rho=8.47288 (2/20)
    fp=0.0301 tp=0.0392  [0.1s]
   nu  = 4.2986
  rho=6.64918 (3/20)
    fp=0.0431 tp=0.0490  [0.1s]
   nu  = 4.2986
  rho=5.21801 (4/20)
    fp=0.0571 tp=0.0588  [0.1s]
   nu  = 4.2986
  rho=4.09488 (5/20)
    fp=0.0743 tp=0.0686  [0.1s]
   nu  = 4.2986
  rho=3.21350 (6/20)
    fp=0.0939 tp=0.0882  [0.1s]
   nu  = 4.2986
  rho=2.52183 (7/20)
    fp=0.1198 tp=0.1078  [0.1s]
   nu  = 4.2986
  rho=1.97903 (8/20)
    fp=0.1411 tp=0.1078  [0.1s]
   nu  = 4.2986
  rho=1.55306 (9/20)
    fp=0.1663 tp=0.1373  [0.1s]
   nu  = 4.2986
  rho=1.21878 (10/20)
    fp=0.1974 tp=0.1863  [0.1s]
   nu  = 4.2986
  rho=0.95645 (11/20)
    fp=0.2339 tp=0.2255  [0.2s]
   nu  = 4.2986
  rho=0.75058 (12/20)
    fp=0.2733 tp=0.2549  [0.2s]
   nu  = 4.2986
  rho=0.58903 (13/20)
    fp=0.3065 tp=0.2941  [0.2s]
   nu  = 4.2986
  rho=0.46225 (14/20)
    fp=0.3354 tp=0.3431  [0.2s]
   nu  = 4.2986
  rho=0.36275 (15/20)
    fp=0.3678 tp=0.3725  [0.3s]
   nu  = 4.2986
  rho=0.28467 (16/20)
    fp=0.4047 tp=0.3922  [0.3s]
   nu  = 4.2986
  rho=0.22340 (17/20)
    fp=0.4406 tp=0.4020  [0.4s]
   nu  = 4.2986
  rho=0.17532 (18/20)
    fp=0.4726 tp=0.4118  [0.4s]
   nu  = 4.2986
  rho=0.13758 (19/20)
    fp=0.5095 tp=0.4118  [0.5s]
   nu  = 4.2986
  rho=0.10797 (20/20)
    fp=0.5417 tp=0.4608  [0.5s]
   nu  = 4.2986
  rho=0.08473 (21/21)  [extra 1/50]
    fp=0.5662 tp=0.4902  [0.6s]
   nu  = 4.2986
  rho=0.06649 (22/22)  [extra 2/50]
    fp=0.5914 tp=0.5588  [0.6s]
   nu  = 4.2986
  rho=0.05218 (23/23)  [extra 3/50]
    fp=0.6153 tp=0.5686  [0.7s]
   nu  = 4.2986
  rho=0.04095 (24/24)  [extra 4/50]
    fp=0.6363 tp=0.6078  [0.8s]
   nu  = 4.2986
  rho=0.03214 (25/25)  [extra 5/50]
    fp=0.6522 tp=0.6275  [0.8s]
   nu  = 4.2986
  rho=0.02522 (26/26)  [extra 6/50]
    fp=0.6749 tp=0.6667  [0.8s]
   nu  = 4.2986
  rho=0.01979 (27/27)  [extra 7/50]
    fp=0.6974 tp=0.6569  [1.0s]
   nu  = 4.2986
  rho=0.01553 (28/28)  [extra 8/50]
    fp=0.7125 tp=0.6863  [1.3s]
   nu  = 4.2986
  FPR 0.7125 >= fp_end=0.7; stopping after 28 fits
  grid extended by 8 points down to rho=0.01553, ending at FPR 0.7125
  pilot fit of run_em_diagonal at rho=0.30349
  -> rho_max = max|S_ij| (off-diag) = 0.79238
  rho grid: [0.79237944 0.62182766 0.48798546 0.38295145 0.30052497 0.23583997
 0.18507777 0.14524162 0.11397981 0.08944679 0.07019426 0.05508565
 0.04322901 0.0339244  0.02662251 0.02089228 0.01639542 0.01286647
 0.01009709 0.00792379]
Running run_em_diagonal over 20 rho values, extending until FPR >= 0.7...
  rho=0.79238 (1/20)
    fp=0.0029 tp=0.0000  [6.4s]
   median nu  = 1.043
   median eta = 2.289
  rho=0.62183 (2/20)
    fp=0.0062 tp=0.0000  [6.2s]
   median nu  = 1.055
   median eta = 2.143
  rho=0.48799 (3/20)
    fp=0.0136 tp=0.0294  [6.2s]
   median nu  = 1.071
   median eta = 1.992
  rho=0.38295 (4/20)
    fp=0.0219 tp=0.0294  [6.5s]
   median nu  = 1.073
   median eta = 1.886
  rho=0.30052 (5/20)
    fp=0.0353 tp=0.0588  [6.2s]
   median nu  = 1.073
   median eta = 1.878
  rho=0.23584 (6/20)
    fp=0.0542 tp=0.0686  [6.2s]
   median nu  = 1.09
   median eta = 1.864
  rho=0.18508 (7/20)
    fp=0.0831 tp=0.0784  [6.1s]
   median nu  = 1.088
   median eta = 1.894
  rho=0.14524 (8/20)
    fp=0.1128 tp=0.0882  [6.0s]
   median nu  = 1.08
   median eta = 1.921
  rho=0.11398 (9/20)
    fp=0.1444 tp=0.0980  [6.0s]
   median nu  = 1.088
   median eta = 1.901
  rho=0.08945 (10/20)
    fp=0.1737 tp=0.1471  [6.1s]
   median nu  = 1.105
   median eta = 1.9
  rho=0.07019 (11/20)
    fp=0.2044 tp=0.1471  [6.0s]
   median nu  = 1.128
   median eta = 1.991
  rho=0.05509 (12/20)
    fp=0.2364 tp=0.1569  [5.9s]
   median nu  = 1.139
   median eta = 1.955
  rho=0.04323 (13/20)
    fp=0.2679 tp=0.1961  [5.8s]
   median nu  = 1.155
   median eta = 1.972
  rho=0.03392 (14/20)
    fp=0.2972 tp=0.2549  [5.5s]
   median nu  = 1.146
   median eta = 2.031
  rho=0.02662 (15/20)
    fp=0.3210 tp=0.2941  [5.6s]
   median nu  = 1.124
   median eta = 2.053
  rho=0.02089 (16/20)
    fp=0.3482 tp=0.3137  [5.4s]
   median nu  = 1.123
   median eta = 1.989
  rho=0.01640 (17/20)
    fp=0.3756 tp=0.3333  [5.3s]
   median nu  = 1.121
   median eta = 2.184
  rho=0.01287 (18/20)
    fp=0.4004 tp=0.3627  [5.1s]
   median nu  = 1.134
   median eta = 2.067
  rho=0.01010 (19/20)
    fp=0.4243 tp=0.3824  [5.1s]
   median nu  = 1.157
   median eta = 2.054
  rho=0.00792 (20/20)
    fp=0.4536 tp=0.4020  [5.0s]
   median nu  = 1.177
   median eta = 2.092
  rho=0.00622 (21/21)  [extra 1/50]
    fp=0.4802 tp=0.4314  [4.9s]
   median nu  = 1.196
   median eta = 2.074
  rho=0.00488 (22/22)  [extra 2/50]
    fp=0.5029 tp=0.4216  [5.0s]
   median nu  = 1.231
   median eta = 2.046
  rho=0.00383 (23/23)  [extra 3/50]
    fp=0.5281 tp=0.4510  [5.0s]
   median nu  = 1.286
   median eta = 2.019
  rho=0.00301 (24/24)  [extra 4/50]
    fp=0.5530 tp=0.4608  [4.9s]
   median nu  = 1.297
   median eta = 2.009
  rho=0.00236 (25/25)  [extra 5/50]
