Replicate 1/50
rho grid: [0.60454837 0.51578123 0.44004797 0.37543478 0.32030888 0.27327724
 0.23315136 0.19891724 0.1697098  0.14479094 0.12353098 0.10539266
 0.08991763 0.07671483 0.06545063 0.05584037 0.04764121 0.04064595
 0.03467782 0.029586   0.02524182 0.02153551 0.01837341 0.0156756
 0.01337392 0.0114102  0.00973481 0.00830543 0.00708593 0.00604548]
Running run_tlasso over 30 rho values...
  rho=0.60455 (1/30)
max|S_ij| (off-diag): 0.6389358604093173, rho: 0.6045483672624018
max|S_ij| (off-diag): 1.143369957561399, rho: 0.6045483672624018
/Users/haoding/Projects/asym-model-simulation/.venv/lib/python3.12/site-packages/sklearn/covariance/_graph_lasso.py:199: ConvergenceWarning: graphical_lasso: did not converge after 200 iteration: dual gap: -1.734e-03
  warnings.warn(
max|S_ij| (off-diag): 1.659124974792707, rho: 0.6045483672624018
/Users/haoding/Projects/asym-model-simulation/.venv/lib/python3.12/site-packages/sklearn/covariance/_graph_lasso.py:199: ConvergenceWarning: graphical_lasso: did not converge after 200 iteration: dual gap: -2.162e-03
  warnings.warn(
max|S_ij| (off-diag): 2.186972069979422, rho: 0.6045483672624018
max|S_ij| (off-diag): 2.7952675492762165, rho: 0.6045483672624018
/Users/haoding/Projects/asym-model-simulation/.venv/lib/python3.12/site-packages/sklearn/covariance/_graph_lasso.py:199: ConvergenceWarning: graphical_lasso: did not converge after 200 iteration: dual gap: -1.009e-03
  warnings.warn(
max|S_ij| (off-diag): 3.546850794393198, rho: 0.6045483672624018
max|S_ij| (off-diag): 4.446574404306629, rho: 0.6045483672624018
max|S_ij| (off-diag): 5.414258953579841, rho: 0.6045483672624018
max|S_ij| (off-diag): 6.357898573331095, rho: 0.6045483672624018
max|S_ij| (off-diag): 7.163549499506583, rho: 0.6045483672624018
max|S_ij| (off-diag): 7.773632399889677, rho: 0.6045483672624018
max|S_ij| (off-diag): 8.200164187309214, rho: 0.6045483672624018
max|S_ij| (off-diag): 8.484651213427362, rho: 0.6045483672624018
max|S_ij| (off-diag): 8.665761759874744, rho: 0.6045483672624018
max|S_ij| (off-diag): 8.77768372287, rho: 0.6045483672624018
max|S_ij| (off-diag): 8.84746918110487, rho: 0.6045483672624018
max|S_ij| (off-diag): 8.89171361108573, rho: 0.6045483672624018
max|S_ij| (off-diag): 8.916646135332316, rho: 0.6045483672624018
max|S_ij| (off-diag): 8.931955991591064, rho: 0.6045483672624018
max|S_ij| (off-diag): 8.942400549565543, rho: 0.6045483672624018
max|S_ij| (off-diag): 8.948703648769026, rho: 0.6045483672624018
max|S_ij| (off-diag): 8.952264783475043, rho: 0.6045483672624018
max|S_ij| (off-diag): 8.955007557088459, rho: 0.6045483672624018
max|S_ij| (off-diag): 8.956928663406622, rho: 0.6045483672624018
max|S_ij| (off-diag): 8.957655284667277, rho: 0.6045483672624018
max|S_ij| (off-diag): 8.958199871550026, rho: 0.6045483672624018
max|S_ij| (off-diag): 8.958641869049092, rho: 0.6045483672624018
max|S_ij| (off-diag): 8.95927706979728, rho: 0.6045483672624018
max|S_ij| (off-diag): 8.960069281630627, rho: 0.6045483672624018
max|S_ij| (off-diag): 8.959608561271496, rho: 0.6045483672624018
max|S_ij| (off-diag): 8.958973173829962, rho: 0.6045483672624018
max|S_ij| (off-diag): 8.95992301457885, rho: 0.6045483672624018
max|S_ij| (off-diag): 8.959584180069054, rho: 0.6045483672624018
max|S_ij| (off-diag): 8.960182922041371, rho: 0.6045483672624018
max|S_ij| (off-diag): 8.960073596796844, rho: 0.6045483672624018
max|S_ij| (off-diag): 8.959772464849255, rho: 0.6045483672624018
max|S_ij| (off-diag): 8.961335658609256, rho: 0.6045483672624018
max|S_ij| (off-diag): 8.961132549359501, rho: 0.6045483672624018
max|S_ij| (off-diag): 8.961644040680213, rho: 0.6045483672624018
max|S_ij| (off-diag): 8.961576887795156, rho: 0.6045483672624018
max|S_ij| (off-diag): 8.959449747707685, rho: 0.6045483672624018
max|S_ij| (off-diag): 8.958386634973385, rho: 0.6045483672624018
max|S_ij| (off-diag): 8.957633267350028, rho: 0.6045483672624018
max|S_ij| (off-diag): 8.95912256571905, rho: 0.6045483672624018
max|S_ij| (off-diag): 8.960561944703294, rho: 0.6045483672624018
max|S_ij| (off-diag): 8.959069677561244, rho: 0.6045483672624018
max|S_ij| (off-diag): 8.957089308665005, rho: 0.6045483672624018
max|S_ij| (off-diag): 8.956949643700469, rho: 0.6045483672624018
max|S_ij| (off-diag): 8.959629116245168, rho: 0.6045483672624018
max|S_ij| (off-diag): 8.957417918484541, rho: 0.6045483672624018
max|S_ij| (off-diag): 8.958707107274376, rho: 0.6045483672624018
max|S_ij| (off-diag): 8.95919143021603, rho: 0.6045483672624018
max|S_ij| (off-diag): 8.961794436110699, rho: 0.6045483672624018
max|S_ij| (off-diag): 8.959337693354195, rho: 0.6045483672624018
max|S_ij| (off-diag): 8.958081271800992, rho: 0.6045483672624018
max|S_ij| (off-diag): 8.95868236912144, rho: 0.6045483672624018
max|S_ij| (off-diag): 8.958068990101738, rho: 0.6045483672624018
max|S_ij| (off-diag): 8.961050840741102, rho: 0.6045483672624018
max|S_ij| (off-diag): 8.960269330151872, rho: 0.6045483672624018
max|S_ij| (off-diag): 8.96248766428527, rho: 0.6045483672624018
max|S_ij| (off-diag): 8.960124875182583, rho: 0.6045483672624018
max|S_ij| (off-diag): 8.962113567430093, rho: 0.6045483672624018
max|S_ij| (off-diag): 8.962453924065807, rho: 0.6045483672624018
max|S_ij| (off-diag): 8.961019072021855, rho: 0.6045483672624018
max|S_ij| (off-diag): 8.95923496914303, rho: 0.6045483672624018
max|S_ij| (off-diag): 8.958314168054738, rho: 0.6045483672624018
max|S_ij| (off-diag): 8.957819368693483, rho: 0.6045483672624018
max|S_ij| (off-diag): 8.957548685240532, rho: 0.6045483672624018
max|S_ij| (off-diag): 8.957364744841321, rho: 0.6045483672624018
max|S_ij| (off-diag): 8.958471647696758, rho: 0.6045483672624018
max|S_ij| (off-diag): 8.957459301894323, rho: 0.6045483672624018
max|S_ij| (off-diag): 8.958324003536285, rho: 0.6045483672624018
max|S_ij| (off-diag): 8.95824484745616, rho: 0.6045483672624018
max|S_ij| (off-diag): 8.959652940087432, rho: 0.6045483672624018
max|S_ij| (off-diag): 8.958518597443343, rho: 0.6045483672624018
max|S_ij| (off-diag): 8.958280774058599, rho: 0.6045483672624018
max|S_ij| (off-diag): 8.95863140313625, rho: 0.6045483672624018
max|S_ij| (off-diag): 8.957834221832636, rho: 0.6045483672624018
max|S_ij| (off-diag): 8.957483983675504, rho: 0.6045483672624018
max|S_ij| (off-diag): 8.957327398310042, rho: 0.6045483672624018
max|S_ij| (off-diag): 8.959300153123204, rho: 0.6045483672624018
max|S_ij| (off-diag): 8.958334371916296, rho: 0.6045483672624018
max|S_ij| (off-diag): 8.957830692877353, rho: 0.6045483672624018
max|S_ij| (off-diag): 8.95755755864576, rho: 0.6045483672624018
max|S_ij| (off-diag): 8.957371236999172, rho: 0.6045483672624018
max|S_ij| (off-diag): 8.957232001727386, rho: 0.6045483672624018
max|S_ij| (off-diag): 8.957191382520081, rho: 0.6045483672624018
max|S_ij| (off-diag): 8.958223406408123, rho: 0.6045483672624018
max|S_ij| (off-diag): 8.96026281344808, rho: 0.6045483672624018
max|S_ij| (off-diag): 8.95887722936893, rho: 0.6045483672624018
max|S_ij| (off-diag): 8.958159552067851, rho: 0.6045483672624018
max|S_ij| (off-diag): 8.960697932863717, rho: 0.6045483672624018
max|S_ij| (off-diag): 8.960540220673085, rho: 0.6045483672624018
max|S_ij| (off-diag): 8.960575897670271, rho: 0.6045483672624018
max|S_ij| (off-diag): 8.960390869613333, rho: 0.6045483672624018
max|S_ij| (off-diag): 8.960468459310292, rho: 0.6045483672624018
max|S_ij| (off-diag): 8.95828356589133, rho: 0.6045483672624018
max|S_ij| (off-diag): 8.958748154880219, rho: 0.6045483672624018
max|S_ij| (off-diag): 8.958847054650516, rho: 0.6045483672624018
max|S_ij| (off-diag): 8.95935425093397, rho: 0.6045483672624018
max|S_ij| (off-diag): 8.959116030246426, rho: 0.6045483672624018
max|S_ij| (off-diag): 8.958807073549472, rho: 0.6045483672624018
max|S_ij| (off-diag): 8.960347682907512, rho: 0.6045483672624018
max|S_ij| (off-diag): 8.95856589835912, rho: 0.6045483672624018
max|S_ij| (off-diag): 8.957633546565434, rho: 0.6045483672624018
max|S_ij| (off-diag): 8.95712625334705, rho: 0.6045483672624018
max|S_ij| (off-diag): 8.956841993422252, rho: 0.6045483672624018
max|S_ij| (off-diag): 8.956987553853665, rho: 0.6045483672624018
max|S_ij| (off-diag): 8.959381600224738, rho: 0.6045483672624018
max|S_ij| (off-diag): 8.958248953109171, rho: 0.6045483672624018
max|S_ij| (off-diag): 8.957675692436691, rho: 0.6045483672624018
max|S_ij| (off-diag): 8.957421683412, rho: 0.6045483672624018
max|S_ij| (off-diag): 8.957307615057406, rho: 0.6045483672624018
max|S_ij| (off-diag): 8.95721285456347, rho: 0.6045483672624018
max|S_ij| (off-diag): 8.958376590807857, rho: 0.6045483672624018
max|S_ij| (off-diag): 8.957402040325604, rho: 0.6045483672624018
max|S_ij| (off-diag): 8.958288218105823, rho: 0.6045483672624018
max|S_ij| (off-diag): 8.958732674908743, rho: 0.6045483672624018
max|S_ij| (off-diag): 8.960155853461243, rho: 0.6045483672624018
max|S_ij| (off-diag): 8.958561342065465, rho: 0.6045483672624018
max|S_ij| (off-diag): 8.957985824779918, rho: 0.6045483672624018
max|S_ij| (off-diag): 8.958693833731719, rho: 0.6045483672624018
max|S_ij| (off-diag): 8.958547938951062, rho: 0.6045483672624018
max|S_ij| (off-diag): 8.959500195669568, rho: 0.6045483672624018
max|S_ij| (off-diag): 8.958658742647566, rho: 0.6045483672624018
max|S_ij| (off-diag): 8.957934567075307, rho: 0.6045483672624018
max|S_ij| (off-diag): 8.957585727043881, rho: 0.6045483672624018
max|S_ij| (off-diag): 8.957409602689127, rho: 0.6045483672624018
max|S_ij| (off-diag): 8.958353569878112, rho: 0.6045483672624018
max|S_ij| (off-diag): 8.959270367357123, rho: 0.6045483672624018
max|S_ij| (off-diag): 8.959033425485801, rho: 0.6045483672624018
max|S_ij| (off-diag): 8.960437101721851, rho: 0.6045483672624018
max|S_ij| (off-diag): 8.961600626942408, rho: 0.6045483672624018
max|S_ij| (off-diag): 8.961534916776934, rho: 0.6045483672624018
max|S_ij| (off-diag): 8.95911180317772, rho: 0.6045483672624018
max|S_ij| (off-diag): 8.960110541759612, rho: 0.6045483672624018
max|S_ij| (off-diag): 8.95864440558305, rho: 0.6045483672624018
max|S_ij| (off-diag): 8.95791244059689, rho: 0.6045483672624018
max|S_ij| (off-diag): 8.957683372020721, rho: 0.6045483672624018
max|S_ij| (off-diag): 8.958548557499295, rho: 0.6045483672624018
max|S_ij| (off-diag): 8.958277729633318, rho: 0.6045483672624018
max|S_ij| (off-diag): 8.957668934135631, rho: 0.6045483672624018
max|S_ij| (off-diag): 8.957471606907358, rho: 0.6045483672624018
max|S_ij| (off-diag): 8.958971083050107, rho: 0.6045483672624018
max|S_ij| (off-diag): 8.957519498600773, rho: 0.6045483672624018
max|S_ij| (off-diag): 8.959089590836326, rho: 0.6045483672624018
max|S_ij| (off-diag): 8.958882281433699, rho: 0.6045483672624018
max|S_ij| (off-diag): 8.960481529580672, rho: 0.6045483672624018
max|S_ij| (off-diag): 8.960175868228337, rho: 0.6045483672624018
max|S_ij| (off-diag): 8.959934140008132, rho: 0.6045483672624018
max|S_ij| (off-diag): 8.958420737618738, rho: 0.6045483672624018
max|S_ij| (off-diag): 8.957597289951103, rho: 0.6045483672624018
max|S_ij| (off-diag): 8.958464268545661, rho: 0.6045483672624018
max|S_ij| (off-diag): 8.957972741222244, rho: 0.6045483672624018
max|S_ij| (off-diag): 8.95928916832774, rho: 0.6045483672624018
max|S_ij| (off-diag): 8.959441957732336, rho: 0.6045483672624018
max|S_ij| (off-diag): 8.958275813803777, rho: 0.6045483672624018
max|S_ij| (off-diag): 8.957427991042355, rho: 0.6045483672624018
max|S_ij| (off-diag): 8.958327277333854, rho: 0.6045483672624018
max|S_ij| (off-diag): 8.959397115211026, rho: 0.6045483672624018
max|S_ij| (off-diag): 8.959562965443665, rho: 0.6045483672624018
max|S_ij| (off-diag): 8.95944815184494, rho: 0.6045483672624018
max|S_ij| (off-diag): 8.959834385665998, rho: 0.6045483672624018
max|S_ij| (off-diag): 8.959069883255564, rho: 0.6045483672624018
max|S_ij| (off-diag): 8.958134213304717, rho: 0.6045483672624018
max|S_ij| (off-diag): 8.957688258241491, rho: 0.6045483672624018
max|S_ij| (off-diag): 8.957465476993503, rho: 0.6045483672624018
max|S_ij| (off-diag): 8.958391957764562, rho: 0.6045483672624018
max|S_ij| (off-diag): 8.959621637916706, rho: 0.6045483672624018
max|S_ij| (off-diag): 8.958466637641065, rho: 0.6045483672624018
max|S_ij| (off-diag): 8.959964425288916, rho: 0.6045483672624018
max|S_ij| (off-diag): 8.959036849166907, rho: 0.6045483672624018
max|S_ij| (off-diag): 8.961479417887103, rho: 0.6045483672624018
max|S_ij| (off-diag): 8.960699014186057, rho: 0.6045483672624018
max|S_ij| (off-diag): 8.960015892975651, rho: 0.6045483672624018
max|S_ij| (off-diag): 8.960208795285782, rho: 0.6045483672624018
max|S_ij| (off-diag): 8.961447532674017, rho: 0.6045483672624018
max|S_ij| (off-diag): 8.959270447783059, rho: 0.6045483672624018
max|S_ij| (off-diag): 8.958074189283069, rho: 0.6045483672624018
max|S_ij| (off-diag): 8.95874123695125, rho: 0.6045483672624018
max|S_ij| (off-diag): 8.958579209847503, rho: 0.6045483672624018
max|S_ij| (off-diag): 8.959010950417962, rho: 0.6045483672624018
max|S_ij| (off-diag): 8.958969655167193, rho: 0.6045483672624018
max|S_ij| (off-diag): 8.957452413626676, rho: 0.6045483672624018
max|S_ij| (off-diag): 8.958344944768731, rho: 0.6045483672624018
max|S_ij| (off-diag): 8.957624089679678, rho: 0.6045483672624018
max|S_ij| (off-diag): 8.957339882194907, rho: 0.6045483672624018
max|S_ij| (off-diag): 8.957232830387204, rho: 0.6045483672624018
max|S_ij| (off-diag): 8.957157341729973, rho: 0.6045483672624018
max|S_ij| (off-diag): 8.958336434927697, rho: 0.6045483672624018
max|S_ij| (off-diag): 8.95737417464856, rho: 0.6045483672624018
max|S_ij| (off-diag): 8.958268176768433, rho: 0.6045483672624018
max|S_ij| (off-diag): 8.961673133419144, rho: 0.6045483672624018
max|S_ij| (off-diag): 8.96086612685934, rho: 0.6045483672624018
max|S_ij| (off-diag): 8.961989510878272, rho: 0.6045483672624018
max|S_ij| (off-diag): 8.959478643661482, rho: 0.6045483672624018
max|S_ij| (off-diag): 8.958135983459345, rho: 0.6045483672624018
max|S_ij| (off-diag): 8.95873556373652, rho: 0.6045483672624018
max|S_ij| (off-diag): 8.957063477485113, rho: 0.6045483672624018
max|S_ij| (off-diag): 8.957027798248877, rho: 0.6045483672624018
0.4784224654139996 0.7757009345794392
  rho=0.51578 (2/30)
max|S_ij| (off-diag): 8.956747875838518, rho: 0.5157812321796369
max|S_ij| (off-diag): 9.000306516101361, rho: 0.5157812321796369
max|S_ij| (off-diag): 9.027560693547017, rho: 0.5157812321796369
max|S_ij| (off-diag): 9.045171251572294, rho: 0.5157812321796369
max|S_ij| (off-diag): 9.056248307760791, rho: 0.5157812321796369
max|S_ij| (off-diag): 9.061838823764404, rho: 0.5157812321796369
max|S_ij| (off-diag): 9.067633665887975, rho: 0.5157812321796369
max|S_ij| (off-diag): 9.070229951993284, rho: 0.5157812321796369
max|S_ij| (off-diag): 9.073075999518306, rho: 0.5157812321796369
max|S_ij| (off-diag): 9.074490220382167, rho: 0.5157812321796369
max|S_ij| (off-diag): 9.075069788134181, rho: 0.5157812321796369
max|S_ij| (off-diag): 9.076156046470773, rho: 0.5157812321796369
max|S_ij| (off-diag): 9.075105501339358, rho: 0.5157812321796369
max|S_ij| (off-diag): 9.074878693468548, rho: 0.5157812321796369
max|S_ij| (off-diag): 9.073803458991826, rho: 0.5157812321796369
max|S_ij| (off-diag): 9.073251096189525, rho: 0.5157812321796369
max|S_ij| (off-diag): 9.07453447845186, rho: 0.5157812321796369
max|S_ij| (off-diag): 9.076217729982789, rho: 0.5157812321796369
max|S_ij| (off-diag): 9.07422257340525, rho: 0.5157812321796369
max|S_ij| (off-diag): 9.072573358810546, rho: 0.5157812321796369
max|S_ij| (off-diag): 9.07330318017788, rho: 0.5157812321796369
max|S_ij| (off-diag): 9.073267626897286, rho: 0.5157812321796369
max|S_ij| (off-diag): 9.073726199094232, rho: 0.5157812321796369
max|S_ij| (off-diag): 9.074564713035839, rho: 0.5157812321796369
max|S_ij| (off-diag): 9.075487033061268, rho: 0.5157812321796369
max|S_ij| (off-diag): 9.074746868366697, rho: 0.5157812321796369
max|S_ij| (off-diag): 9.073985722699684, rho: 0.5157812321796369
max|S_ij| (off-diag): 9.07351909917509, rho: 0.5157812321796369
max|S_ij| (off-diag): 9.075624897013142, rho: 0.5157812321796369
max|S_ij| (off-diag): 9.075279629735624, rho: 0.5157812321796369
max|S_ij| (off-diag): 9.075553874053082, rho: 0.5157812321796369
max|S_ij| (off-diag): 9.075604774558364, rho: 0.5157812321796369
max|S_ij| (off-diag): 9.0741642484422, rho: 0.5157812321796369
max|S_ij| (off-diag): 9.075123101199718, rho: 0.5157812321796369
max|S_ij| (off-diag): 9.075370403149353, rho: 0.5157812321796369
max|S_ij| (off-diag): 9.074843510705596, rho: 0.5157812321796369
max|S_ij| (off-diag): 9.075341185890041, rho: 0.5157812321796369
max|S_ij| (off-diag): 9.075435616063372, rho: 0.5157812321796369
max|S_ij| (off-diag): 9.075279645849522, rho: 0.5157812321796369
max|S_ij| (off-diag): 9.075159690617845, rho: 0.5157812321796369
max|S_ij| (off-diag): 9.074100762852492, rho: 0.5157812321796369
max|S_ij| (off-diag): 9.072956194798968, rho: 0.5157812321796369
max|S_ij| (off-diag): 9.074730073601405, rho: 0.5157812321796369
max|S_ij| (off-diag): 9.074105542190951, rho: 0.5157812321796369
max|S_ij| (off-diag): 9.07328075285878, rho: 0.5157812321796369
max|S_ij| (off-diag): 9.0737060382199, rho: 0.5157812321796369
max|S_ij| (off-diag): 9.074812854259106, rho: 0.5157812321796369
max|S_ij| (off-diag): 9.07576701633319, rho: 0.5157812321796369
max|S_ij| (off-diag): 9.075745006488667, rho: 0.5157812321796369
max|S_ij| (off-diag): 9.075450443727366, rho: 0.5157812321796369
max|S_ij| (off-diag): 9.074224030239414, rho: 0.5157812321796369
max|S_ij| (off-diag): 9.074842901559478, rho: 0.5157812321796369
max|S_ij| (off-diag): 9.074651463929921, rho: 0.5157812321796369
max|S_ij| (off-diag): 9.076785544119716, rho: 0.5157812321796369
max|S_ij| (off-diag): 9.076868759543078, rho: 0.5157812321796369
max|S_ij| (off-diag): 9.075746190986333, rho: 0.5157812321796369
max|S_ij| (off-diag): 9.075155791511712, rho: 0.5157812321796369
max|S_ij| (off-diag): 9.074205384904023, rho: 0.5157812321796369
max|S_ij| (off-diag): 9.07349525705666, rho: 0.5157812321796369
max|S_ij| (off-diag): 9.073670384962625, rho: 0.5157812321796369
max|S_ij| (off-diag): 9.073518268743223, rho: 0.5157812321796369
max|S_ij| (off-diag): 9.074547619914842, rho: 0.5157812321796369
max|S_ij| (off-diag): 9.076250763300823, rho: 0.5157812321796369
max|S_ij| (off-diag): 9.07715334057535, rho: 0.5157812321796369
max|S_ij| (off-diag): 9.07438645988273, rho: 0.5157812321796369
max|S_ij| (off-diag): 9.07443964419008, rho: 0.5157812321796369
max|S_ij| (off-diag): 9.07469540611732, rho: 0.5157812321796369
max|S_ij| (off-diag): 9.073504799346205, rho: 0.5157812321796369
max|S_ij| (off-diag): 9.07569794202912, rho: 0.5157812321796369
max|S_ij| (off-diag): 9.075752742284775, rho: 0.5157812321796369
max|S_ij| (off-diag): 9.073386017039661, rho: 0.5157812321796369
max|S_ij| (off-diag): 9.072770421923392, rho: 0.5157812321796369
max|S_ij| (off-diag): 9.072102029575284, rho: 0.5157812321796369
max|S_ij| (off-diag): 9.072785931760949, rho: 0.5157812321796369
max|S_ij| (off-diag): 9.075322607156341, rho: 0.5157812321796369
max|S_ij| (off-diag): 9.075463203401561, rho: 0.5157812321796369
max|S_ij| (off-diag): 9.077008533611899, rho: 0.5157812321796369
max|S_ij| (off-diag): 9.077443707010195, rho: 0.5157812321796369
max|S_ij| (off-diag): 9.075509144429676, rho: 0.5157812321796369
max|S_ij| (off-diag): 9.074609100998279, rho: 0.5157812321796369
max|S_ij| (off-diag): 9.074967132570324, rho: 0.5157812321796369
max|S_ij| (off-diag): 9.075108786283078, rho: 0.5157812321796369
max|S_ij| (off-diag): 9.075765166786677, rho: 0.5157812321796369
max|S_ij| (off-diag): 9.075516849330063, rho: 0.5157812321796369
max|S_ij| (off-diag): 9.076590213722366, rho: 0.5157812321796369
max|S_ij| (off-diag): 9.076457454338021, rho: 0.5157812321796369
max|S_ij| (off-diag): 9.075746040405171, rho: 0.5157812321796369
max|S_ij| (off-diag): 9.075512028845289, rho: 0.5157812321796369
max|S_ij| (off-diag): 9.075564491324412, rho: 0.5157812321796369
max|S_ij| (off-diag): 9.074362718962858, rho: 0.5157812321796369
max|S_ij| (off-diag): 9.073099377033335, rho: 0.5157812321796369
max|S_ij| (off-diag): 9.07204313356558, rho: 0.5157812321796369
max|S_ij| (off-diag): 9.072680960374777, rho: 0.5157812321796369
max|S_ij| (off-diag): 9.073422180613836, rho: 0.5157812321796369
max|S_ij| (off-diag): 9.075452729948363, rho: 0.5157812321796369
max|S_ij| (off-diag): 9.074251588943092, rho: 0.5157812321796369
max|S_ij| (off-diag): 9.074293986882173, rho: 0.5157812321796369
max|S_ij| (off-diag): 9.075076438383245, rho: 0.5157812321796369
max|S_ij| (off-diag): 9.074628287771532, rho: 0.5157812321796369
max|S_ij| (off-diag): 9.074013711058575, rho: 0.5157812321796369
max|S_ij| (off-diag): 9.076637326040625, rho: 0.5157812321796369
max|S_ij| (off-diag): 9.075111798485679, rho: 0.5157812321796369
max|S_ij| (off-diag): 9.074069187377544, rho: 0.5157812321796369
max|S_ij| (off-diag): 9.072887660798003, rho: 0.5157812321796369
max|S_ij| (off-diag): 9.0736063259405, rho: 0.5157812321796369
max|S_ij| (off-diag): 9.075202048950954, rho: 0.5157812321796369
max|S_ij| (off-diag): 9.075593284689937, rho: 0.5157812321796369
max|S_ij| (off-diag): 9.076076059182208, rho: 0.5157812321796369
max|S_ij| (off-diag): 9.07494147415615, rho: 0.5157812321796369
max|S_ij| (off-diag): 9.074690206706453, rho: 0.5157812321796369
max|S_ij| (off-diag): 9.075094090001922, rho: 0.5157812321796369
max|S_ij| (off-diag): 9.074883702889231, rho: 0.5157812321796369
max|S_ij| (off-diag): 9.07649226795882, rho: 0.5157812321796369
max|S_ij| (off-diag): 9.075202731949801, rho: 0.5157812321796369
max|S_ij| (off-diag): 9.075944416557403, rho: 0.5157812321796369
max|S_ij| (off-diag): 9.075914776894239, rho: 0.5157812321796369
max|S_ij| (off-diag): 9.075187547966738, rho: 0.5157812321796369
max|S_ij| (off-diag): 9.07492516858858, rho: 0.5157812321796369
max|S_ij| (off-diag): 9.074759888194121, rho: 0.5157812321796369
max|S_ij| (off-diag): 9.075840751434082, rho: 0.5157812321796369
max|S_ij| (off-diag): 9.074563936809845, rho: 0.5157812321796369
max|S_ij| (off-diag): 9.07514665730342, rho: 0.5157812321796369
max|S_ij| (off-diag): 9.074637104098095, rho: 0.5157812321796369
max|S_ij| (off-diag): 9.074535373007688, rho: 0.5157812321796369
max|S_ij| (off-diag): 9.075976686272575, rho: 0.5157812321796369
max|S_ij| (off-diag): 9.073836504766847, rho: 0.5157812321796369
max|S_ij| (off-diag): 9.076109026609418, rho: 0.5157812321796369
max|S_ij| (off-diag): 9.074977651769483, rho: 0.5157812321796369
max|S_ij| (off-diag): 9.075987893807275, rho: 0.5157812321796369
max|S_ij| (off-diag): 9.075952932732301, rho: 0.5157812321796369
max|S_ij| (off-diag): 9.075913384711214, rho: 0.5157812321796369
max|S_ij| (off-diag): 9.074633225769638, rho: 0.5157812321796369
max|S_ij| (off-diag): 9.073308988506362, rho: 0.5157812321796369
max|S_ij| (off-diag): 9.073915026732145, rho: 0.5157812321796369
max|S_ij| (off-diag): 9.074372625313165, rho: 0.5157812321796369
max|S_ij| (off-diag): 9.07449246217491, rho: 0.5157812321796369
max|S_ij| (off-diag): 9.076058922245426, rho: 0.5157812321796369
max|S_ij| (off-diag): 9.075693225422777, rho: 0.5157812321796369
max|S_ij| (off-diag): 9.075750487305896, rho: 0.5157812321796369
max|S_ij| (off-diag): 9.075788662490613, rho: 0.5157812321796369
max|S_ij| (off-diag): 9.078459460346252, rho: 0.5157812321796369
max|S_ij| (off-diag): 9.0762796899962, rho: 0.5157812321796369
max|S_ij| (off-diag): 9.075514652599963, rho: 0.5157812321796369
max|S_ij| (off-diag): 9.074821249719195, rho: 0.5157812321796369
max|S_ij| (off-diag): 9.076048736016299, rho: 0.5157812321796369
max|S_ij| (off-diag): 9.07741691444321, rho: 0.5157812321796369
max|S_ij| (off-diag): 9.073888250192669, rho: 0.5157812321796369
max|S_ij| (off-diag): 9.072198290489029, rho: 0.5157812321796369
max|S_ij| (off-diag): 9.073642064519344, rho: 0.5157812321796369
max|S_ij| (off-diag): 9.074248361076243, rho: 0.5157812321796369
max|S_ij| (off-diag): 9.074423206086857, rho: 0.5157812321796369
max|S_ij| (off-diag): 9.072896311766577, rho: 0.5157812321796369
max|S_ij| (off-diag): 9.074284841650256, rho: 0.5157812321796369
max|S_ij| (off-diag): 9.074211720737264, rho: 0.5157812321796369
max|S_ij| (off-diag): 9.073311819373053, rho: 0.5157812321796369
max|S_ij| (off-diag): 9.07345213840425, rho: 0.5157812321796369
max|S_ij| (off-diag): 9.072870657212441, rho: 0.5157812321796369
max|S_ij| (off-diag): 9.073677607747186, rho: 0.5157812321796369
max|S_ij| (off-diag): 9.074228316042415, rho: 0.5157812321796369
max|S_ij| (off-diag): 9.076241131965338, rho: 0.5157812321796369
max|S_ij| (off-diag): 9.074553040031777, rho: 0.5157812321796369
max|S_ij| (off-diag): 9.074810116433618, rho: 0.5157812321796369
max|S_ij| (off-diag): 9.073562183094776, rho: 0.5157812321796369
max|S_ij| (off-diag): 9.075546719073406, rho: 0.5157812321796369
max|S_ij| (off-diag): 9.077569869986892, rho: 0.5157812321796369
max|S_ij| (off-diag): 9.076027635691014, rho: 0.5157812321796369
max|S_ij| (off-diag): 9.076100659368901, rho: 0.5157812321796369
max|S_ij| (off-diag): 9.073484382565132, rho: 0.5157812321796369
max|S_ij| (off-diag): 9.073995979748943, rho: 0.5157812321796369
max|S_ij| (off-diag): 9.075991245900333, rho: 0.5157812321796369
max|S_ij| (off-diag): 9.075526452970195, rho: 0.5157812321796369
max|S_ij| (off-diag): 9.075250017968738, rho: 0.5157812321796369
max|S_ij| (off-diag): 9.07580972120288, rho: 0.5157812321796369
max|S_ij| (off-diag): 9.075257485776268, rho: 0.5157812321796369
max|S_ij| (off-diag): 9.074932907329082, rho: 0.5157812321796369
max|S_ij| (off-diag): 9.075137112901213, rho: 0.5157812321796369
max|S_ij| (off-diag): 9.075541113826162, rho: 0.5157812321796369
max|S_ij| (off-diag): 9.073509803489422, rho: 0.5157812321796369
max|S_ij| (off-diag): 9.073056445345546, rho: 0.5157812321796369
max|S_ij| (off-diag): 9.075573234393802, rho: 0.5157812321796369
max|S_ij| (off-diag): 9.075813271214649, rho: 0.5157812321796369
max|S_ij| (off-diag): 9.07372274411404, rho: 0.5157812321796369
max|S_ij| (off-diag): 9.074133579039907, rho: 0.5157812321796369
max|S_ij| (off-diag): 9.074255167958842, rho: 0.5157812321796369
max|S_ij| (off-diag): 9.07542233505278, rho: 0.5157812321796369
max|S_ij| (off-diag): 9.075482205444066, rho: 0.5157812321796369
max|S_ij| (off-diag): 9.074303447326498, rho: 0.5157812321796369
max|S_ij| (off-diag): 9.073434613820506, rho: 0.5157812321796369
max|S_ij| (off-diag): 9.074160857767183, rho: 0.5157812321796369
max|S_ij| (off-diag): 9.074816079631281, rho: 0.5157812321796369
max|S_ij| (off-diag): 9.07378003329494, rho: 0.5157812321796369
max|S_ij| (off-diag): 9.074498191730996, rho: 0.5157812321796369
max|S_ij| (off-diag): 9.075359297916279, rho: 0.5157812321796369
max|S_ij| (off-diag): 9.074458532385432, rho: 0.5157812321796369
max|S_ij| (off-diag): 9.077540137477344, rho: 0.5157812321796369
max|S_ij| (off-diag): 9.077203890928294, rho: 0.5157812321796369
max|S_ij| (off-diag): 9.07651220608576, rho: 0.5157812321796369
max|S_ij| (off-diag): 9.07487053516466, rho: 0.5157812321796369
max|S_ij| (off-diag): 9.075137164712435, rho: 0.5157812321796369
max|S_ij| (off-diag): 9.073621547205285, rho: 0.5157812321796369
0.51786083006401 0.7757009345794392
  rho=0.44005 (3/30)
max|S_ij| (off-diag): 9.073732273063195, rho: 0.4400479661758397
max|S_ij| (off-diag): 9.105633155237701, rho: 0.4400479661758397
max|S_ij| (off-diag): 9.126321073449622, rho: 0.4400479661758397
max|S_ij| (off-diag): 9.139845314234456, rho: 0.4400479661758397
max|S_ij| (off-diag): 9.151454838876905, rho: 0.4400479661758397
max|S_ij| (off-diag): 9.156434714742645, rho: 0.4400479661758397
max|S_ij| (off-diag): 9.159315403370664, rho: 0.4400479661758397
max|S_ij| (off-diag): 9.160484976727162, rho: 0.4400479661758397
max|S_ij| (off-diag): 9.161052611624225, rho: 0.4400479661758397
max|S_ij| (off-diag): 9.16363429294734, rho: 0.4400479661758397
max|S_ij| (off-diag): 9.163621351190685, rho: 0.4400479661758397
max|S_ij| (off-diag): 9.164291011336875, rho: 0.4400479661758397
max|S_ij| (off-diag): 9.165110079465578, rho: 0.4400479661758397
max|S_ij| (off-diag): 9.165660793552739, rho: 0.4400479661758397
max|S_ij| (off-diag): 9.164851549479495, rho: 0.4400479661758397
max|S_ij| (off-diag): 9.164694675307564, rho: 0.4400479661758397
max|S_ij| (off-diag): 9.163717516353243, rho: 0.4400479661758397
max|S_ij| (off-diag): 9.164064278178602, rho: 0.4400479661758397
max|S_ij| (off-diag): 9.162747824216027, rho: 0.4400479661758397
max|S_ij| (off-diag): 9.161477140120438, rho: 0.4400479661758397
max|S_ij| (off-diag): 9.161546739313515, rho: 0.4400479661758397
max|S_ij| (off-diag): 9.160682407950556, rho: 0.4400479661758397
max|S_ij| (off-diag): 9.160824616597905, rho: 0.4400479661758397
max|S_ij| (off-diag): 9.164166250361655, rho: 0.4400479661758397
max|S_ij| (off-diag): 9.16525163504025, rho: 0.4400479661758397
max|S_ij| (off-diag): 9.163905492265854, rho: 0.4400479661758397
max|S_ij| (off-diag): 9.162648080277002, rho: 0.4400479661758397
max|S_ij| (off-diag): 9.161413981712439, rho: 0.4400479661758397
max|S_ij| (off-diag): 9.160668851457437, rho: 0.4400479661758397
max|S_ij| (off-diag): 9.162354523863106, rho: 0.4400479661758397
max|S_ij| (off-diag): 9.163872924932749, rho: 0.4400479661758397
max|S_ij| (off-diag): 9.164170501976823, rho: 0.4400479661758397
max|S_ij| (off-diag): 9.163744976621391, rho: 0.4400479661758397
max|S_ij| (off-diag): 9.16294952032126, rho: 0.4400479661758397
max|S_ij| (off-diag): 9.163246801150684, rho: 0.4400479661758397
max|S_ij| (off-diag): 9.165331043616153, rho: 0.4400479661758397
max|S_ij| (off-diag): 9.163845563160395, rho: 0.4400479661758397
max|S_ij| (off-diag): 9.162539658195763, rho: 0.4400479661758397
max|S_ij| (off-diag): 9.161842140159573, rho: 0.4400479661758397
max|S_ij| (off-diag): 9.165437768983521, rho: 0.4400479661758397
max|S_ij| (off-diag): 9.163965998932337, rho: 0.4400479661758397
max|S_ij| (off-diag): 9.162396982880008, rho: 0.4400479661758397
max|S_ij| (off-diag): 9.163488284188734, rho: 0.4400479661758397
max|S_ij| (off-diag): 9.161881058837084, rho: 0.4400479661758397
max|S_ij| (off-diag): 9.162424741813956, rho: 0.4400479661758397
max|S_ij| (off-diag): 9.164135767358518, rho: 0.4400479661758397
max|S_ij| (off-diag): 9.163260249754181, rho: 0.4400479661758397
max|S_ij| (off-diag): 9.162263257198278, rho: 0.4400479661758397
max|S_ij| (off-diag): 9.161719277454255, rho: 0.4400479661758397
max|S_ij| (off-diag): 9.163713971484231, rho: 0.4400479661758397
max|S_ij| (off-diag): 9.164687805002043, rho: 0.4400479661758397
max|S_ij| (off-diag): 9.163401106072476, rho: 0.4400479661758397
max|S_ij| (off-diag): 9.165384104452277, rho: 0.4400479661758397
max|S_ij| (off-diag): 9.164106316496845, rho: 0.4400479661758397
max|S_ij| (off-diag): 9.162864337985347, rho: 0.4400479661758397
max|S_ij| (off-diag): 9.163263601187577, rho: 0.4400479661758397
max|S_ij| (off-diag): 9.16388302300452, rho: 0.4400479661758397
max|S_ij| (off-diag): 9.163470807252242, rho: 0.4400479661758397
max|S_ij| (off-diag): 9.163058699748957, rho: 0.4400479661758397
max|S_ij| (off-diag): 9.166197764191653, rho: 0.4400479661758397
max|S_ij| (off-diag): 9.16451980196421, rho: 0.4400479661758397
max|S_ij| (off-diag): 9.162818745398894, rho: 0.4400479661758397
max|S_ij| (off-diag): 9.163949171616652, rho: 0.4400479661758397
max|S_ij| (off-diag): 9.164940751334136, rho: 0.4400479661758397
max|S_ij| (off-diag): 9.162937214484504, rho: 0.4400479661758397
max|S_ij| (off-diag): 9.162520844804897, rho: 0.4400479661758397
max|S_ij| (off-diag): 9.161320309293888, rho: 0.4400479661758397
max|S_ij| (off-diag): 9.16059498699305, rho: 0.4400479661758397
max|S_ij| (off-diag): 9.162315044380893, rho: 0.4400479661758397
max|S_ij| (off-diag): 9.163841252028286, rho: 0.4400479661758397
max|S_ij| (off-diag): 9.162806732687052, rho: 0.4400479661758397
max|S_ij| (off-diag): 9.164466604654516, rho: 0.4400479661758397
max|S_ij| (off-diag): 9.1636418007148, rho: 0.4400479661758397
max|S_ij| (off-diag): 9.163393206947449, rho: 0.4400479661758397
max|S_ij| (off-diag): 9.161101100222334, rho: 0.4400479661758397
max|S_ij| (off-diag): 9.161478557425674, rho: 0.4400479661758397
max|S_ij| (off-diag): 9.164626413007063, rho: 0.4400479661758397
max|S_ij| (off-diag): 9.16250674130631, rho: 0.4400479661758397
max|S_ij| (off-diag): 9.163420807073772, rho: 0.4400479661758397
max|S_ij| (off-diag): 9.163342410406567, rho: 0.4400479661758397
max|S_ij| (off-diag): 9.16388794067883, rho: 0.4400479661758397
max|S_ij| (off-diag): 9.163103660437576, rho: 0.4400479661758397
max|S_ij| (off-diag): 9.162137916466156, rho: 0.4400479661758397
max|S_ij| (off-diag): 9.161596248251412, rho: 0.4400479661758397
max|S_ij| (off-diag): 9.160808161494089, rho: 0.4400479661758397
max|S_ij| (off-diag): 9.162182786151064, rho: 0.4400479661758397
max|S_ij| (off-diag): 9.161102586259737, rho: 0.4400479661758397
max|S_ij| (off-diag): 9.160166919006569, rho: 0.4400479661758397
max|S_ij| (off-diag): 9.160984028450628, rho: 0.4400479661758397
max|S_ij| (off-diag): 9.16072836910938, rho: 0.4400479661758397
max|S_ij| (off-diag): 9.16218321791887, rho: 0.4400479661758397
max|S_ij| (off-diag): 9.16231993228937, rho: 0.4400479661758397
max|S_ij| (off-diag): 9.162197302872697, rho: 0.4400479661758397
max|S_ij| (off-diag): 9.164514947324337, rho: 0.4400479661758397
max|S_ij| (off-diag): 9.164111411893442, rho: 0.4400479661758397
max|S_ij| (off-diag): 9.164796985542802, rho: 0.4400479661758397
max|S_ij| (off-diag): 9.164645716976636, rho: 0.4400479661758397
max|S_ij| (off-diag): 9.163639396733602, rho: 0.4400479661758397
max|S_ij| (off-diag): 9.165004987538405, rho: 0.4400479661758397
max|S_ij| (off-diag): 9.163759303101877, rho: 0.4400479661758397
max|S_ij| (off-diag): 9.165158715849488, rho: 0.4400479661758397
max|S_ij| (off-diag): 9.164670906285494, rho: 0.4400479661758397
max|S_ij| (off-diag): 9.164948405308303, rho: 0.4400479661758397
max|S_ij| (off-diag): 9.163362339343319, rho: 0.4400479661758397
max|S_ij| (off-diag): 9.164224475502158, rho: 0.4400479661758397
max|S_ij| (off-diag): 9.163310119389344, rho: 0.4400479661758397
max|S_ij| (off-diag): 9.166203135737305, rho: 0.4400479661758397
max|S_ij| (off-diag): 9.168577829147566, rho: 0.4400479661758397
max|S_ij| (off-diag): 9.165833926464343, rho: 0.4400479661758397
max|S_ij| (off-diag): 9.163751358181248, rho: 0.4400479661758397
max|S_ij| (off-diag): 9.162599482551483, rho: 0.4400479661758397
max|S_ij| (off-diag): 9.161408653756247, rho: 0.4400479661758397
max|S_ij| (off-diag): 9.16268291466931, rho: 0.4400479661758397
max|S_ij| (off-diag): 9.161401596961191, rho: 0.4400479661758397
max|S_ij| (off-diag): 9.161489970585006, rho: 0.4400479661758397
max|S_ij| (off-diag): 9.161803244424767, rho: 0.4400479661758397
max|S_ij| (off-diag): 9.163196016300018, rho: 0.4400479661758397
max|S_ij| (off-diag): 9.164760712723204, rho: 0.4400479661758397
max|S_ij| (off-diag): 9.163970134949382, rho: 0.4400479661758397
max|S_ij| (off-diag): 9.165873023674651, rho: 0.4400479661758397
max|S_ij| (off-diag): 9.163701429709004, rho: 0.4400479661758397
max|S_ij| (off-diag): 9.161993543795571, rho: 0.4400479661758397
max|S_ij| (off-diag): 9.161001052548652, rho: 0.4400479661758397
max|S_ij| (off-diag): 9.16141413645242, rho: 0.4400479661758397
max|S_ij| (off-diag): 9.160925450849454, rho: 0.4400479661758397
max|S_ij| (off-diag): 9.16259651074584, rho: 0.4400479661758397
max|S_ij| (off-diag): 9.161071716422917, rho: 0.4400479661758397
max|S_ij| (off-diag): 9.16146649850602, rho: 0.4400479661758397
max|S_ij| (off-diag): 9.16275745014554, rho: 0.4400479661758397
max|S_ij| (off-diag): 9.161952078247527, rho: 0.4400479661758397
max|S_ij| (off-diag): 9.160986136737648, rho: 0.4400479661758397
max|S_ij| (off-diag): 9.159762115146332, rho: 0.4400479661758397
max|S_ij| (off-diag): 9.161199297590187, rho: 0.4400479661758397
max|S_ij| (off-diag): 9.161588366432149, rho: 0.4400479661758397
max|S_ij| (off-diag): 9.16132245131304, rho: 0.4400479661758397
max|S_ij| (off-diag): 9.160644456409123, rho: 0.4400479661758397
max|S_ij| (off-diag): 9.160471415732548, rho: 0.4400479661758397
max|S_ij| (off-diag): 9.161176301172803, rho: 0.4400479661758397
max|S_ij| (off-diag): 9.160596291242335, rho: 0.4400479661758397
max|S_ij| (off-diag): 9.16131769836983, rho: 0.4400479661758397
max|S_ij| (off-diag): 9.162878642259468, rho: 0.4400479661758397
max|S_ij| (off-diag): 9.162045827859103, rho: 0.4400479661758397
max|S_ij| (off-diag): 9.16158426470068, rho: 0.4400479661758397
max|S_ij| (off-diag): 9.16269083537935, rho: 0.4400479661758397
max|S_ij| (off-diag): 9.1619258842271, rho: 0.4400479661758397
max|S_ij| (off-diag): 9.16098656835252, rho: 0.4400479661758397
max|S_ij| (off-diag): 9.160126746577223, rho: 0.4400479661758397
max|S_ij| (off-diag): 9.162881613358088, rho: 0.4400479661758397
max|S_ij| (off-diag): 9.164545860360464, rho: 0.4400479661758397
max|S_ij| (off-diag): 9.163473890995819, rho: 0.4400479661758397
max|S_ij| (off-diag): 9.16321475668333, rho: 0.4400479661758397
max|S_ij| (off-diag): 9.162740981272387, rho: 0.4400479661758397
max|S_ij| (off-diag): 9.161489328249989, rho: 0.4400479661758397
max|S_ij| (off-diag): 9.16071987953631, rho: 0.4400479661758397
max|S_ij| (off-diag): 9.162346450319438, rho: 0.4400479661758397
max|S_ij| (off-diag): 9.162544866274997, rho: 0.4400479661758397
max|S_ij| (off-diag): 9.164514658856906, rho: 0.4400479661758397
max|S_ij| (off-diag): 9.1652998482514, rho: 0.4400479661758397
max|S_ij| (off-diag): 9.164682668099607, rho: 0.4400479661758397
max|S_ij| (off-diag): 9.165399418640598, rho: 0.4400479661758397
max|S_ij| (off-diag): 9.165425707898583, rho: 0.4400479661758397
max|S_ij| (off-diag): 9.166746156409086, rho: 0.4400479661758397
max|S_ij| (off-diag): 9.165353007654426, rho: 0.4400479661758397
max|S_ij| (off-diag): 9.165279708262352, rho: 0.4400479661758397
max|S_ij| (off-diag): 9.165494822745123, rho: 0.4400479661758397
max|S_ij| (off-diag): 9.163944093136617, rho: 0.4400479661758397
max|S_ij| (off-diag): 9.162137092071273, rho: 0.4400479661758397
max|S_ij| (off-diag): 9.163477186646203, rho: 0.4400479661758397
max|S_ij| (off-diag): 9.162603122104137, rho: 0.4400479661758397
max|S_ij| (off-diag): 9.163253568884903, rho: 0.4400479661758397
max|S_ij| (off-diag): 9.16335477313138, rho: 0.4400479661758397
max|S_ij| (off-diag): 9.162790224144395, rho: 0.4400479661758397
max|S_ij| (off-diag): 9.161717536279726, rho: 0.4400479661758397
max|S_ij| (off-diag): 9.16084817619796, rho: 0.4400479661758397
max|S_ij| (off-diag): 9.160443354604583, rho: 0.4400479661758397
max|S_ij| (off-diag): 9.16300831098108, rho: 0.4400479661758397
max|S_ij| (off-diag): 9.163297032764103, rho: 0.4400479661758397
max|S_ij| (off-diag): 9.162781414717545, rho: 0.4400479661758397
max|S_ij| (off-diag): 9.161978052417966, rho: 0.4400479661758397
max|S_ij| (off-diag): 9.161548525912885, rho: 0.4400479661758397
max|S_ij| (off-diag): 9.163215164338375, rho: 0.4400479661758397
max|S_ij| (off-diag): 9.161627243275502, rho: 0.4400479661758397
max|S_ij| (off-diag): 9.16400070933346, rho: 0.4400479661758397
max|S_ij| (off-diag): 9.164773932794064, rho: 0.4400479661758397
max|S_ij| (off-diag): 9.164248987865212, rho: 0.4400479661758397
max|S_ij| (off-diag): 9.163349712304225, rho: 0.4400479661758397
max|S_ij| (off-diag): 9.162323700640309, rho: 0.4400479661758397
max|S_ij| (off-diag): 9.16175808343933, rho: 0.4400479661758397
max|S_ij| (off-diag): 9.163974365269047, rho: 0.4400479661758397
max|S_ij| (off-diag): 9.1653011140602, rho: 0.4400479661758397
max|S_ij| (off-diag): 9.162901716524662, rho: 0.4400479661758397
max|S_ij| (off-diag): 9.16458898974558, rho: 0.4400479661758397
max|S_ij| (off-diag): 9.16410149021965, rho: 0.4400479661758397
max|S_ij| (off-diag): 9.163274348468404, rho: 0.4400479661758397
max|S_ij| (off-diag): 9.161758411600466, rho: 0.4400479661758397
max|S_ij| (off-diag): 9.16098106504146, rho: 0.4400479661758397
max|S_ij| (off-diag): 9.161000415018457, rho: 0.4400479661758397
max|S_ij| (off-diag): 9.161518866414731, rho: 0.4400479661758397
max|S_ij| (off-diag): 9.161274432009911, rho: 0.4400479661758397
max|S_ij| (off-diag): 9.16250222551418, rho: 0.4400479661758397
0.5527565558538097 0.8037383177570093
  rho=0.37543 (4/30)
max|S_ij| (off-diag): 9.16538637306688, rho: 0.3754347782628334
max|S_ij| (off-diag): 9.195939651192143, rho: 0.3754347782628334
max|S_ij| (off-diag): 9.218264537166604, rho: 0.3754347782628334
max|S_ij| (off-diag): 9.229155708117922, rho: 0.3754347782628334
max|S_ij| (off-diag): 9.236681272831934, rho: 0.3754347782628334
max|S_ij| (off-diag): 9.242937745218935, rho: 0.3754347782628334
max|S_ij| (off-diag): 9.247975128946834, rho: 0.3754347782628334
max|S_ij| (off-diag): 9.25039182674089, rho: 0.3754347782628334
max|S_ij| (off-diag): 9.250657477264774, rho: 0.3754347782628334
max|S_ij| (off-diag): 9.25395694250426, rho: 0.3754347782628334
max|S_ij| (off-diag): 9.25196161203869, rho: 0.3754347782628334
max|S_ij| (off-diag): 9.250092031646515, rho: 0.3754347782628334
max|S_ij| (off-diag): 9.25214786627162, rho: 0.3754347782628334
max|S_ij| (off-diag): 9.253263193152026, rho: 0.3754347782628334
max|S_ij| (off-diag): 9.252476943267558, rho: 0.3754347782628334
max|S_ij| (off-diag): 9.249889982795835, rho: 0.3754347782628334
max|S_ij| (off-diag): 9.249462952580101, rho: 0.3754347782628334
max|S_ij| (off-diag): 9.254140092232145, rho: 0.3754347782628334
max|S_ij| (off-diag): 9.2531235430119, rho: 0.3754347782628334
max|S_ij| (off-diag): 9.252330323121152, rho: 0.3754347782628334
max|S_ij| (off-diag): 9.252939223601228, rho: 0.3754347782628334
max|S_ij| (off-diag): 9.253363988740746, rho: 0.3754347782628334
max|S_ij| (off-diag): 9.253717290019626, rho: 0.3754347782628334
max|S_ij| (off-diag): 9.2535827335472, rho: 0.3754347782628334
max|S_ij| (off-diag): 9.251795989734857, rho: 0.3754347782628334
max|S_ij| (off-diag): 9.254027906965126, rho: 0.3754347782628334
max|S_ij| (off-diag): 9.251078873335715, rho: 0.3754347782628334
max|S_ij| (off-diag): 9.252174547691597, rho: 0.3754347782628334
max|S_ij| (off-diag): 9.251550022742428, rho: 0.3754347782628334
max|S_ij| (off-diag): 9.252650215145778, rho: 0.3754347782628334
max|S_ij| (off-diag): 9.25180652632543, rho: 0.3754347782628334
max|S_ij| (off-diag): 9.251527947881614, rho: 0.3754347782628334
max|S_ij| (off-diag): 9.25091979463574, rho: 0.3754347782628334
max|S_ij| (off-diag): 9.250600433848573, rho: 0.3754347782628334
max|S_ij| (off-diag): 9.251340406455949, rho: 0.3754347782628334
max|S_ij| (off-diag): 9.254919897689694, rho: 0.3754347782628334
max|S_ij| (off-diag): 9.252451846452214, rho: 0.3754347782628334
max|S_ij| (off-diag): 9.255359847164726, rho: 0.3754347782628334
max|S_ij| (off-diag): 9.253429319593097, rho: 0.3754347782628334
max|S_ij| (off-diag): 9.24997348750807, rho: 0.3754347782628334
max|S_ij| (off-diag): 9.25146791624786, rho: 0.3754347782628334
max|S_ij| (off-diag): 9.251671523428474, rho: 0.3754347782628334
max|S_ij| (off-diag): 9.252056562939126, rho: 0.3754347782628334
max|S_ij| (off-diag): 9.2536109918051, rho: 0.3754347782628334
max|S_ij| (off-diag): 9.251976757585192, rho: 0.3754347782628334
max|S_ij| (off-diag): 9.252593119215975, rho: 0.3754347782628334
max|S_ij| (off-diag): 9.250662805732826, rho: 0.3754347782628334
max|S_ij| (off-diag): 9.250513582445835, rho: 0.3754347782628334
max|S_ij| (off-diag): 9.249887931269543, rho: 0.3754347782628334
max|S_ij| (off-diag): 9.253033760894603, rho: 0.3754347782628334
max|S_ij| (off-diag): 9.252414919302623, rho: 0.3754347782628334
max|S_ij| (off-diag): 9.253291837552185, rho: 0.3754347782628334
max|S_ij| (off-diag): 9.25118307002458, rho: 0.3754347782628334
max|S_ij| (off-diag): 9.251381146867379, rho: 0.3754347782628334
max|S_ij| (off-diag): 9.251124151131396, rho: 0.3754347782628334
max|S_ij| (off-diag): 9.251997421767278, rho: 0.3754347782628334
max|S_ij| (off-diag): 9.251213637382937, rho: 0.3754347782628334
max|S_ij| (off-diag): 9.253339013131573, rho: 0.3754347782628334
max|S_ij| (off-diag): 9.253596750172312, rho: 0.3754347782628334
max|S_ij| (off-diag): 9.253324986314995, rho: 0.3754347782628334
max|S_ij| (off-diag): 9.252634854468518, rho: 0.3754347782628334
max|S_ij| (off-diag): 9.250376590662741, rho: 0.3754347782628334
max|S_ij| (off-diag): 9.250174785904765, rho: 0.3754347782628334
max|S_ij| (off-diag): 9.252374068638307, rho: 0.3754347782628334
max|S_ij| (off-diag): 9.252182078336762, rho: 0.3754347782628334
max|S_ij| (off-diag): 9.251530010466455, rho: 0.3754347782628334
max|S_ij| (off-diag): 9.252102385305102, rho: 0.3754347782628334
max|S_ij| (off-diag): 9.253519852784727, rho: 0.3754347782628334
max|S_ij| (off-diag): 9.25600564460548, rho: 0.3754347782628334
max|S_ij| (off-diag): 9.254902929635923, rho: 0.3754347782628334
max|S_ij| (off-diag): 9.254156505611428, rho: 0.3754347782628334
max|S_ij| (off-diag): 9.254191713108034, rho: 0.3754347782628334
max|S_ij| (off-diag): 9.25425783942325, rho: 0.3754347782628334
max|S_ij| (off-diag): 9.254467596474584, rho: 0.3754347782628334
max|S_ij| (off-diag): 9.255101108438524, rho: 0.3754347782628334
max|S_ij| (off-diag): 9.251860702649, rho: 0.3754347782628334
max|S_ij| (off-diag): 9.25262586062891, rho: 0.3754347782628334
max|S_ij| (off-diag): 9.254313000259298, rho: 0.3754347782628334
max|S_ij| (off-diag): 9.253997471511985, rho: 0.3754347782628334
max|S_ij| (off-diag): 9.253673054211777, rho: 0.3754347782628334
max|S_ij| (off-diag): 9.254132525964598, rho: 0.3754347782628334
max|S_ij| (off-diag): 9.253953273112126, rho: 0.3754347782628334
max|S_ij| (off-diag): 9.25506089402161, rho: 0.3754347782628334
max|S_ij| (off-diag): 9.254691222028983, rho: 0.3754347782628334
max|S_ij| (off-diag): 9.253918967878748, rho: 0.3754347782628334
max|S_ij| (off-diag): 9.25240865487419, rho: 0.3754347782628334
max|S_ij| (off-diag): 9.252796317701579, rho: 0.3754347782628334
max|S_ij| (off-diag): 9.249788987751058, rho: 0.3754347782628334
max|S_ij| (off-diag): 9.249851350398224, rho: 0.3754347782628334
max|S_ij| (off-diag): 9.249676657330918, rho: 0.3754347782628334
max|S_ij| (off-diag): 9.24905641064512, rho: 0.3754347782628334
max|S_ij| (off-diag): 9.24872875797316, rho: 0.3754347782628334
max|S_ij| (off-diag): 9.25051673709762, rho: 0.3754347782628334
max|S_ij| (off-diag): 9.254320563555517, rho: 0.3754347782628334
max|S_ij| (off-diag): 9.253793402196507, rho: 0.3754347782628334
max|S_ij| (off-diag): 9.25280703833225, rho: 0.3754347782628334
max|S_ij| (off-diag): 9.255194699861658, rho: 0.3754347782628334
max|S_ij| (off-diag): 9.25383851014664, rho: 0.3754347782628334
max|S_ij| (off-diag): 9.253786487642644, rho: 0.3754347782628334
max|S_ij| (off-diag): 9.252487402116948, rho: 0.3754347782628334
max|S_ij| (off-diag): 9.251322326379013, rho: 0.3754347782628334
max|S_ij| (off-diag): 9.25393189399809, rho: 0.3754347782628334
max|S_ij| (off-diag): 9.252765951146342, rho: 0.3754347782628334
max|S_ij| (off-diag): 9.25214244953656, rho: 0.3754347782628334
max|S_ij| (off-diag): 9.250953408638226, rho: 0.3754347782628334
max|S_ij| (off-diag): 9.253538149068307, rho: 0.3754347782628334
max|S_ij| (off-diag): 9.252102706842939, rho: 0.3754347782628334
max|S_ij| (off-diag): 9.253120922353212, rho: 0.3754347782628334
max|S_ij| (off-diag): 9.253051235815708, rho: 0.3754347782628334
max|S_ij| (off-diag): 9.25128777546072, rho: 0.3754347782628334
max|S_ij| (off-diag): 9.25126540154074, rho: 0.3754347782628334
max|S_ij| (off-diag): 9.249141717678945, rho: 0.3754347782628334
max|S_ij| (off-diag): 9.24901799090095, rho: 0.3754347782628334
max|S_ij| (off-diag): 9.251250201656312, rho: 0.3754347782628334
max|S_ij| (off-diag): 9.252754392449413, rho: 0.3754347782628334
max|S_ij| (off-diag): 9.255488596270755, rho: 0.3754347782628334
max|S_ij| (off-diag): 9.252615170593874, rho: 0.3754347782628334
max|S_ij| (off-diag): 9.251278548294088, rho: 0.3754347782628334
max|S_ij| (off-diag): 9.2510442171902, rho: 0.3754347782628334
max|S_ij| (off-diag): 9.252142444220366, rho: 0.3754347782628334
max|S_ij| (off-diag): 9.251382431429137, rho: 0.3754347782628334
max|S_ij| (off-diag): 9.251107913994886, rho: 0.3754347782628334
max|S_ij| (off-diag): 9.249527614040101, rho: 0.3754347782628334
max|S_ij| (off-diag): 9.252456850337538, rho: 0.3754347782628334
max|S_ij| (off-diag): 9.254595870713946, rho: 0.3754347782628334
max|S_ij| (off-diag): 9.252557092095156, rho: 0.3754347782628334
max|S_ij| (off-diag): 9.251580622559823, rho: 0.3754347782628334
max|S_ij| (off-diag): 9.251715001084301, rho: 0.3754347782628334
max|S_ij| (off-diag): 9.250640045710925, rho: 0.3754347782628334
max|S_ij| (off-diag): 9.2509539476156, rho: 0.3754347782628334
max|S_ij| (off-diag): 9.25360906758936, rho: 0.3754347782628334
max|S_ij| (off-diag): 9.253225959900869, rho: 0.3754347782628334
max|S_ij| (off-diag): 9.251445223557777, rho: 0.3754347782628334
max|S_ij| (off-diag): 9.251853029567307, rho: 0.3754347782628334
max|S_ij| (off-diag): 9.249876897764098, rho: 0.3754347782628334
max|S_ij| (off-diag): 9.250183248166033, rho: 0.3754347782628334
max|S_ij| (off-diag): 9.250699838678866, rho: 0.3754347782628334
max|S_ij| (off-diag): 9.25017121951148, rho: 0.3754347782628334
max|S_ij| (off-diag): 9.249234495508677, rho: 0.3754347782628334
max|S_ij| (off-diag): 9.251355698844803, rho: 0.3754347782628334
max|S_ij| (off-diag): 9.25192965420293, rho: 0.3754347782628334
max|S_ij| (off-diag): 9.253152793924103, rho: 0.3754347782628334
max|S_ij| (off-diag): 9.254161808833608, rho: 0.3754347782628334
max|S_ij| (off-diag): 9.25325728458248, rho: 0.3754347782628334
max|S_ij| (off-diag): 9.250347688623792, rho: 0.3754347782628334
max|S_ij| (off-diag): 9.250787723122011, rho: 0.3754347782628334
max|S_ij| (off-diag): 9.252117188781199, rho: 0.3754347782628334
max|S_ij| (off-diag): 9.253173820268296, rho: 0.3754347782628334
max|S_ij| (off-diag): 9.253245901405219, rho: 0.3754347782628334
max|S_ij| (off-diag): 9.25338015643144, rho: 0.3754347782628334
max|S_ij| (off-diag): 9.25390475165361, rho: 0.3754347782628334
max|S_ij| (off-diag): 9.25533330633028, rho: 0.3754347782628334
max|S_ij| (off-diag): 9.253513983979731, rho: 0.3754347782628334
max|S_ij| (off-diag): 9.253330566162177, rho: 0.3754347782628334
max|S_ij| (off-diag): 9.251844180863955, rho: 0.3754347782628334
max|S_ij| (off-diag): 9.252312038567304, rho: 0.3754347782628334
max|S_ij| (off-diag): 9.25302318797511, rho: 0.3754347782628334
max|S_ij| (off-diag): 9.252375235024866, rho: 0.3754347782628334
max|S_ij| (off-diag): 9.250717345053149, rho: 0.3754347782628334
max|S_ij| (off-diag): 9.253305556740013, rho: 0.3754347782628334
max|S_ij| (off-diag): 9.252380105135698, rho: 0.3754347782628334
max|S_ij| (off-diag): 9.252679569774186, rho: 0.3754347782628334
max|S_ij| (off-diag): 9.253960423295151, rho: 0.3754347782628334
max|S_ij| (off-diag): 9.249836234991738, rho: 0.3754347782628334
max|S_ij| (off-diag): 9.252429992949262, rho: 0.3754347782628334
max|S_ij| (off-diag): 9.2536257649815, rho: 0.3754347782628334
max|S_ij| (off-diag): 9.253507848214564, rho: 0.3754347782628334
max|S_ij| (off-diag): 9.254688157108172, rho: 0.3754347782628334
max|S_ij| (off-diag): 9.252316527538817, rho: 0.3754347782628334
max|S_ij| (off-diag): 9.252501171673998, rho: 0.3754347782628334
max|S_ij| (off-diag): 9.25176742187921, rho: 0.3754347782628334
max|S_ij| (off-diag): 9.252117700812633, rho: 0.3754347782628334
max|S_ij| (off-diag): 9.254420343415244, rho: 0.3754347782628334
max|S_ij| (off-diag): 9.252567169076167, rho: 0.3754347782628334
max|S_ij| (off-diag): 9.252203388055946, rho: 0.3754347782628334
max|S_ij| (off-diag): 9.249446456478646, rho: 0.3754347782628334
max|S_ij| (off-diag): 9.248742296528594, rho: 0.3754347782628334
max|S_ij| (off-diag): 9.24812041975626, rho: 0.3754347782628334
max|S_ij| (off-diag): 9.25099356567195, rho: 0.3754347782628334
max|S_ij| (off-diag): 9.251159019777624, rho: 0.3754347782628334
max|S_ij| (off-diag): 9.247715364781248, rho: 0.3754347782628334
max|S_ij| (off-diag): 9.248745025470877, rho: 0.3754347782628334
max|S_ij| (off-diag): 9.250369281306938, rho: 0.3754347782628334
max|S_ij| (off-diag): 9.25192734324986, rho: 0.3754347782628334
max|S_ij| (off-diag): 9.25192113609627, rho: 0.3754347782628334
max|S_ij| (off-diag): 9.254066356903667, rho: 0.3754347782628334
max|S_ij| (off-diag): 9.254173906105427, rho: 0.3754347782628334
max|S_ij| (off-diag): 9.253390876805234, rho: 0.3754347782628334
max|S_ij| (off-diag): 9.249088211850486, rho: 0.3754347782628334
max|S_ij| (off-diag): 9.251468958236122, rho: 0.3754347782628334
max|S_ij| (off-diag): 9.251939165694488, rho: 0.3754347782628334
max|S_ij| (off-diag): 9.251510423801143, rho: 0.3754347782628334
max|S_ij| (off-diag): 9.250943416115991, rho: 0.3754347782628334
max|S_ij| (off-diag): 9.251057667328562, rho: 0.3754347782628334
max|S_ij| (off-diag): 9.253206893343418, rho: 0.3754347782628334
max|S_ij| (off-diag): 9.252106836262788, rho: 0.3754347782628334
max|S_ij| (off-diag): 9.251139896039454, rho: 0.3754347782628334
max|S_ij| (off-diag): 9.248642693775624, rho: 0.3754347782628334
max|S_ij| (off-diag): 9.251015218198646, rho: 0.3754347782628334
max|S_ij| (off-diag): 9.25105432011686, rho: 0.3754347782628334
0.584967995044394 0.7757009345794392
  rho=0.32031 (5/30)
max|S_ij| (off-diag): 9.252266031378236, rho: 0.3203088834932596
max|S_ij| (off-diag): 9.27783980708862, rho: 0.3203088834932596
max|S_ij| (off-diag): 9.295320606973922, rho: 0.3203088834932596
max|S_ij| (off-diag): 9.305490358533895, rho: 0.3203088834932596
max|S_ij| (off-diag): 9.316802888175921, rho: 0.3203088834932596
max|S_ij| (off-diag): 9.317637245536037, rho: 0.3203088834932596
max|S_ij| (off-diag): 9.31944435447788, rho: 0.3203088834932596
max|S_ij| (off-diag): 9.323443096674179, rho: 0.3203088834932596
max|S_ij| (off-diag): 9.325717224604016, rho: 0.3203088834932596
max|S_ij| (off-diag): 9.327040661050486, rho: 0.3203088834932596
max|S_ij| (off-diag): 9.32781569509573, rho: 0.3203088834932596
max|S_ij| (off-diag): 9.328268868620935, rho: 0.3203088834932596
max|S_ij| (off-diag): 9.328533489834166, rho: 0.3203088834932596
max|S_ij| (off-diag): 9.328687942850076, rho: 0.3203088834932596
max|S_ij| (off-diag): 9.328777979665887, rho: 0.3203088834932596
max|S_ij| (off-diag): 9.328830430121952, rho: 0.3203088834932596
max|S_ij| (off-diag): 9.328860933950489, rho: 0.3203088834932596
max|S_ij| (off-diag): 9.328878661415416, rho: 0.3203088834932596
max|S_ij| (off-diag): 9.328888956468406, rho: 0.3203088834932596
max|S_ij| (off-diag): 9.328894930799178, rho: 0.3203088834932596
max|S_ij| (off-diag): 9.328898395013205, rho: 0.3203088834932596
max|S_ij| (off-diag): 9.328900401979519, rho: 0.3203088834932596
max|S_ij| (off-diag): 9.328901563562784, rho: 0.3203088834932596
max|S_ij| (off-diag): 9.328902235115997, rho: 0.3203088834932596
max|S_ij| (off-diag): 9.328902622877486, rho: 0.3203088834932596
max|S_ij| (off-diag): 9.328902846453811, rho: 0.3203088834932596
max|S_ij| (off-diag): 9.328902975152305, rho: 0.3203088834932596
max|S_ij| (off-diag): 9.328903049096116, rho: 0.3203088834932596
max|S_ij| (off-diag): 9.32890309148839, rho: 0.3203088834932596
max|S_ij| (off-diag): 9.328903115731157, rho: 0.3203088834932596
max|S_ij| (off-diag): 9.328903129554512, rho: 0.3203088834932596
max|S_ij| (off-diag): 9.32890313741002, rho: 0.3203088834932596
max|S_ij| (off-diag): 9.32890314185643, rho: 0.3203088834932596
max|S_ij| (off-diag): 9.328903144361478, rho: 0.3203088834932596
max|S_ij| (off-diag): 9.328903145764952, rho: 0.3203088834932596
max|S_ij| (off-diag): 9.328903146545986, rho: 0.3203088834932596
max|S_ij| (off-diag): 9.328903146977115, rho: 0.3203088834932596
max|S_ij| (off-diag): 9.32890314721276, rho: 0.3203088834932596
max|S_ij| (off-diag): 9.328903147339915, rho: 0.3203088834932596
max|S_ij| (off-diag): 9.32890314740738, rho: 0.3203088834932596
max|S_ij| (off-diag): 9.328903147442421, rho: 0.3203088834932596
max|S_ij| (off-diag): 9.328903147460064, rho: 0.3203088834932596
max|S_ij| (off-diag): 9.328903147468536, rho: 0.3203088834932596
max|S_ij| (off-diag): 9.328903147472346, rho: 0.3203088834932596
max|S_ij| (off-diag): 9.32890314747381, rho: 0.3203088834932596
max|S_ij| (off-diag): 9.32890314747416, rho: 0.3203088834932596
max|S_ij| (off-diag): 9.328903147474065, rho: 0.3203088834932596
max|S_ij| (off-diag): 9.328903147473806, rho: 0.3203088834932596
max|S_ij| (off-diag): 9.328903147473534, rho: 0.3203088834932596
max|S_ij| (off-diag): 9.328903147473298, rho: 0.3203088834932596
max|S_ij| (off-diag): 9.328903147473095, rho: 0.3203088834932596
max|S_ij| (off-diag): 9.328903147472946, rho: 0.3203088834932596
max|S_ij| (off-diag): 9.328903147472838, rho: 0.3203088834932596
max|S_ij| (off-diag): 9.328903147472763, rho: 0.3203088834932596
max|S_ij| (off-diag): 9.328903147472698, rho: 0.3203088834932596
max|S_ij| (off-diag): 9.328903147472671, rho: 0.3203088834932596
max|S_ij| (off-diag): 9.32890314747263, rho: 0.3203088834932596
max|S_ij| (off-diag): 9.328903147472609, rho: 0.3203088834932596
max|S_ij| (off-diag): 9.328903147472596, rho: 0.3203088834932596
max|S_ij| (off-diag): 9.32890314747257, rho: 0.3203088834932596
max|S_ij| (off-diag): 9.328903147472577, rho: 0.3203088834932596
max|S_ij| (off-diag): 9.32890314747259, rho: 0.3203088834932596
max|S_ij| (off-diag): 9.328903147472571, rho: 0.3203088834932596
max|S_ij| (off-diag): 9.328903147472566, rho: 0.3203088834932596
max|S_ij| (off-diag): 9.328903147472563, rho: 0.3203088834932596
max|S_ij| (off-diag): 9.328903147472577, rho: 0.3203088834932596
max|S_ij| (off-diag): 9.328903147472577, rho: 0.3203088834932596
max|S_ij| (off-diag): 9.328903147472555, rho: 0.3203088834932596
max|S_ij| (off-diag): 9.328903147472566, rho: 0.3203088834932596
max|S_ij| (off-diag): 9.328903147472529, rho: 0.3203088834932596
max|S_ij| (off-diag): 9.328903147472548, rho: 0.3203088834932596
max|S_ij| (off-diag): 9.328903147472547, rho: 0.3203088834932596
max|S_ij| (off-diag): 9.328903147472557, rho: 0.3203088834932596
max|S_ij| (off-diag): 9.328903147472563, rho: 0.3203088834932596
max|S_ij| (off-diag): 9.32890314747256, rho: 0.3203088834932596
max|S_ij| (off-diag): 9.328903147472564, rho: 0.3203088834932596
max|S_ij| (off-diag): 9.328903147472571, rho: 0.3203088834932596
max|S_ij| (off-diag): 9.328903147472575, rho: 0.3203088834932596
max|S_ij| (off-diag): 9.328903147472559, rho: 0.3203088834932596
max|S_ij| (off-diag): 9.328903147472575, rho: 0.3203088834932596
max|S_ij| (off-diag): 9.32890314747256, rho: 0.3203088834932596
max|S_ij| (off-diag): 9.32890314747256, rho: 0.3203088834932596
max|S_ij| (off-diag): 9.32890314747255, rho: 0.3203088834932596
max|S_ij| (off-diag): 9.328903147472563, rho: 0.3203088834932596
max|S_ij| (off-diag): 9.328903147472559, rho: 0.3203088834932596
max|S_ij| (off-diag): 9.328903147472566, rho: 0.3203088834932596
max|S_ij| (off-diag): 9.328903147472568, rho: 0.3203088834932596
max|S_ij| (off-diag): 9.328903147472575, rho: 0.3203088834932596
max|S_ij| (off-diag): 9.328903147472582, rho: 0.3203088834932596
max|S_ij| (off-diag): 9.328903147472575, rho: 0.3203088834932596
max|S_ij| (off-diag): 9.328903147472568, rho: 0.3203088834932596
max|S_ij| (off-diag): 9.32890314747258, rho: 0.3203088834932596
max|S_ij| (off-diag): 9.328903147472584, rho: 0.3203088834932596
max|S_ij| (off-diag): 9.328903147472579, rho: 0.3203088834932596
max|S_ij| (off-diag): 9.328903147472573, rho: 0.3203088834932596
max|S_ij| (off-diag): 9.328903147472547, rho: 0.3203088834932596
max|S_ij| (off-diag): 9.328903147472547, rho: 0.3203088834932596
max|S_ij| (off-diag): 9.328903147472534, rho: 0.3203088834932596
max|S_ij| (off-diag): 9.328903147472555, rho: 0.3203088834932596
max|S_ij| (off-diag): 9.32890314747253, rho: 0.3203088834932596
max|S_ij| (off-diag): 9.328903147472547, rho: 0.3203088834932596
max|S_ij| (off-diag): 9.328903147472543, rho: 0.3203088834932596
max|S_ij| (off-diag): 9.328903147472523, rho: 0.3203088834932596
max|S_ij| (off-diag): 9.328903147472536, rho: 0.3203088834932596
max|S_ij| (off-diag): 9.328903147472547, rho: 0.3203088834932596
max|S_ij| (off-diag): 9.328903147472545, rho: 0.3203088834932596
max|S_ij| (off-diag): 9.328903147472547, rho: 0.3203088834932596
max|S_ij| (off-diag): 9.328903147472547, rho: 0.3203088834932596
max|S_ij| (off-diag): 9.32890314747256, rho: 0.3203088834932596
max|S_ij| (off-diag): 9.32890314747255, rho: 0.3203088834932596
max|S_ij| (off-diag): 9.328903147472527, rho: 0.3203088834932596
max|S_ij| (off-diag): 9.328903147472555, rho: 0.3203088834932596
max|S_ij| (off-diag): 9.328903147472554, rho: 0.3203088834932596
max|S_ij| (off-diag): 9.32890314747254, rho: 0.3203088834932596
max|S_ij| (off-diag): 9.328903147472543, rho: 0.3203088834932596
max|S_ij| (off-diag): 9.328903147472547, rho: 0.3203088834932596
max|S_ij| (off-diag): 9.328903147472555, rho: 0.3203088834932596
max|S_ij| (off-diag): 9.328903147472552, rho: 0.3203088834932596
max|S_ij| (off-diag): 9.328903147472547, rho: 0.3203088834932596
max|S_ij| (off-diag): 9.328903147472543, rho: 0.3203088834932596
max|S_ij| (off-diag): 9.328903147472557, rho: 0.3203088834932596
max|S_ij| (off-diag): 9.328903147472566, rho: 0.3203088834932596
max|S_ij| (off-diag): 9.328903147472575, rho: 0.3203088834932596
max|S_ij| (off-diag): 9.328903147472579, rho: 0.3203088834932596
max|S_ij| (off-diag): 9.328903147472579, rho: 0.3203088834932596
max|S_ij| (off-diag): 9.32890314747256, rho: 0.3203088834932596
max|S_ij| (off-diag): 9.32890314747253, rho: 0.3203088834932596
max|S_ij| (off-diag): 9.328903147472547, rho: 0.3203088834932596
max|S_ij| (off-diag): 9.328903147472543, rho: 0.3203088834932596
max|S_ij| (off-diag): 9.328903147472552, rho: 0.3203088834932596
max|S_ij| (off-diag): 9.328903147472557, rho: 0.3203088834932596
max|S_ij| (off-diag): 9.32890314747258, rho: 0.3203088834932596
max|S_ij| (off-diag): 9.328903147472557, rho: 0.3203088834932596
max|S_ij| (off-diag): 9.328903147472577, rho: 0.3203088834932596
max|S_ij| (off-diag): 9.328903147472566, rho: 0.3203088834932596
max|S_ij| (off-diag): 9.32890314747255, rho: 0.3203088834932596
max|S_ij| (off-diag): 9.328903147472552, rho: 0.3203088834932596
max|S_ij| (off-diag): 9.328903147472543, rho: 0.3203088834932596
max|S_ij| (off-diag): 9.328903147472543, rho: 0.3203088834932596
max|S_ij| (off-diag): 9.328903147472547, rho: 0.3203088834932596
max|S_ij| (off-diag): 9.328903147472575, rho: 0.3203088834932596
max|S_ij| (off-diag): 9.328903147472587, rho: 0.3203088834932596
max|S_ij| (off-diag): 9.328903147472582, rho: 0.3203088834932596
max|S_ij| (off-diag): 9.32890314747255, rho: 0.3203088834932596
max|S_ij| (off-diag): 9.328903147472582, rho: 0.3203088834932596
max|S_ij| (off-diag): 9.328903147472575, rho: 0.3203088834932596
max|S_ij| (off-diag): 9.328903147472571, rho: 0.3203088834932596
max|S_ij| (off-diag): 9.328903147472568, rho: 0.3203088834932596
max|S_ij| (off-diag): 9.328903147472587, rho: 0.3203088834932596
max|S_ij| (off-diag): 9.328903147472559, rho: 0.3203088834932596
max|S_ij| (off-diag): 9.328903147472568, rho: 0.3203088834932596
max|S_ij| (off-diag): 9.328903147472566, rho: 0.3203088834932596
max|S_ij| (off-diag): 9.328903147472563, rho: 0.3203088834932596
max|S_ij| (off-diag): 9.328903147472566, rho: 0.3203088834932596
max|S_ij| (off-diag): 9.328903147472566, rho: 0.3203088834932596
max|S_ij| (off-diag): 9.328903147472552, rho: 0.3203088834932596
max|S_ij| (off-diag): 9.32890314747257, rho: 0.3203088834932596
max|S_ij| (off-diag): 9.328903147472575, rho: 0.3203088834932596
max|S_ij| (off-diag): 9.32890314747255, rho: 0.3203088834932596
max|S_ij| (off-diag): 9.328903147472543, rho: 0.3203088834932596
max|S_ij| (off-diag): 9.32890314747254, rho: 0.3203088834932596
max|S_ij| (off-diag): 9.328903147472532, rho: 0.3203088834932596
max|S_ij| (off-diag): 9.32890314747256, rho: 0.3203088834932596
max|S_ij| (off-diag): 9.328903147472555, rho: 0.3203088834932596
max|S_ij| (off-diag): 9.328903147472577, rho: 0.3203088834932596
max|S_ij| (off-diag): 9.328903147472552, rho: 0.3203088834932596
max|S_ij| (off-diag): 9.328903147472547, rho: 0.3203088834932596
max|S_ij| (off-diag): 9.328903147472552, rho: 0.3203088834932596
max|S_ij| (off-diag): 9.328903147472566, rho: 0.3203088834932596
max|S_ij| (off-diag): 9.328903147472575, rho: 0.3203088834932596
max|S_ij| (off-diag): 9.328903147472555, rho: 0.3203088834932596
max|S_ij| (off-diag): 9.328903147472586, rho: 0.3203088834932596
max|S_ij| (off-diag): 9.328903147472579, rho: 0.3203088834932596
max|S_ij| (off-diag): 9.32890314747257, rho: 0.3203088834932596
max|S_ij| (off-diag): 9.328903147472591, rho: 0.3203088834932596
max|S_ij| (off-diag): 9.32890314747258, rho: 0.3203088834932596
max|S_ij| (off-diag): 9.328903147472563, rho: 0.3203088834932596
max|S_ij| (off-diag): 9.328903147472545, rho: 0.3203088834932596
max|S_ij| (off-diag): 9.328903147472538, rho: 0.3203088834932596
max|S_ij| (off-diag): 9.328903147472538, rho: 0.3203088834932596
max|S_ij| (off-diag): 9.328903147472545, rho: 0.3203088834932596
max|S_ij| (off-diag): 9.328903147472563, rho: 0.3203088834932596
max|S_ij| (off-diag): 9.328903147472559, rho: 0.3203088834932596
max|S_ij| (off-diag): 9.328903147472564, rho: 0.3203088834932596
max|S_ij| (off-diag): 9.328903147472523, rho: 0.3203088834932596
max|S_ij| (off-diag): 9.328903147472547, rho: 0.3203088834932596
max|S_ij| (off-diag): 9.328903147472554, rho: 0.3203088834932596
max|S_ij| (off-diag): 9.328903147472545, rho: 0.3203088834932596
max|S_ij| (off-diag): 9.328903147472555, rho: 0.3203088834932596
max|S_ij| (off-diag): 9.328903147472555, rho: 0.3203088834932596
max|S_ij| (off-diag): 9.328903147472566, rho: 0.3203088834932596
max|S_ij| (off-diag): 9.328903147472545, rho: 0.3203088834932596
max|S_ij| (off-diag): 9.328903147472559, rho: 0.3203088834932596
max|S_ij| (off-diag): 9.328903147472555, rho: 0.3203088834932596
max|S_ij| (off-diag): 9.328903147472547, rho: 0.3203088834932596
max|S_ij| (off-diag): 9.32890314747255, rho: 0.3203088834932596
max|S_ij| (off-diag): 9.328903147472571, rho: 0.3203088834932596
max|S_ij| (off-diag): 9.328903147472568, rho: 0.3203088834932596
max|S_ij| (off-diag): 9.328903147472563, rho: 0.3203088834932596
max|S_ij| (off-diag): 9.328903147472566, rho: 0.3203088834932596
0.6177988849886434 0.7850467289719626
  rho=0.27328 (6/30)
max|S_ij| (off-diag): 9.32890314747258, rho: 0.27327724224012123
max|S_ij| (off-diag): 9.352764973847822, rho: 0.27327724224012123
max|S_ij| (off-diag): 9.36658059048214, rho: 0.27327724224012123
max|S_ij| (off-diag): 9.376561417123416, rho: 0.27327724224012123
max|S_ij| (off-diag): 9.383193126387077, rho: 0.27327724224012123
max|S_ij| (off-diag): 9.390917662814468, rho: 0.27327724224012123
max|S_ij| (off-diag): 9.390209941372174, rho: 0.27327724224012123
max|S_ij| (off-diag): 9.392634752562957, rho: 0.27327724224012123
max|S_ij| (off-diag): 9.389955999747496, rho: 0.27327724224012123
max|S_ij| (off-diag): 9.389931526040003, rho: 0.27327724224012123
max|S_ij| (off-diag): 9.389130960022314, rho: 0.27327724224012123
max|S_ij| (off-diag): 9.391134885887409, rho: 0.27327724224012123
max|S_ij| (off-diag): 9.392135143554658, rho: 0.27327724224012123
max|S_ij| (off-diag): 9.39228541509752, rho: 0.27327724224012123
max|S_ij| (off-diag): 9.39074213976556, rho: 0.27327724224012123
max|S_ij| (off-diag): 9.389745434304686, rho: 0.27327724224012123
max|S_ij| (off-diag): 9.391235507925108, rho: 0.27327724224012123
max|S_ij| (off-diag): 9.389677973003336, rho: 0.27327724224012123
max|S_ij| (off-diag): 9.392593703670206, rho: 0.27327724224012123
max|S_ij| (off-diag): 9.391585067851997, rho: 0.27327724224012123
max|S_ij| (off-diag): 9.393708131835828, rho: 0.27327724224012123
max|S_ij| (off-diag): 9.39185397652434, rho: 0.27327724224012123
max|S_ij| (off-diag): 9.393271801113142, rho: 0.27327724224012123
max|S_ij| (off-diag): 9.393987925059175, rho: 0.27327724224012123
max|S_ij| (off-diag): 9.390038836384841, rho: 0.27327724224012123
max|S_ij| (off-diag): 9.390930253283756, rho: 0.27327724224012123
max|S_ij| (off-diag): 9.388530866934865, rho: 0.27327724224012123
max|S_ij| (off-diag): 9.388340647035964, rho: 0.27327724224012123
max|S_ij| (off-diag): 9.391882852828722, rho: 0.27327724224012123
max|S_ij| (off-diag): 9.38934607677565, rho: 0.27327724224012123
max|S_ij| (off-diag): 9.393223537778605, rho: 0.27327724224012123
max|S_ij| (off-diag): 9.391194284837637, rho: 0.27327724224012123
max|S_ij| (off-diag): 9.392590416943941, rho: 0.27327724224012123
max|S_ij| (off-diag): 9.393762104981771, rho: 0.27327724224012123
max|S_ij| (off-diag): 9.392096060320718, rho: 0.27327724224012123
max|S_ij| (off-diag): 9.389205632852356, rho: 0.27327724224012123
max|S_ij| (off-diag): 9.387992935649894, rho: 0.27327724224012123
max|S_ij| (off-diag): 9.389029996255385, rho: 0.27327724224012123
max|S_ij| (off-diag): 9.389589525067116, rho: 0.27327724224012123
max|S_ij| (off-diag): 9.388876829736146, rho: 0.27327724224012123
max|S_ij| (off-diag): 9.392350121929413, rho: 0.27327724224012123
max|S_ij| (off-diag): 9.394232124402496, rho: 0.27327724224012123
max|S_ij| (off-diag): 9.3925067656656, rho: 0.27327724224012123
max|S_ij| (off-diag): 9.391563384196399, rho: 0.27327724224012123
max|S_ij| (off-diag): 9.389577052420755, rho: 0.27327724224012123
max|S_ij| (off-diag): 9.38853777172915, rho: 0.27327724224012123
max|S_ij| (off-diag): 9.39153486676587, rho: 0.27327724224012123
max|S_ij| (off-diag): 9.390972742689735, rho: 0.27327724224012123
max|S_ij| (off-diag): 9.392694239641333, rho: 0.27327724224012123
max|S_ij| (off-diag): 9.390529254103315, rho: 0.27327724224012123
max|S_ij| (off-diag): 9.389690651683221, rho: 0.27327724224012123
max|S_ij| (off-diag): 9.38955493015371, rho: 0.27327724224012123
max|S_ij| (off-diag): 9.384640014881414, rho: 0.27327724224012123
max|S_ij| (off-diag): 9.385877148553867, rho: 0.27327724224012123
max|S_ij| (off-diag): 9.386637292584686, rho: 0.27327724224012123
max|S_ij| (off-diag): 9.391176004227964, rho: 0.27327724224012123
max|S_ij| (off-diag): 9.39246325753097, rho: 0.27327724224012123
max|S_ij| (off-diag): 9.391106675025236, rho: 0.27327724224012123
max|S_ij| (off-diag): 9.389813901721126, rho: 0.27327724224012123
max|S_ij| (off-diag): 9.393418998615239, rho: 0.27327724224012123
max|S_ij| (off-diag): 9.38993684716633, rho: 0.27327724224012123
max|S_ij| (off-diag): 9.389063450132731, rho: 0.27327724224012123
max|S_ij| (off-diag): 9.389883799784227, rho: 0.27327724224012123
max|S_ij| (off-diag): 9.388251181698575, rho: 0.27327724224012123
max|S_ij| (off-diag): 9.389706310132603, rho: 0.27327724224012123
max|S_ij| (off-diag): 9.389011709052992, rho: 0.27327724224012123
max|S_ij| (off-diag): 9.38795857815391, rho: 0.27327724224012123
max|S_ij| (off-diag): 9.391941383638752, rho: 0.27327724224012123
max|S_ij| (off-diag): 9.391065142832742, rho: 0.27327724224012123
max|S_ij| (off-diag): 9.389852020287424, rho: 0.27327724224012123
max|S_ij| (off-diag): 9.389046880372836, rho: 0.27327724224012123
max|S_ij| (off-diag): 9.391461383905073, rho: 0.27327724224012123
max|S_ij| (off-diag): 9.391168854485343, rho: 0.27327724224012123
max|S_ij| (off-diag): 9.390195082546443, rho: 0.27327724224012123
max|S_ij| (off-diag): 9.389849427474031, rho: 0.27327724224012123
max|S_ij| (off-diag): 9.389769836083673, rho: 0.27327724224012123
max|S_ij| (off-diag): 9.388611250576128, rho: 0.27327724224012123
max|S_ij| (off-diag): 9.387486063200715, rho: 0.27327724224012123
max|S_ij| (off-diag): 9.387723674864297, rho: 0.27327724224012123
max|S_ij| (off-diag): 9.386743736513171, rho: 0.27327724224012123
max|S_ij| (off-diag): 9.38795800143654, rho: 0.27327724224012123
max|S_ij| (off-diag): 9.389183628460547, rho: 0.27327724224012123
max|S_ij| (off-diag): 9.387720073704928, rho: 0.27327724224012123
max|S_ij| (off-diag): 9.388818824338749, rho: 0.27327724224012123
max|S_ij| (off-diag): 9.391717909989493, rho: 0.27327724224012123
max|S_ij| (off-diag): 9.391345516764748, rho: 0.27327724224012123
max|S_ij| (off-diag): 9.39166932073939, rho: 0.27327724224012123
max|S_ij| (off-diag): 9.39347820025123, rho: 0.27327724224012123
max|S_ij| (off-diag): 9.392609085927367, rho: 0.27327724224012123
max|S_ij| (off-diag): 9.391863729639304, rho: 0.27327724224012123
max|S_ij| (off-diag): 9.39238230274757, rho: 0.27327724224012123
max|S_ij| (off-diag): 9.389469542123207, rho: 0.27327724224012123
max|S_ij| (off-diag): 9.388862987180449, rho: 0.27327724224012123
max|S_ij| (off-diag): 9.389828991699304, rho: 0.27327724224012123
max|S_ij| (off-diag): 9.389704870840614, rho: 0.27327724224012123
max|S_ij| (off-diag): 9.389215351652588, rho: 0.27327724224012123
max|S_ij| (off-diag): 9.388000062006668, rho: 0.27327724224012123
max|S_ij| (off-diag): 9.388947399798269, rho: 0.27327724224012123
max|S_ij| (off-diag): 9.38787576088776, rho: 0.27327724224012123
max|S_ij| (off-diag): 9.390537875318044, rho: 0.27327724224012123
max|S_ij| (off-diag): 9.39099084940222, rho: 0.27327724224012123
max|S_ij| (off-diag): 9.392754839421608, rho: 0.27327724224012123
max|S_ij| (off-diag): 9.392707059982234, rho: 0.27327724224012123
max|S_ij| (off-diag): 9.39325448553854, rho: 0.27327724224012123
max|S_ij| (off-diag): 9.392912143298197, rho: 0.27327724224012123
max|S_ij| (off-diag): 9.394304375846112, rho: 0.27327724224012123
max|S_ij| (off-diag): 9.39300163391146, rho: 0.27327724224012123
max|S_ij| (off-diag): 9.394892065213044, rho: 0.27327724224012123
max|S_ij| (off-diag): 9.393241098526643, rho: 0.27327724224012123
max|S_ij| (off-diag): 9.396308687216276, rho: 0.27327724224012123
max|S_ij| (off-diag): 9.395655204689069, rho: 0.27327724224012123
max|S_ij| (off-diag): 9.39450350281976, rho: 0.27327724224012123
max|S_ij| (off-diag): 9.39519404849067, rho: 0.27327724224012123
max|S_ij| (off-diag): 9.393810986151719, rho: 0.27327724224012123
max|S_ij| (off-diag): 9.393587747874932, rho: 0.27327724224012123
max|S_ij| (off-diag): 9.388554285871875, rho: 0.27327724224012123
max|S_ij| (off-diag): 9.38814051893711, rho: 0.27327724224012123
max|S_ij| (off-diag): 9.390301530922619, rho: 0.27327724224012123
max|S_ij| (off-diag): 9.390657512685902, rho: 0.27327724224012123
max|S_ij| (off-diag): 9.393202339657446, rho: 0.27327724224012123
max|S_ij| (off-diag): 9.392466372218781, rho: 0.27327724224012123
max|S_ij| (off-diag): 9.391842934921442, rho: 0.27327724224012123
max|S_ij| (off-diag): 9.394861276053131, rho: 0.27327724224012123
max|S_ij| (off-diag): 9.393264707388306, rho: 0.27327724224012123
max|S_ij| (off-diag): 9.392699663943237, rho: 0.27327724224012123
max|S_ij| (off-diag): 9.392653151004685, rho: 0.27327724224012123
max|S_ij| (off-diag): 9.39058810582648, rho: 0.27327724224012123
max|S_ij| (off-diag): 9.389770418981794, rho: 0.27327724224012123
max|S_ij| (off-diag): 9.388780350841754, rho: 0.27327724224012123
max|S_ij| (off-diag): 9.389641298097434, rho: 0.27327724224012123
max|S_ij| (off-diag): 9.387774884104168, rho: 0.27327724224012123
max|S_ij| (off-diag): 9.390214708531284, rho: 0.27327724224012123
max|S_ij| (off-diag): 9.389954756130724, rho: 0.27327724224012123
max|S_ij| (off-diag): 9.391420586676217, rho: 0.27327724224012123
max|S_ij| (off-diag): 9.38938034791294, rho: 0.27327724224012123
max|S_ij| (off-diag): 9.392745989338973, rho: 0.27327724224012123
max|S_ij| (off-diag): 9.394311498296913, rho: 0.27327724224012123
max|S_ij| (off-diag): 9.392564895739568, rho: 0.27327724224012123
max|S_ij| (off-diag): 9.389405766302042, rho: 0.27327724224012123
max|S_ij| (off-diag): 9.391409187525838, rho: 0.27327724224012123
max|S_ij| (off-diag): 9.39088777511751, rho: 0.27327724224012123
max|S_ij| (off-diag): 9.391290284683144, rho: 0.27327724224012123
max|S_ij| (off-diag): 9.393042786798544, rho: 0.27327724224012123
max|S_ij| (off-diag): 9.39021462553225, rho: 0.27327724224012123
max|S_ij| (off-diag): 9.389018985085661, rho: 0.27327724224012123
max|S_ij| (off-diag): 9.389011066358679, rho: 0.27327724224012123
max|S_ij| (off-diag): 9.39129044509221, rho: 0.27327724224012123
max|S_ij| (off-diag): 9.388816852692473, rho: 0.27327724224012123
max|S_ij| (off-diag): 9.39107129616331, rho: 0.27327724224012123
max|S_ij| (off-diag): 9.391318733258997, rho: 0.27327724224012123
max|S_ij| (off-diag): 9.38881988178523, rho: 0.27327724224012123
max|S_ij| (off-diag): 9.388459238008926, rho: 0.27327724224012123
max|S_ij| (off-diag): 9.388394844554991, rho: 0.27327724224012123
max|S_ij| (off-diag): 9.386837960684277, rho: 0.27327724224012123
max|S_ij| (off-diag): 9.390260910571753, rho: 0.27327724224012123
max|S_ij| (off-diag): 9.390211762488178, rho: 0.27327724224012123
max|S_ij| (off-diag): 9.391095164784232, rho: 0.27327724224012123
max|S_ij| (off-diag): 9.388678559432039, rho: 0.27327724224012123
max|S_ij| (off-diag): 9.387866708622624, rho: 0.27327724224012123
max|S_ij| (off-diag): 9.389730473975625, rho: 0.27327724224012123
max|S_ij| (off-diag): 9.391315348392224, rho: 0.27327724224012123
max|S_ij| (off-diag): 9.391978985408977, rho: 0.27327724224012123
max|S_ij| (off-diag): 9.38888626404112, rho: 0.27327724224012123
max|S_ij| (off-diag): 9.38788535604031, rho: 0.27327724224012123
max|S_ij| (off-diag): 9.385169046184163, rho: 0.27327724224012123
max|S_ij| (off-diag): 9.3869614092948, rho: 0.27327724224012123
max|S_ij| (off-diag): 9.387469274790904, rho: 0.27327724224012123
max|S_ij| (off-diag): 9.391813081770819, rho: 0.27327724224012123
max|S_ij| (off-diag): 9.394363030431576, rho: 0.27327724224012123
max|S_ij| (off-diag): 9.395578257951946, rho: 0.27327724224012123
max|S_ij| (off-diag): 9.393787582893363, rho: 0.27327724224012123
max|S_ij| (off-diag): 9.393285951799095, rho: 0.27327724224012123
max|S_ij| (off-diag): 9.390595979756705, rho: 0.27327724224012123
max|S_ij| (off-diag): 9.390151059175569, rho: 0.27327724224012123
