==============================================================================
ROC run: two_level_nu_equal_skew_all_nu_variable
==============================================================================
  started : 2026-08-14 11:35:33
  outputs : results/simulations/roc/two_level_nu_equal_skew_all_nu_variable/   (per-replicate figures, JSON, this log)
  commit  : a192813 (dirty working tree)

[design]
  replicates       : 50
  p, n             : 100, 50
  rho grid         : 20 points, min_ratio 0.01, rebuilt per method and replicate off that method's own converged S_tau
  theoretical rho  : sqrt(log p / n) = 0.30349  (pilot only; not a point on the curve)
  FP_end, max_extra: 0.7, 50

[true parameters]  simulate_aat_data
  mu_true : all 0   (length 100)
  eta_true: min -4.5   median -0.65   max 4.5   (length 100)
            [ 4.5000,  0.6500, -4.5000,  0.6500,  4.5000, -0.6500,  4.5000,
              0.6500,  4.5000,  0.6500,  4.5000,  0.6500,  4.5000,  0.6500,
             -4.5000, -0.6500,  4.5000, -0.6500, -4.5000,  0.6500, -4.5000,
             -0.6500, -4.5000,  0.6500, -4.5000,  0.6500,  4.5000,  0.6500,
             -4.5000, -0.6500, -4.5000, -0.6500,  4.5000, -0.6500,  4.5000,
             -0.6500,  4.5000, -0.6500, -4.5000,  0.6500, -4.5000, -0.6500,
             -4.5000, -0.6500, -4.5000,  0.6500,  4.5000, -0.6500, -4.5000,
             -0.6500,  4.5000, -0.6500,  4.5000, -0.6500, -4.5000, -0.6500,
             -4.5000,  0.6500,  4.5000,  0.6500,  4.5000, -0.6500,  4.5000,
             -0.6500, -4.5000,  0.6500, -4.5000, -0.6500, -4.5000, -0.6500,
             -4.5000,  0.6500, -4.5000, -0.6500, -4.5000,  0.6500,  4.5000,
              0.6500, -4.5000, -0.6500,  4.5000,  0.6500,  4.5000, -0.6500,
             -4.5000, -0.6500, -4.5000, -0.6500,  4.5000, -0.6500, -4.5000,
              0.6500,  4.5000, -0.6500, -4.5000,  0.6500, -4.5000,  0.6500,
              4.5000, -0.6500]
  nu_true : min 0.25   median 0.375   max 0.5   (length 100)
            [0.2500, 0.5000, 0.2500, 0.5000, 0.2500, 0.5000, 0.2500, 0.5000,
             0.2500, 0.5000, 0.2500, 0.5000, 0.2500, 0.5000, 0.2500, 0.5000,
             0.2500, 0.5000, 0.2500, 0.5000, 0.2500, 0.5000, 0.2500, 0.5000,
             0.2500, 0.5000, 0.2500, 0.5000, 0.2500, 0.5000, 0.2500, 0.5000,
             0.2500, 0.5000, 0.2500, 0.5000, 0.2500, 0.5000, 0.2500, 0.5000,
             0.2500, 0.5000, 0.2500, 0.5000, 0.2500, 0.5000, 0.2500, 0.5000,
             0.2500, 0.5000, 0.2500, 0.5000, 0.2500, 0.5000, 0.2500, 0.5000,
             0.2500, 0.5000, 0.2500, 0.5000, 0.2500, 0.5000, 0.2500, 0.5000,
             0.2500, 0.5000, 0.2500, 0.5000, 0.2500, 0.5000, 0.2500, 0.5000,
             0.2500, 0.5000, 0.2500, 0.5000, 0.2500, 0.5000, 0.2500, 0.5000,
             0.2500, 0.5000, 0.2500, 0.5000, 0.2500, 0.5000, 0.2500, 0.5000,
             0.2500, 0.5000, 0.2500, 0.5000, 0.2500, 0.5000, 0.2500, 0.5000,
             0.2500, 0.5000, 0.2500, 0.5000]
  Theta   : 84/4950 edges (1.70% of pairs), eigenvalues [0.600, 6.417], max |theta_jk| off-diagonal 1.000
            NOTE: this is the SUPPORT of Theta, which is the target of the ROC curves;
            it is not the conditional independence graph of Y in this model.
  rng     : entropy 20260814
            (np.random.default_rng(20260814) replays the same draws)

[methods]  nu treatment for this run
  Classical t         (run_tlasso)
      nu   : FIXED at the function default (nu = 3.0), not estimated
      args : n_iter=200, verbose=False, tol=1e-05
  Alternative t*      (run_tstar_varlasso)
      nu   : FIXED at the function default (nu = 3.0), not estimated
      args : n_iter=200, verbose=False, tol=1e-05
  Asymmetric alt-t    (run_em_diagonal)
      nu   : ESTIMATED per coordinate (nu_j), bracket [0.0001, 2], nu_j = 0 meaning that coordinate went Gaussian
      args : n_iter=200, verbose=False, tol=1e-05
  Naive Gaussian      (graphical_lasso)
      nu   : not a parameter of this model
      args : max_iter=2000, verbose=False
  Reading the per-rho nu lines below: tlasso and t*var-lasso print a scalar `nu`,
  run_em_diagonal a `median nu`/`median eta` over coordinates. The two nu's are NOT
  comparable -- tau ~ Gamma(nu/2, nu/2) for the t models, so small nu is the heavy
  tail, while EM_algorithm's tau_j ~ Inv-Gamma(2/nu_j, 2/nu_j) puts the heavy tail at
  large nu_j.
==============================================================================

Replicate 1/50
  pilot fit of run_tlasso at rho=0.30349
  -> rho_max = max|S_ij| (off-diag) = 10.44884
  rho grid: [1.04488386e+01 7.26395731e+00 5.04985080e+00 3.51061990e+00
 2.44055766e+00 1.69665810e+00 1.17950449e+00 8.19983026e-01
 5.70046293e-01 3.96292076e-01 2.75499396e-01 1.91525196e-01
 1.33146936e-01 9.25627910e-02 6.43489855e-02 4.47349512e-02
 3.10994158e-02 2.16200898e-02 1.50301307e-02 1.04488386e-02]
Running run_tlasso over 20 rho values, extending until FPR >= 0.7...
  rho=10.44884 (1/20)
    fp=0.0000 tp=0.0000  [0.0s]
   nu  = 3.0000
  rho=7.26396 (2/20)
    fp=0.0014 tp=0.0000  [0.1s]
   nu  = 3.0000
  rho=5.04985 (3/20)
    fp=0.0070 tp=0.1190  [0.1s]
   nu  = 3.0000
  rho=3.51062 (4/20)
    fp=0.0341 tp=0.3333  [0.1s]
   nu  = 3.0000
  rho=2.44056 (5/20)
    fp=0.1206 tp=0.6071  [0.2s]
   nu  = 3.0000
  rho=1.69666 (6/20)
    fp=0.2542 tp=0.7619  [0.3s]
   nu  = 3.0000
  rho=1.17950 (7/20)
    fp=0.3753 tp=0.8095  [0.3s]
   nu  = 3.0000
  rho=0.81998 (8/20)
    fp=0.4710 tp=0.8214  [0.4s]
   nu  = 3.0000
  rho=0.57005 (9/20)
    fp=0.5602 tp=0.8690  [0.5s]
   nu  = 3.0000
  rho=0.39629 (10/20)
    fp=0.6311 tp=0.8810  [0.7s]
   nu  = 3.0000
  rho=0.27550 (11/20)
    fp=0.6909 tp=0.8810  [0.9s]
   nu  = 3.0000
  rho=0.19153 (12/20)
    fp=0.7283 tp=0.9048  [1.1s]
   nu  = 3.0000
  FPR 0.7283 >= fp_end=0.7; stopping after 12 fits
  grid stopped 8 points early at rho=0.19153, ending at FPR 0.7283
  pilot fit of run_tstar_varlasso at rho=0.30349
  -> rho_max = max|S_ij| (off-diag) = 0.43590
  rho grid: [0.43589661 0.30303218 0.21066579 0.14645334 0.10181331 0.07077988
 0.04920566 0.03420742 0.02378075 0.01653221 0.01149307 0.0079899
 0.00555452 0.00386146 0.00268446 0.00186622 0.00129738 0.00090193
 0.00062702 0.0004359 ]
Running run_tstar_varlasso over 20 rho values, extending until FPR >= 0.7...
  rho=0.43590 (1/20)
    fp=0.0002 tp=0.0000  [0.0s]
   nu  = 3.0000
  rho=0.30303 (2/20)
    fp=0.0029 tp=0.0238  [0.1s]
   nu  = 3.0000
  rho=0.21067 (3/20)
    fp=0.0203 tp=0.2976  [0.1s]
   nu  = 3.0000
  rho=0.14645 (4/20)
    fp=0.0686 tp=0.5476  [0.1s]
   nu  = 3.0000
  rho=0.10181 (5/20)
    fp=0.1385 tp=0.6905  [0.1s]
   nu  = 3.0000
  rho=0.07078 (6/20)
    fp=0.2205 tp=0.7619  [0.1s]
   nu  = 3.0000
  rho=0.04921 (7/20)
    fp=0.3013 tp=0.8571  [0.1s]
   nu  = 3.0000
  rho=0.03421 (8/20)
    fp=0.3670 tp=0.8929  [0.2s]
   nu  = 3.0000
  rho=0.02378 (9/20)
    fp=0.4303 tp=0.8929  [0.2s]
   nu  = 3.0000
  rho=0.01653 (10/20)
    fp=0.4955 tp=0.8690  [0.2s]
   nu  = 3.0000
  rho=0.01149 (11/20)
    fp=0.5458 tp=0.8810  [0.3s]
   nu  = 3.0000
  rho=0.00799 (12/20)
    fp=0.5875 tp=0.9048  [0.2s]
   nu  = 3.0000
  rho=0.00555 (13/20)
    fp=0.5875 tp=0.9048  [0.0s]
   nu  = 3.0000
  rho=0.00386 (14/20)
    fp=0.6574 tp=0.9167  [0.4s]
   nu  = 3.0000
  rho=0.00268 (15/20)
    fp=0.6899 tp=0.9286  [0.9s]
   nu  = 3.0000
  rho=0.00187 (16/20)
    fp=0.7207 tp=0.9167  [2.3s]
   nu  = 3.0000
  FPR 0.7207 >= fp_end=0.7; stopping after 16 fits
  [note] 4/16 fits hit a glasso ConvergenceWarning (suppressed)
  grid stopped 4 points early at rho=0.00187, ending at FPR 0.7207
  pilot fit of run_em_diagonal at rho=0.30349
  -> rho_max = max|S_ij| (off-diag) = 0.52691
  rho grid: [5.26907635e-01 3.66302392e-01 2.54650784e-01 1.77031391e-01
 1.23070948e-01 8.55580361e-02 5.94793304e-02 4.13496020e-02
 2.87459454e-02 1.99839742e-02 1.38927149e-02 9.65811531e-03
 6.71425219e-03 4.66769975e-03 3.24495124e-03 2.25586673e-03
 1.56826230e-03 1.09024465e-03 7.57930229e-04 5.26907635e-04]
Running run_em_diagonal over 20 rho values, extending until FPR >= 0.7...
  rho=0.52691 (1/20)
    fp=0.0004 tp=0.0000  [7.2s]
   median nu  = 0.048
   median eta = -0.991
  rho=0.36630 (2/20)
    fp=0.0072 tp=0.1310  [7.2s]
   median nu  = 0.067
   median eta = -0.876
  rho=0.25465 (3/20)
    fp=0.0331 tp=0.3929  [7.1s]
   median nu  = 0.104
   median eta = -0.575
  rho=0.17703 (4/20)
    fp=0.0834 tp=0.6071  [7.2s]
   median nu  = 0.166
   median eta = -0.531
  rho=0.12307 (5/20)
    fp=0.1408 tp=0.7024  [7.3s]
   median nu  = 0.237
   median eta = -0.213
  rho=0.08556 (6/20)
    fp=0.1934 tp=0.7738  [6.7s]
   median nu  = 0.283
   median eta = -0.11
  rho=0.05948 (7/20)
    fp=0.2406 tp=0.8571  [6.2s]
   median nu  = 0.305
   median eta = -0.032
  rho=0.04135 (8/20)
    fp=0.2721 tp=0.8690  [6.3s]
   median nu  = 0.264
   median eta = -0.022
  rho=0.02875 (9/20)
    fp=0.3035 tp=0.8571  [5.7s]
   median nu  = 0.268
   median eta = -0.012
  rho=0.01998 (10/20)
    fp=0.3278 tp=0.8571  [5.8s]
   median nu  = 0.256
   median eta = -0.007
  rho=0.01389 (11/20)
    fp=0.3524 tp=0.8452  [5.7s]
   median nu  = 0.318
   median eta = -0.006
  rho=0.00966 (12/20)
    fp=0.3859 tp=0.8214  [5.7s]
   median nu  = 0.234
   median eta = -0.005
  rho=0.00671 (13/20)
    fp=0.4036 tp=0.8214  [6.0s]
   median nu  = 1.348
   median eta = -0.005
  rho=0.00467 (14/20)
    fp=0.4305 tp=0.8095  [5.9s]
   median nu  = 0.891
   median eta = -0.003
  rho=0.00324 (15/20)
    fp=0.4614 tp=0.7738  [5.9s]
   median nu  = 2.0
   median eta = -0.003
  rho=0.00226 (16/20)
    fp=0.4657 tp=0.7619  [5.9s]
   median nu  = 0.243
   median eta = -0.003
  rho=0.00157 (17/20)
    fp=0.5058 tp=0.7500  [5.9s]
   median nu  = 2.0
   median eta = -0.002
  rho=0.00109 (18/20)
    fp=0.5166 tp=0.7143  [6.0s]
   median nu  = 1.173
   median eta = -0.002
  rho=0.00076 (19/20)
    fp=0.5493 tp=0.7381  [5.9s]
   median nu  = 2.0
   median eta = -0.001
  rho=0.00053 (20/20)
    fp=0.5584 tp=0.7024  [5.8s]
   median nu  = 0.404
   median eta = -0.001
  rho=0.00037 (21/21)  [extra 1/50]
    fp=0.6040 tp=0.7381  [6.2s]
   median nu  = 2.0
   median eta = -0.001
  rho=0.00025 (22/22)  [extra 2/50]
    fp=0.6073 tp=0.7024  [5.8s]
   median nu  = 0.536
   median eta = -0.001
  rho=0.00018 (23/23)  [extra 3/50]
    fp=0.6352 tp=0.7143  [6.1s]
   median nu  = 1.32
   median eta = -0.001
  rho=0.00012 (24/24)  [extra 4/50]
    fp=0.6510 tp=0.7143  [5.8s]
   median nu  = 0.712
   median eta = -0.0
  rho=0.00009 (25/25)  [extra 5/50]
    fp=0.6852 tp=0.7024  [5.9s]
   median nu  = 0.774
   median eta = -0.0
  rho=0.00006 (26/26)  [extra 6/50]
    fp=0.7209 tp=0.7738  [6.0s]
   median nu  = 0.876
   median eta = -0.0
  FPR 0.7209 >= fp_end=0.7; stopping after 26 fits
  [note] 15/26 fits hit a glasso ConvergenceWarning (suppressed)
  grid extended by 6 points down to rho=0.00006, ending at FPR 0.7209
  graphical_lasso rho_max = max|S_ij| (off-diag) = 0.65774
  rho grid: [0.65773895 0.45725538 0.31788064 0.22098833 0.1536295  0.10680212
 0.07424806 0.05161672 0.03588357 0.024946   0.01734228 0.01205623
 0.0083814  0.00582669 0.00405067 0.002816   0.00195766 0.00136095
 0.00094612 0.00065774]
Running graphical_lasso over 20 rho values, extending until FPR >= 0.7...
  rho=0.65774 (1/20)
    fp=0.0000 tp=0.0000  [0.0s]
  rho=0.45726 (2/20)
    fp=0.0066 tp=0.0833  [4.9s]
  rho=0.31788 (3/20)
    fp=0.0462 tp=0.3571  [4.9s]
  rho=0.22099 (4/20)
    fp=0.1171 tp=0.5833  [4.9s]
  rho=0.15363 (5/20)
    fp=0.2162 tp=0.7143  [0.0s]
  rho=0.10680 (6/20)
    fp=0.3214 tp=0.7857  [0.1s]
  rho=0.07425 (7/20)
    fp=0.4147 tp=0.8214  [0.0s]
  rho=0.05162 (8/20)
    fp=0.5010 tp=0.8214  [0.0s]
  rho=0.03588 (9/20)
    fp=0.5783 tp=0.8810  [0.0s]
  rho=0.02495 (10/20)
    fp=0.6408 tp=0.8690  [0.1s]
  rho=0.01734 (11/20)
    fp=0.6944 tp=0.8810  [0.1s]
  rho=0.01206 (12/20)
    fp=0.7269 tp=0.9048  [6.8s]
  FPR 0.7269 >= fp_end=0.7; stopping after 12 fits
  [note] 4/12 fits hit a glasso ConvergenceWarning (suppressed)
  grid stopped 8 points early at rho=0.01206, ending at FPR 0.7269

(p=100, n=50) over 1 replicates
  Asymmetric model (Diagonal): AUC = 0.505 (SE 0.000)
  Classical t-model (TLASSO): AUC = 0.510 (SE 0.000)
  Alternative t-model (TSTAR_VARLASSO): AUC = 0.547 (SE 0.000)
  Naive Gaussian glasso (GGM): AUC = 0.504 (SE 0.000)
Replicate 2/50
  pilot fit of run_tlasso at rho=0.30349
  -> rho_max = max|S_ij| (off-diag) = 13.84351
  rho grid: [13.84350952  9.62390809  6.69047158  4.65116764  3.23345824  2.24787687
  1.56270781  1.08638321  0.75524578  0.52504143  0.36500502  0.25374886
  0.17640438  0.12263505  0.08525501  0.05926867  0.04120315  0.02864413
  0.01991319  0.01384351]
Running run_tlasso over 20 rho values, extending until FPR >= 0.7...
  rho=13.84351 (1/20)
    fp=0.0000 tp=0.0000  [0.0s]
   nu  = 3.0000
  rho=9.62391 (2/20)
    fp=0.0002 tp=0.0119  [0.1s]
   nu  = 3.0000
  rho=6.69047 (3/20)
    fp=0.0023 tp=0.0595  [0.1s]
   nu  = 3.0000
  rho=4.65117 (4/20)
    fp=0.0109 tp=0.2143  [0.1s]
   nu  = 3.0000
  rho=3.23346 (5/20)
    fp=0.0366 tp=0.4286  [0.1s]
   nu  = 3.0000
  rho=2.24788 (6/20)
    fp=0.1621 tp=0.7262  [0.3s]
   nu  = 3.0000
  rho=1.56271 (7/20)
    fp=0.2959 tp=0.7857  [0.2s]
   nu  = 3.0000
  rho=1.08638 (8/20)
    fp=0.4116 tp=0.8452  [0.3s]
   nu  = 3.0000
  rho=0.75525 (9/20)
    fp=0.5113 tp=0.8810  [0.4s]
   nu  = 3.0000
  rho=0.52504 (10/20)
    fp=0.5861 tp=0.9048  [0.5s]
   nu  = 3.0000
  rho=0.36501 (11/20)
    fp=0.6529 tp=0.9167  [0.7s]
   nu  = 3.0000
  rho=0.25375 (12/20)
    fp=0.7012 tp=0.9524  [1.0s]
   nu  = 3.0000
  FPR 0.7012 >= fp_end=0.7; stopping after 12 fits
  grid stopped 8 points early at rho=0.25375, ending at FPR 0.7012
  pilot fit of run_tstar_varlasso at rho=0.30349
  -> rho_max = max|S_ij| (off-diag) = 0.44103
  rho grid: [0.44102634 0.30659833 0.21314495 0.14817684 0.10301147 0.07161283
 0.04978472 0.03460998 0.02406061 0.01672676 0.01162832 0.00808393
 0.00561989 0.00390691 0.00271605 0.00188818 0.00131265 0.00091254
 0.00063439 0.00044103]
Running run_tstar_varlasso over 20 rho values, extending until FPR >= 0.7...
  rho=0.44103 (1/20)
    fp=0.0004 tp=0.0119  [0.0s]
   nu  = 3.0000
  rho=0.30660 (2/20)
    fp=0.0021 tp=0.1190  [0.1s]
   nu  = 3.0000
  rho=0.21314 (3/20)
    fp=0.0191 tp=0.3452  [0.1s]
   nu  = 3.0000
  rho=0.14818 (4/20)
    fp=0.0717 tp=0.5833  [0.1s]
   nu  = 3.0000
  rho=0.10301 (5/20)
    fp=0.1496 tp=0.7381  [0.1s]
   nu  = 3.0000
  rho=0.07161 (6/20)
    fp=0.2337 tp=0.7976  [0.1s]
   nu  = 3.0000
  rho=0.04978 (7/20)
    fp=0.3103 tp=0.8214  [0.1s]
   nu  = 3.0000
  rho=0.03461 (8/20)
    fp=0.3849 tp=0.8452  [0.2s]
   nu  = 3.0000
  rho=0.02406 (9/20)
    fp=0.4433 tp=0.8571  [0.2s]
   nu  = 3.0000
  rho=0.01673 (10/20)
    fp=0.4959 tp=0.8571  [0.3s]
   nu  = 3.0000
  rho=0.01163 (11/20)
    fp=0.5436 tp=0.8571  [0.4s]
   nu  = 3.0000
  rho=0.00808 (12/20)
    fp=0.5814 tp=0.8571  [0.4s]
   nu  = 3.0000
  rho=0.00562 (13/20)
    fp=0.6202 tp=0.8690  [0.6s]
   nu  = 3.0000
  rho=0.00391 (14/20)
    fp=0.6533 tp=0.8690  [0.6s]
   nu  = 3.0000
  rho=0.00272 (15/20)
    fp=0.6866 tp=0.8810  [1.0s]
   nu  = 3.0000
  rho=0.00189 (16/20)
    fp=0.7129 tp=0.8929  [2.0s]
   nu  = 3.0000
  FPR 0.7129 >= fp_end=0.7; stopping after 16 fits
  [note] 3/16 fits hit a glasso ConvergenceWarning (suppressed)
  grid stopped 4 points early at rho=0.00189, ending at FPR 0.7129
  pilot fit of run_em_diagonal at rho=0.30349
  -> rho_max = max|S_ij| (off-diag) = 0.64283
  rho grid: [0.64283278 0.44689272 0.3106766  0.21598013 0.15014783 0.10438169
 0.0725654  0.05044694 0.03507035 0.02438066 0.01694926 0.011783
 0.00819146 0.00569464 0.00395887 0.00275218 0.0019133  0.00133011
 0.00092468 0.00064283]
Running run_em_diagonal over 20 rho values, extending until FPR >= 0.7...
  rho=0.64283 (1/20)
    fp=0.0004 tp=0.0119  [7.1s]
   median nu  = 0.036
   median eta = -0.9
  rho=0.44689 (2/20)
    fp=0.0018 tp=0.0595  [7.3s]
   median nu  = 0.043
   median eta = -0.913
  rho=0.31068 (3/20)
    fp=0.0127 tp=0.2857  [7.4s]
   median nu  = 0.056
   median eta = -0.663
  rho=0.21598 (4/20)
    fp=0.0538 tp=0.5357  [7.2s]
   median nu  = 0.088
   median eta = -0.636
  rho=0.15015 (5/20)
    fp=0.1079 tp=0.7024  [7.1s]
   median nu  = 0.153
   median eta = -0.471
  rho=0.10438 (6/20)
    fp=0.1671 tp=0.7738  [6.9s]
   median nu  = 0.222
   median eta = -0.184
  rho=0.07257 (7/20)
    fp=0.2123 tp=0.8214  [6.7s]
   median nu  = 0.267
   median eta = -0.062
  rho=0.05045 (8/20)
    fp=0.2544 tp=0.8452  [6.7s]
   median nu  = 0.287
   median eta = -0.021
  rho=0.03507 (9/20)
    fp=0.2758 tp=0.8810  [6.4s]
   median nu  = 0.285
   median eta = -0.006
  rho=0.02438 (10/20)
    fp=0.3148 tp=0.8690  [5.8s]
   median nu  = 0.398
   median eta = -0.003
  rho=0.01695 (11/20)
    fp=0.3426 tp=0.8690  [5.9s]
   median nu  = 0.363
   median eta = -0.002
  rho=0.01178 (12/20)
    fp=0.3738 tp=0.8452  [6.0s]
   median nu  = 0.414
   median eta = -0.001
  rho=0.00819 (13/20)
    fp=0.3829 tp=0.8571  [5.9s]
   median nu  = 0.35
   median eta = -0.0
  rho=0.00569 (14/20)
    fp=0.4141 tp=0.8095  [6.2s]
   median nu  = 0.581
   median eta = -0.0
  rho=0.00396 (15/20)
    fp=0.4176 tp=0.8214  [6.1s]
   median nu  = 0.367
   median eta = 0.0
  rho=0.00275 (16/20)
    fp=0.4581 tp=0.7738  [6.2s]
   median nu  = 0.595
   median eta = 0.0
  rho=0.00191 (17/20)
    fp=0.4573 tp=0.8095  [6.0s]
   median nu  = 0.326
   median eta = 0.0
  rho=0.00133 (18/20)
    fp=0.4994 tp=0.7500  [6.1s]
   median nu  = 0.58
   median eta = 0.0
  rho=0.00092 (19/20)
    fp=0.5037 tp=0.8214  [6.3s]
   median nu  = 0.38
   median eta = 0.0
  rho=0.00064 (20/20)
    fp=0.5362 tp=0.7024  [6.2s]
   median nu  = 0.472
   median eta = 0.0
  rho=0.00045 (21/21)  [extra 1/50]
    fp=0.5356 tp=0.7738  [6.4s]
   median nu  = 0.449
   median eta = 0.0
  rho=0.00031 (22/22)  [extra 2/50]
    fp=0.5830 tp=0.7262  [6.1s]
   median nu  = 0.556
   median eta = 0.0
  rho=0.00022 (23/23)  [extra 3/50]
    fp=0.5750 tp=0.7262  [6.1s]
   median nu  = 0.493
   median eta = 0.0
  rho=0.00015 (24/24)  [extra 4/50]
    fp=0.6192 tp=0.7143  [5.9s]
   median nu  = 0.604
   median eta = 0.0
  rho=0.00010 (25/25)  [extra 5/50]
    fp=0.6375 tp=0.7500  [5.8s]
   median nu  = 0.599
   median eta = 0.0
  rho=0.00007 (26/26)  [extra 6/50]
    fp=0.6821 tp=0.7857  [5.8s]
   median nu  = 0.734
   median eta = 0.0
  rho=0.00005 (27/27)  [extra 7/50]
    fp=0.7086 tp=0.8095  [5.7s]
   median nu  = 0.826
   median eta = 0.0
  FPR 0.7086 >= fp_end=0.7; stopping after 27 fits
  [note] 15/27 fits hit a glasso ConvergenceWarning (suppressed)
  grid extended by 7 points down to rho=0.00005, ending at FPR 0.7086
  graphical_lasso rho_max = max|S_ij| (off-diag) = 0.85301
  rho grid: [8.53014696e-01 5.93009672e-01 4.12256052e-01 2.86597437e-01
 1.99240474e-01 1.38510542e-01 9.62915311e-02 6.69411787e-02
 4.65370252e-02 3.23522047e-02 2.24910196e-02 1.56355948e-02
 1.08697529e-02 7.55657391e-03 5.25327574e-03 3.65203945e-03
 2.53887152e-03 1.76500519e-03 1.22701889e-03 8.53014696e-04]
Running graphical_lasso over 20 rho values, extending until FPR >= 0.7...
  rho=0.85301 (1/20)
    fp=0.0000 tp=0.0000  [0.0s]
  rho=0.59301 (2/20)
    fp=0.0027 tp=0.0476  [4.9s]
  rho=0.41226 (3/20)
    fp=0.0129 tp=0.2262  [4.9s]
  rho=0.28660 (4/20)
    fp=0.0600 tp=0.5119  [0.0s]
  rho=0.19924 (5/20)
    fp=0.1541 tp=0.7143  [4.9s]
  rho=0.13851 (6/20)
    fp=0.2532 tp=0.7738  [0.1s]
  rho=0.09629 (7/20)
    fp=0.3580 tp=0.8333  [0.2s]
  rho=0.06694 (8/20)
    fp=0.4552 tp=0.8571  [0.1s]
  rho=0.04654 (9/20)
    fp=0.5302 tp=0.8929  [0.0s]
  rho=0.03235 (10/20)
    fp=0.6065 tp=0.9048  [0.1s]
  rho=0.02249 (11/20)
    fp=0.6599 tp=0.9167  [0.0s]
  rho=0.01564 (12/20)
    fp=0.7041 tp=0.9524  [0.1s]
  FPR 0.7041 >= fp_end=0.7; stopping after 12 fits
  [note] 3/12 fits hit a glasso ConvergenceWarning (suppressed)
  grid stopped 8 points early at rho=0.01564, ending at FPR 0.7041

(p=100, n=50) over 2 replicates
  Asymmetric model (Diagonal): AUC = 0.514 (SE 0.009)
  Classical t-model (TLASSO): AUC = 0.523 (SE 0.013)
  Alternative t-model (TSTAR_VARLASSO): AUC = 0.544 (SE 0.004)
  Naive Gaussian glasso (GGM): AUC = 0.520 (SE 0.017)
Replicate 3/50
  pilot fit of run_tlasso at rho=0.30349
  -> rho_max = max|S_ij| (off-diag) = 12.64351
  rho grid: [1.26435055e+01 8.78967396e+00 6.11051801e+00 4.24798810e+00
 2.95317073e+00 2.05302302e+00 1.42724681e+00 9.92211702e-01
 6.89778427e-01 4.79528994e-01 3.33365102e-01 2.31753017e-01
 1.61113028e-01 1.12004617e-01 7.78648026e-02 5.41310498e-02
 3.76315159e-02 2.61611588e-02 1.81870491e-02 1.26435055e-02]
Running run_tlasso over 20 rho values, extending until FPR >= 0.7...
  rho=12.64351 (1/20)
    fp=0.0000 tp=0.0000  [0.0s]
   nu  = 3.0000
  rho=8.78967 (2/20)
    fp=0.0004 tp=0.0238  [0.1s]
   nu  = 3.0000
  rho=6.11052 (3/20)
    fp=0.0035 tp=0.1548  [0.1s]
   nu  = 3.0000
  rho=4.24799 (4/20)
    fp=0.0197 tp=0.3333  [0.1s]
   nu  = 3.0000
  rho=2.95317 (5/20)
    fp=0.0738 tp=0.5238  [0.1s]
   nu  = 3.0000
  rho=2.05302 (6/20)
    fp=0.1850 tp=0.7857  [0.2s]
   nu  = 3.0000
  rho=1.42725 (7/20)
    fp=0.3074 tp=0.8452  [0.3s]
   nu  = 3.0000
  rho=0.99221 (8/20)
    fp=0.4194 tp=0.8810  [0.3s]
   nu  = 3.0000
  rho=0.68978 (9/20)
    fp=0.5181 tp=0.8929  [0.4s]
   nu  = 3.0000
  rho=0.47953 (10/20)
    fp=0.5935 tp=0.9167  [0.6s]
   nu  = 3.0000
  rho=0.33337 (11/20)
    fp=0.6572 tp=0.9405  [0.9s]
   nu  = 3.0000
  rho=0.23175 (12/20)
    fp=0.7035 tp=0.9524  [1.1s]
   nu  = 3.0000
  FPR 0.7035 >= fp_end=0.7; stopping after 12 fits
  grid stopped 8 points early at rho=0.23175, ending at FPR 0.7035
  pilot fit of run_tstar_varlasso at rho=0.30349
  -> rho_max = max|S_ij| (off-diag) = 0.47307
  rho grid: [4.73067031e-01 3.28872792e-01 2.28629996e-01 1.58941926e-01
 1.10495282e-01 7.68155242e-02 5.34015990e-02 3.71244070e-02
 2.58086203e-02 1.79419669e-02 1.24731261e-02 8.67122744e-03
 6.02817485e-03 4.19074373e-03 2.91337485e-03 2.02535721e-03
 1.40801374e-03 9.78841010e-04 6.80483219e-04 4.73067031e-04]
Running run_tstar_varlasso over 20 rho values, extending until FPR >= 0.7...
  rho=0.47307 (1/20)
    fp=0.0002 tp=0.0000  [0.0s]
   nu  = 3.0000
  rho=0.32887 (2/20)
    fp=0.0023 tp=0.1548  [0.1s]
   nu  = 3.0000
  rho=0.22863 (3/20)
    fp=0.0162 tp=0.3214  [0.1s]
   nu  = 3.0000
  rho=0.15894 (4/20)
    fp=0.0534 tp=0.5238  [0.1s]
   nu  = 3.0000
  rho=0.11050 (5/20)
    fp=0.1247 tp=0.7262  [0.1s]
   nu  = 3.0000
  rho=0.07682 (6/20)
    fp=0.2010 tp=0.7976  [0.1s]
   nu  = 3.0000
  rho=0.05340 (7/20)
    fp=0.2778 tp=0.8333  [0.1s]
   nu  = 3.0000
  rho=0.03712 (8/20)
    fp=0.3547 tp=0.8452  [0.2s]
   nu  = 3.0000
  rho=0.02581 (9/20)
    fp=0.4157 tp=0.8810  [0.2s]
   nu  = 3.0000
  rho=0.01794 (10/20)
    fp=0.4782 tp=0.8810  [0.2s]
   nu  = 3.0000
  rho=0.01247 (11/20)
    fp=0.5319 tp=0.8810  [0.3s]
   nu  = 3.0000
  rho=0.00867 (12/20)
    fp=0.5771 tp=0.8929  [4.4s]
   nu  = 3.0000
  rho=0.00603 (13/20)
    fp=0.5771 tp=0.8929  [0.0s]
   nu  = 3.0000
  rho=0.00419 (14/20)
    fp=0.6402 tp=0.8810  [1.0s]
   nu  = 3.0000
  rho=0.00291 (15/20)
    fp=0.6665 tp=0.8929  [0.2s]
   nu  = 3.0000
  rho=0.00203 (16/20)
    fp=0.6876 tp=0.9048  [1.0s]
   nu  = 3.0000
  rho=0.00141 (17/20)
    fp=0.7141 tp=0.8929  [1.4s]
   nu  = 3.0000
  FPR 0.7141 >= fp_end=0.7; stopping after 17 fits
  [note] 4/17 fits hit a glasso ConvergenceWarning (suppressed)
  grid stopped 3 points early at rho=0.00141, ending at FPR 0.7141
  pilot fit of run_em_diagonal at rho=0.30349
  -> rho_max = max|S_ij| (off-diag) = 0.58241
  rho grid: [0.58240695 0.40488512 0.28147322 0.19567815 0.13603404 0.09456989
 0.0657443  0.04570497 0.03177376 0.02208889 0.01535604 0.01067541
 0.00742147 0.00515935 0.00358674 0.00249348 0.00173345 0.00120508
 0.00083776 0.00058241]
Running run_em_diagonal over 20 rho values, extending until FPR >= 0.7...
  rho=0.58241 (1/20)
    fp=0.0002 tp=0.0476  [7.2s]
   median nu  = 0.038
   median eta = -0.736
  rho=0.40489 (2/20)
    fp=0.0041 tp=0.2143  [7.3s]
   median nu  = 0.048
   median eta = -0.813
  rho=0.28147 (3/20)
    fp=0.0261 tp=0.3810  [7.3s]
   median nu  = 0.068
   median eta = -0.645
  rho=0.19568 (4/20)
    fp=0.0668 tp=0.5833  [7.3s]
   median nu  = 0.118
   median eta = -0.298
  rho=0.13603 (5/20)
    fp=0.1221 tp=0.7500  [6.9s]
   median nu  = 0.18
   median eta = -0.018
  rho=0.09457 (6/20)
    fp=0.1776 tp=0.7500  [6.6s]
   median nu  = 0.227
   median eta = 0.007
  rho=0.06574 (7/20)
    fp=0.2150 tp=0.7976  [6.3s]
   median nu  = 0.218
   median eta = 0.017
  rho=0.04570 (8/20)
    fp=0.2526 tp=0.8095  [6.4s]
   median nu  = 0.306
   median eta = 0.011
  rho=0.03177 (9/20)
    fp=0.2840 tp=0.7976  [5.8s]
   median nu  = 0.307
   median eta = 0.003
  rho=0.02209 (10/20)
    fp=0.3157 tp=0.7976  [5.6s]
   median nu  = 0.518
   median eta = -0.001
  rho=0.01536 (11/20)
    fp=0.3514 tp=0.8214  [5.5s]
   median nu  = 1.105
   median eta = -0.001
  rho=0.01068 (12/20)
    fp=0.3816 tp=0.7738  [5.6s]
   median nu  = 1.837
   median eta = -0.0
  rho=0.00742 (13/20)
    fp=0.4063 tp=0.8095  [5.6s]
   median nu  = 1.871
   median eta = -0.0
  rho=0.00516 (14/20)
    fp=0.4570 tp=0.8333  [5.9s]
   median nu  = 2.0
   median eta = -0.0
  rho=0.00359 (15/20)
    fp=0.4644 tp=0.7738  [5.8s]
   median nu  = 2.0
   median eta = -0.0
  rho=0.00249 (16/20)
    fp=0.5195 tp=0.8095  [5.9s]
   median nu  = 2.0
   median eta = 0.0
  rho=0.00173 (17/20)
    fp=0.5242 tp=0.7976  [5.7s]
   median nu  = 2.0
   median eta = 0.0
  rho=0.00121 (18/20)
    fp=0.5662 tp=0.8452  [6.2s]
   median nu  = 2.0
   median eta = 0.0
  rho=0.00084 (19/20)
    fp=0.5684 tp=0.8095  [6.2s]
   median nu  = 2.0
   median eta = 0.0
  rho=0.00058 (20/20)
    fp=0.6015 tp=0.7976  [6.4s]
   median nu  = 2.0
   median eta = 0.0
  rho=0.00040 (21/21)  [extra 1/50]
    fp=0.6050 tp=0.7619  [6.5s]
   median nu  = 2.0
   median eta = 0.0
  rho=0.00028 (22/22)  [extra 2/50]
    fp=0.6428 tp=0.7619  [6.6s]
   median nu  = 2.0
   median eta = 0.0
  rho=0.00020 (23/23)  [extra 3/50]
    fp=0.6595 tp=0.7381  [6.8s]
   median nu  = 2.0
   median eta = 0.0
  rho=0.00014 (24/24)  [extra 4/50]
    fp=0.6891 tp=0.7262  [6.7s]
   median nu  = 2.0
   median eta = 0.0
  rho=0.00009 (25/25)  [extra 5/50]
    fp=0.7129 tp=0.7143  [6.4s]
   median nu  = 2.0
   median eta = -0.0
  FPR 0.7129 >= fp_end=0.7; stopping after 25 fits
  [note] 14/25 fits hit a glasso ConvergenceWarning (suppressed)
  grid extended by 5 points down to rho=0.00009, ending at FPR 0.7129
  graphical_lasso rho_max = max|S_ij| (off-diag) = 0.79284
  rho grid: [0.79284113 0.55117745 0.38317459 0.26638021 0.18518561 0.1287397
 0.08949891 0.062219   0.0432542  0.03007001 0.02090445 0.01453263
 0.01010298 0.00702352 0.0048827  0.00339442 0.00235977 0.0016405
 0.00114046 0.00079284]
Running graphical_lasso over 20 rho values, extending until FPR >= 0.7...
  rho=0.79284 (1/20)
    fp=0.0000 tp=0.0000  [0.0s]
  rho=0.55118 (2/20)
    fp=0.0021 tp=0.1190  [4.9s]
  rho=0.38317 (3/20)
    fp=0.0199 tp=0.3452  [4.9s]
  rho=0.26638 (4/20)
    fp=0.0740 tp=0.5357  [5.0s]
  rho=0.18519 (5/20)
    fp=0.1617 tp=0.7143  [0.0s]
  rho=0.12874 (6/20)
    fp=0.2628 tp=0.8333  [0.1s]
  rho=0.08950 (7/20)
    fp=0.3640 tp=0.8571  [0.1s]
  rho=0.06222 (8/20)
    fp=0.4521 tp=0.8690  [0.0s]
  rho=0.04325 (9/20)
    fp=0.5364 tp=0.8929  [0.0s]
  rho=0.03007 (10/20)
    fp=0.6073 tp=0.9167  [0.0s]
  rho=0.02090 (11/20)
    fp=0.6626 tp=0.9524  [0.1s]
  rho=0.01453 (12/20)
    fp=0.7037 tp=0.9524  [0.5s]
  FPR 0.7037 >= fp_end=0.7; stopping after 12 fits
  [note] 3/12 fits hit a glasso ConvergenceWarning (suppressed)
  grid stopped 8 points early at rho=0.01453, ending at FPR 0.7037

(p=100, n=50) over 3 replicates
  Asymmetric model (Diagonal): AUC = 0.515 (SE 0.005)
  Classical t-model (TLASSO): AUC = 0.532 (SE 0.012)
  Alternative t-model (TSTAR_VARLASSO): AUC = 0.547 (SE 0.004)
  Naive Gaussian glasso (GGM): AUC = 0.530 (SE 0.013)
Replicate 4/50
  pilot fit of run_tlasso at rho=0.30349
  -> rho_max = max|S_ij| (off-diag) = 15.00747
  rho grid: [15.00747007 10.43308508  7.25300559  5.04223724  3.505327    2.43687808
  1.69410009  1.17772618  0.81874675  0.56918685  0.39569459  0.27508403
  0.19123644  0.13294619  0.09242324  0.06425197  0.04466751  0.03105253
  0.02158749  0.01500747]
Running run_tlasso over 20 rho values, extending until FPR >= 0.7...
  rho=15.00747 (1/20)
    fp=0.0002 tp=0.0000  [0.1s]
   nu  = 3.0000
  rho=10.43309 (2/20)
    fp=0.0002 tp=0.0000  [0.1s]
   nu  = 3.0000
  rho=7.25301 (3/20)
    fp=0.0018 tp=0.0595  [0.1s]
   nu  = 3.0000
  rho=5.04224 (4/20)
    fp=0.0084 tp=0.2024  [0.1s]
   nu  = 3.0000
  rho=3.50533 (5/20)
    fp=0.0302 tp=0.3333  [0.1s]
   nu  = 3.0000
  rho=2.43688 (6/20)
    fp=0.1260 tp=0.6429  [0.2s]
   nu  = 3.0000
  rho=1.69410 (7/20)
    fp=0.2602 tp=0.7619  [0.2s]
   nu  = 3.0000
  rho=1.17773 (8/20)
    fp=0.3765 tp=0.8810  [0.3s]
   nu  = 3.0000
  rho=0.81875 (9/20)
    fp=0.4811 tp=0.9167  [0.4s]
   nu  = 3.0000
  rho=0.56919 (10/20)
    fp=0.5682 tp=0.9167  [0.5s]
   nu  = 3.0000
  rho=0.39569 (11/20)
    fp=0.6356 tp=0.9405  [0.6s]
   nu  = 3.0000
  rho=0.27508 (12/20)
    fp=0.6850 tp=0.9286  [0.8s]
   nu  = 3.0000
  rho=0.19124 (13/20)
    fp=0.7203 tp=0.9286  [1.1s]
   nu  = 3.0000
  FPR 0.7203 >= fp_end=0.7; stopping after 13 fits
  grid stopped 7 points early at rho=0.19124, ending at FPR 0.7203
  pilot fit of run_tstar_varlasso at rho=0.30349
  -> rho_max = max|S_ij| (off-diag) = 0.54112
  rho grid: [5.41115055e-01 3.76179288e-01 2.61517131e-01 1.81804826e-01
 1.26389405e-01 8.78650039e-02 6.10831178e-02 4.24645434e-02
 2.95210447e-02 2.05228176e-02 1.42673150e-02 9.91853458e-03
 6.89529379e-03 4.79355857e-03 3.33244739e-03 2.31669342e-03
 1.61054857e-03 1.11964177e-03 7.78366890e-04 5.41115055e-04]
Running run_tstar_varlasso over 20 rho values, extending until FPR >= 0.7...
  rho=0.54112 (1/20)
    fp=0.0002 tp=0.0000  [0.0s]
   nu  = 3.0000
  rho=0.37618 (2/20)
    fp=0.0006 tp=0.0595  [0.0s]
   nu  = 3.0000
  rho=0.26152 (3/20)
    fp=0.0062 tp=0.2619  [0.1s]
   nu  = 3.0000
  rho=0.18180 (4/20)
    fp=0.0378 tp=0.4643  [0.1s]
   nu  = 3.0000
  rho=0.12639 (5/20)
    fp=0.1007 tp=0.6548  [0.1s]
   nu  = 3.0000
  rho=0.08787 (6/20)
    fp=0.1823 tp=0.7619  [0.1s]
   nu  = 3.0000
  rho=0.06108 (7/20)
    fp=0.2657 tp=0.8214  [0.1s]
   nu  = 3.0000
  rho=0.04246 (8/20)
    fp=0.3416 tp=0.8690  [0.1s]
   nu  = 3.0000
  rho=0.02952 (9/20)
    fp=0.4018 tp=0.8571  [0.2s]
   nu  = 3.0000
  rho=0.02052 (10/20)
    fp=0.4585 tp=0.8571  [0.3s]
   nu  = 3.0000
  rho=0.01427 (11/20)
    fp=0.5097 tp=0.8571  [0.3s]
   nu  = 3.0000
  rho=0.00992 (12/20)
    fp=0.5557 tp=0.8571  [0.2s]
   nu  = 3.0000
  rho=0.00690 (13/20)
    fp=0.5988 tp=0.8690  [0.2s]
   nu  = 3.0000
  rho=0.00479 (14/20)
    fp=0.6418 tp=0.8690  [0.6s]
   nu  = 3.0000
  rho=0.00333 (15/20)
    fp=0.6720 tp=0.8690  [0.9s]
   nu  = 3.0000
  rho=0.00232 (16/20)
    fp=0.6952 tp=0.8929  [1.3s]
   nu  = 3.0000
  rho=0.00161 (17/20)
    fp=0.7252 tp=0.9048  [1.2s]
   nu  = 3.0000
  FPR 0.7252 >= fp_end=0.7; stopping after 17 fits
  [note] 4/17 fits hit a glasso ConvergenceWarning (suppressed)
  grid stopped 3 points early at rho=0.00161, ending at FPR 0.7252
  pilot fit of run_em_diagonal at rho=0.30349
  -> rho_max = max|S_ij| (off-diag) = 0.58744
  rho grid: [0.58743905 0.40838339 0.28390519 0.19736885 0.1372094  0.09538699
 0.06631235 0.04609987 0.03204829 0.02227974 0.01548872 0.01076764
 0.00748559 0.00520393 0.00361773 0.00251502 0.00174843 0.00121549
 0.000845   0.00058744]
Running run_em_diagonal over 20 rho values, extending until FPR >= 0.7...
  rho=0.58744 (1/20)
    fp=0.0002 tp=0.0238  [7.5s]
   median nu  = 0.04
   median eta = -1.766
  rho=0.40838 (2/20)
    fp=0.0025 tp=0.1667  [7.5s]
   median nu  = 0.053
   median eta = -1.933
  rho=0.28391 (3/20)
    fp=0.0232 tp=0.3571  [7.4s]
   median nu  = 0.083
   median eta = -1.563
  rho=0.19737 (4/20)
    fp=0.0668 tp=0.5833  [7.2s]
   median nu  = 0.141
   median eta = -1.168
  rho=0.13721 (5/20)
    fp=0.1284 tp=0.6667  [7.1s]
   median nu  = 0.201
   median eta = -0.584
  rho=0.09539 (6/20)
    fp=0.1734 tp=0.7738  [6.9s]
   median nu  = 0.242
   median eta = -0.24
  rho=0.06631 (7/20)
    fp=0.2160 tp=0.8810  [7.1s]
   median nu  = 0.245
   median eta = -0.086
  rho=0.04610 (8/20)
    fp=0.2513 tp=0.8810  [6.7s]
   median nu  = 0.288
   median eta = -0.056
  rho=0.03205 (9/20)
    fp=0.2896 tp=0.8810  [6.3s]
   median nu  = 0.319
   median eta = -0.019
  rho=0.02228 (10/20)
    fp=0.3196 tp=0.8929  [6.1s]
   median nu  = 0.29
   median eta = -0.011
  rho=0.01549 (11/20)
    fp=0.3642 tp=0.8810  [5.7s]
   median nu  = 1.396
   median eta = -0.007
  rho=0.01077 (12/20)
    fp=0.3703 tp=0.8571  [5.8s]
   median nu  = 1.072
   median eta = -0.006
  rho=0.00749 (13/20)
    fp=0.4194 tp=0.7738  [5.7s]
   median nu  = 2.0
   median eta = -0.004
  rho=0.00520 (14/20)
    fp=0.4244 tp=0.8333  [6.0s]
   median nu  = 2.0
   median eta = -0.004
  rho=0.00362 (15/20)
    fp=0.4926 tp=0.7619  [6.2s]
   median nu  = 2.0
   median eta = -0.003
  rho=0.00252 (16/20)
    fp=0.4801 tp=0.7738  [5.9s]
   median nu  = 2.0
   median eta = -0.003
  rho=0.00175 (17/20)
    fp=0.5345 tp=0.7500  [5.9s]
   median nu  = 2.0
   median eta = -0.003
  rho=0.00122 (18/20)
    fp=0.5189 tp=0.7024  [5.9s]
   median nu  = 2.0
   median eta = -0.003
  rho=0.00085 (19/20)
    fp=0.5666 tp=0.7024  [6.0s]
   median nu  = 2.0
   median eta = -0.002
  rho=0.00059 (20/20)
    fp=0.5503 tp=0.6667  [6.1s]
   median nu  = 1.254
   median eta = -0.002
  rho=0.00041 (21/21)  [extra 1/50]
    fp=0.6081 tp=0.7262  [6.2s]
   median nu  = 2.0
   median eta = -0.002
  rho=0.00028 (22/22)  [extra 2/50]
    fp=0.5966 tp=0.6548  [5.8s]
   median nu  = 1.379
   median eta = -0.002
  rho=0.00020 (23/23)  [extra 3/50]
    fp=0.6299 tp=0.6786  [5.8s]
   median nu  = 2.0
   median eta = -0.001
  rho=0.00014 (24/24)  [extra 4/50]
    fp=0.6328 tp=0.6548  [5.9s]
   median nu  = 0.926
   median eta = -0.001
  rho=0.00010 (25/25)  [extra 5/50]
    fp=0.6782 tp=0.6905  [6.1s]
   median nu  = 2.0
   median eta = -0.001
  rho=0.00007 (26/26)  [extra 6/50]
    fp=0.6835 tp=0.6667  [5.9s]
   median nu  = 1.082
   median eta = -0.001
  rho=0.00005 (27/27)  [extra 7/50]
    fp=0.7363 tp=0.7024  [6.2s]
   median nu  = 1.245
   median eta = -0.001
  FPR 0.7363 >= fp_end=0.7; stopping after 27 fits
  [note] 13/27 fits hit a glasso ConvergenceWarning (suppressed)
  grid extended by 7 points down to rho=0.00005, ending at FPR 0.7363
  graphical_lasso rho_max = max|S_ij| (off-diag) = 0.94327
  rho grid: [0.94326563 0.65575147 0.4558737  0.31692011 0.22032058 0.15316528
 0.1064794  0.07402371 0.05146075 0.03577514 0.02487062 0.01728988
 0.0120198  0.00835608 0.00580908 0.00403843 0.00280749 0.00195175
 0.00135684 0.00094327]
Running graphical_lasso over 20 rho values, extending until FPR >= 0.7...
  rho=0.94327 (1/20)
    fp=0.0000 tp=0.0000  [0.0s]
  rho=0.65575 (2/20)
    fp=0.0004 tp=0.0238  [0.0s]
  rho=0.45587 (3/20)
    fp=0.0055 tp=0.1667  [4.9s]
  rho=0.31692 (4/20)
    fp=0.0380 tp=0.3690  [4.9s]
  rho=0.22032 (5/20)
    fp=0.1182 tp=0.6429  [4.9s]
  rho=0.15317 (6/20)
    fp=0.2178 tp=0.7619  [4.9s]
  rho=0.10648 (7/20)
    fp=0.3198 tp=0.8452  [0.0s]
  rho=0.07402 (8/20)
    fp=0.4166 tp=0.8810  [0.1s]
  rho=0.05146 (9/20)
    fp=0.5025 tp=0.9167  [0.1s]
  rho=0.03578 (10/20)
    fp=0.5826 tp=0.9286  [0.0s]
  rho=0.02487 (11/20)
    fp=0.6397 tp=0.9405  [0.0s]
  rho=0.01729 (12/20)
    fp=0.6862 tp=0.9286  [0.8s]
  rho=0.01202 (13/20)
    fp=0.7201 tp=0.9286  [0.1s]
  FPR 0.7201 >= fp_end=0.7; stopping after 13 fits
  [note] 4/13 fits hit a glasso ConvergenceWarning (suppressed)
  grid stopped 7 points early at rho=0.01202, ending at FPR 0.7201

(p=100, n=50) over 4 replicates
  Asymmetric model (Diagonal): AUC = 0.514 (SE 0.004)
  Classical t-model (TLASSO): AUC = 0.534 (SE 0.009)
  Alternative t-model (TSTAR_VARLASSO): AUC = 0.546 (SE 0.003)
  Naive Gaussian glasso (GGM): AUC = 0.534 (SE 0.010)
Replicate 5/50
  pilot fit of run_tlasso at rho=0.30349
  -> rho_max = max|S_ij| (off-diag) = 12.55966
  rho grid: [12.55965964  8.7313849   6.06999589  4.21981741  2.93358667  2.03940832
  1.41778197  0.98563181  0.68520414  0.47634898  0.33115438  0.23021614
  0.1600446   0.11126185  0.07734844  0.05377208  0.03738196  0.02598767
  0.01806644  0.01255966]
Running run_tlasso over 20 rho values, extending until FPR >= 0.7...
  rho=12.55966 (1/20)
    fp=0.0000 tp=0.0000  [0.0s]
   nu  = 3.0000
  rho=8.73138 (2/20)
    fp=0.0000 tp=0.0476  [0.1s]
   nu  = 3.0000
  rho=6.07000 (3/20)
    fp=0.0021 tp=0.1071  [0.1s]
   nu  = 3.0000
  rho=4.21982 (4/20)
    fp=0.0127 tp=0.2857  [0.1s]
   nu  = 3.0000
  rho=2.93359 (5/20)
    fp=0.0633 tp=0.5595  [0.1s]
   nu  = 3.0000
  rho=2.03941 (6/20)
    fp=0.1821 tp=0.7738  [0.2s]
   nu  = 3.0000
  rho=1.41778 (7/20)
    fp=0.3157 tp=0.8452  [0.3s]
   nu  = 3.0000
  rho=0.98563 (8/20)
    fp=0.4303 tp=0.8690  [0.4s]
   nu  = 3.0000
  rho=0.68520 (9/20)
    fp=0.5302 tp=0.8929  [0.5s]
   nu  = 3.0000
  rho=0.47635 (10/20)
    fp=0.6056 tp=0.8929  [0.7s]
   nu  = 3.0000
  rho=0.33115 (11/20)
    fp=0.6687 tp=0.8929  [0.8s]
   nu  = 3.0000
  rho=0.23022 (12/20)
    fp=0.7127 tp=0.9048  [1.0s]
   nu  = 3.0000
  FPR 0.7127 >= fp_end=0.7; stopping after 12 fits
  grid stopped 8 points early at rho=0.23022, ending at FPR 0.7127
  pilot fit of run_tstar_varlasso at rho=0.30349
  -> rho_max = max|S_ij| (off-diag) = 0.49845
  rho grid: [4.98453529e-01 3.46521302e-01 2.40899113e-01 1.67471328e-01
 1.16424861e-01 8.09377245e-02 5.62673230e-02 3.91166376e-02
 2.71936047e-02 1.89047981e-02 1.31424794e-02 9.13655703e-03
 6.35166863e-03 4.41563428e-03 3.06971714e-03 2.13404524e-03
 1.48357288e-03 1.03136918e-03 7.17000423e-04 4.98453529e-04]
Running run_tstar_varlasso over 20 rho values, extending until FPR >= 0.7...
  rho=0.49845 (1/20)
    fp=0.0000 tp=0.0119  [0.0s]
   nu  = 3.0000
  rho=0.34652 (2/20)
    fp=0.0008 tp=0.0952  [0.0s]
   nu  = 3.0000
  rho=0.24090 (3/20)
    fp=0.0095 tp=0.3452  [0.1s]
   nu  = 3.0000
  rho=0.16747 (4/20)
    fp=0.0469 tp=0.5833  [0.1s]
   nu  = 3.0000
  rho=0.11642 (5/20)
    fp=0.1163 tp=0.7262  [0.1s]
   nu  = 3.0000
  rho=0.08094 (6/20)
    fp=0.2014 tp=0.7381  [0.1s]
   nu  = 3.0000
  rho=0.05627 (7/20)
    fp=0.2787 tp=0.8333  [0.1s]
   nu  = 3.0000
  rho=0.03912 (8/20)
    fp=0.3596 tp=0.8571  [0.2s]
   nu  = 3.0000
  rho=0.02719 (9/20)
    fp=0.4199 tp=0.8571  [0.2s]
   nu  = 3.0000
  rho=0.01890 (10/20)
    fp=0.4751 tp=0.8690  [0.3s]
   nu  = 3.0000
  rho=0.01314 (11/20)
    fp=0.5310 tp=0.8929  [0.3s]
   nu  = 3.0000
  rho=0.00914 (12/20)
    fp=0.5752 tp=0.9048  [0.2s]
   nu  = 3.0000
  rho=0.00635 (13/20)
    fp=0.5752 tp=0.9048  [0.0s]
   nu  = 3.0000
  rho=0.00442 (14/20)
    fp=0.6508 tp=0.9286  [0.8s]
   nu  = 3.0000
  rho=0.00307 (15/20)
    fp=0.6792 tp=0.9286  [0.9s]
   nu  = 3.0000
  rho=0.00213 (16/20)
    fp=0.7061 tp=0.9405  [2.4s]
   nu  = 3.0000
  FPR 0.7061 >= fp_end=0.7; stopping after 16 fits
  [note] 3/16 fits hit a glasso ConvergenceWarning (suppressed)
  grid stopped 4 points early at rho=0.00213, ending at FPR 0.7061
  pilot fit of run_em_diagonal at rho=0.30349
  -> rho_max = max|S_ij| (off-diag) = 0.66684
  rho grid: [0.66684242 0.46358405 0.32228029 0.22404693 0.15575582 0.10828032
 0.0752757  0.05233112 0.03638022 0.02529127 0.01758231 0.01222309
 0.00849741 0.00590734 0.00410674 0.00285497 0.00198476 0.00137979
 0.00095922 0.00066684]
Running run_em_diagonal over 20 rho values, extending until FPR >= 0.7...
  rho=0.66684 (1/20)
    fp=0.0000 tp=0.0238  [7.2s]
   median nu  = 0.039
   median eta = -1.685
  rho=0.46358 (2/20)
    fp=0.0010 tp=0.1190  [7.3s]
   median nu  = 0.05
   median eta = -1.481
  rho=0.32228 (3/20)
    fp=0.0111 tp=0.4048  [7.3s]
   median nu  = 0.072
   median eta = -1.526
  rho=0.22405 (4/20)
    fp=0.0510 tp=0.5833  [7.2s]
   median nu  = 0.115
   median eta = -0.673
  rho=0.15576 (5/20)
    fp=0.1075 tp=0.7381  [7.0s]
   median nu  = 0.172
   median eta = -0.42
  rho=0.10828 (6/20)
    fp=0.1587 tp=0.7857  [6.7s]
   median nu  = 0.251
   median eta = -0.183
  rho=0.07528 (7/20)
    fp=0.2039 tp=0.8095  [6.5s]
   median nu  = 0.326
   median eta = -0.066
  rho=0.05233 (8/20)
    fp=0.2458 tp=0.8571  [6.1s]
   median nu  = 0.351
   median eta = -0.048
  rho=0.03638 (9/20)
    fp=0.2846 tp=0.8571  [6.1s]
   median nu  = 0.511
   median eta = -0.014
  rho=0.02529 (10/20)
    fp=0.3140 tp=0.8929  [5.9s]
   median nu  = 0.755
   median eta = -0.01
  rho=0.01758 (11/20)
    fp=0.3401 tp=0.8810  [5.6s]
   median nu  = 1.185
   median eta = -0.007
  rho=0.01222 (12/20)
    fp=0.3820 tp=0.8810  [5.9s]
   median nu  = 1.864
   median eta = -0.004
  rho=0.00850 (13/20)
    fp=0.4024 tp=0.8690  [5.8s]
   median nu  = 1.997
   median eta = -0.004
  rho=0.00591 (14/20)
    fp=0.4332 tp=0.8690  [5.7s]
   median nu  = 2.0
   median eta = -0.005
  rho=0.00411 (15/20)
    fp=0.4517 tp=0.8690  [6.0s]
   median nu  = 2.0
   median eta = -0.004
  rho=0.00285 (16/20)
    fp=0.4848 tp=0.8214  [5.9s]
   median nu  = 2.0
   median eta = -0.003
  rho=0.00198 (17/20)
    fp=0.5027 tp=0.8333  [6.0s]
   median nu  = 2.0
   median eta = -0.002
  rho=0.00138 (18/20)
    fp=0.5308 tp=0.8095  [6.0s]
   median nu  = 2.0
   median eta = -0.002
  rho=0.00096 (19/20)
    fp=0.5409 tp=0.7262  [6.1s]
   median nu  = 2.0
   median eta = -0.001
  rho=0.00067 (20/20)
    fp=0.5727 tp=0.7500  [6.0s]
   median nu  = 2.0
   median eta = -0.001
  rho=0.00046 (21/21)  [extra 1/50]
    fp=0.5783 tp=0.7143  [6.3s]
   median nu  = 2.0
   median eta = -0.001
  rho=0.00032 (22/22)  [extra 2/50]
    fp=0.6052 tp=0.7500  [6.2s]
   median nu  = 2.0
   median eta = -0.001
  rho=0.00022 (23/23)  [extra 3/50]
    fp=0.6422 tp=0.7143  [6.3s]
   median nu  = 2.0
   median eta = -0.001
  rho=0.00016 (24/24)  [extra 4/50]
    fp=0.6486 tp=0.7500  [6.5s]
   median nu  = 2.0
   median eta = -0.001
  rho=0.00011 (25/25)  [extra 5/50]
    fp=0.6751 tp=0.7262  [6.3s]
   median nu  = 2.0
   median eta = -0.001
  rho=0.00008 (26/26)  [extra 6/50]
    fp=0.7115 tp=0.7738  [6.3s]
   median nu  = 2.0
   median eta = -0.001
  FPR 0.7115 >= fp_end=0.7; stopping after 26 fits
  [note] 15/26 fits hit a glasso ConvergenceWarning (suppressed)
  grid extended by 6 points down to rho=0.00008, ending at FPR 0.7115
  graphical_lasso rho_max = max|S_ij| (off-diag) = 0.78725
  rho grid: [7.87245459e-01 5.47287372e-01 3.80470238e-01 2.64500169e-01
 1.83878612e-01 1.27831086e-01 8.88672504e-02 6.17798723e-02
 4.29489222e-02 2.98577813e-02 2.07569145e-02 1.44300574e-02
 1.00316720e-02 6.97394608e-03 4.84823708e-03 3.37045949e-03
 2.34311916e-03 1.62891956e-03 1.13241314e-03 7.87245459e-04]
Running graphical_lasso over 20 rho values, extending until FPR >= 0.7...
  rho=0.78725 (1/20)
    fp=0.0000 tp=0.0000  [0.0s]
  rho=0.54729 (2/20)
    fp=0.0010 tp=0.0952  [4.9s]
  rho=0.38047 (3/20)
    fp=0.0154 tp=0.3690  [4.8s]
  rho=0.26450 (4/20)
    fp=0.0738 tp=0.5595  [4.8s]
  rho=0.18388 (5/20)
    fp=0.1654 tp=0.7500  [0.0s]
  rho=0.12783 (6/20)
    fp=0.2715 tp=0.7976  [0.0s]
  rho=0.08887 (7/20)
    fp=0.3740 tp=0.8452  [0.0s]
  rho=0.06178 (8/20)
    fp=0.4700 tp=0.8929  [0.1s]
  rho=0.04295 (9/20)
    fp=0.5508 tp=0.8929  [0.0s]
  rho=0.02986 (10/20)
    fp=0.6145 tp=0.8929  [0.0s]
  rho=0.02076 (11/20)
    fp=0.6718 tp=0.8929  [0.1s]
  rho=0.01443 (12/20)
    fp=0.7129 tp=0.9048  [6.9s]
  FPR 0.7129 >= fp_end=0.7; stopping after 12 fits
  [note] 4/12 fits hit a glasso ConvergenceWarning (suppressed)
  grid stopped 8 points early at rho=0.01443, ending at FPR 0.7129

(p=100, n=50) over 5 replicates
  Asymmetric model (Diagonal): AUC = 0.519 (SE 0.006)
  Classical t-model (TLASSO): AUC = 0.537 (SE 0.007)
  Alternative t-model (TSTAR_VARLASSO): AUC = 0.549 (SE 0.003)
  Naive Gaussian glasso (GGM): AUC = 0.536 (SE 0.008)
Replicate 6/50
  pilot fit of run_tlasso at rho=0.30349
  -> rho_max = max|S_ij| (off-diag) = 11.95858
  rho grid: [11.95858327  8.31352094  5.77949987  4.01786667  2.79319197  1.94180693
  1.34993019  0.93846175  0.65241184  0.45355201  0.31530609  0.21919852
  0.15238524  0.10593712  0.07364672  0.05119867  0.03559295  0.02474396
  0.01720182  0.01195858]
Running run_tlasso over 20 rho values, extending until FPR >= 0.7...
  rho=11.95858 (1/20)
    fp=0.0000 tp=0.0000  [0.0s]
   nu  = 3.0000
  rho=8.31352 (2/20)
    fp=0.0000 tp=0.0476  [0.1s]
   nu  = 3.0000
  rho=5.77950 (3/20)
    fp=0.0033 tp=0.1071  [0.1s]
   nu  = 3.0000
  rho=4.01787 (4/20)
    fp=0.0140 tp=0.2738  [0.1s]
   nu  = 3.0000
  rho=2.79319 (5/20)
    fp=0.0662 tp=0.4524  [0.1s]
   nu  = 3.0000
  rho=1.94181 (6/20)
    fp=0.2020 tp=0.7738  [0.3s]
   nu  = 3.0000
  rho=1.34993 (7/20)
    fp=0.3268 tp=0.8333  [0.3s]
   nu  = 3.0000
  rho=0.93846 (8/20)
    fp=0.4367 tp=0.8929  [0.3s]
   nu  = 3.0000
  rho=0.65241 (9/20)
    fp=0.5341 tp=0.9286  [0.3s]
   nu  = 3.0000
  rho=0.45355 (10/20)
    fp=0.6126 tp=0.9286  [0.7s]
   nu  = 3.0000
  rho=0.31531 (11/20)
    fp=0.6669 tp=0.9405  [0.8s]
   nu  = 3.0000
  rho=0.21920 (12/20)
    fp=0.7162 tp=0.9643  [1.0s]
   nu  = 3.0000
  FPR 0.7162 >= fp_end=0.7; stopping after 12 fits
  grid stopped 8 points early at rho=0.21920, ending at FPR 0.7162
  pilot fit of run_tstar_varlasso at rho=0.30349
  -> rho_max = max|S_ij| (off-diag) = 0.46094
  rho grid: [4.60943662e-01 3.20444713e-01 2.22770856e-01 1.54868695e-01
 1.07663601e-01 7.48469597e-02 5.20330672e-02 3.61730135e-02
 2.51472184e-02 1.74821651e-02 1.21534752e-02 8.44900842e-03
 5.87368979e-03 4.08334683e-03 2.83871330e-03 1.97345304e-03
 1.37193033e-03 9.53756085e-04 6.63044360e-04 4.60943662e-04]
Running run_tstar_varlasso over 20 rho values, extending until FPR >= 0.7...
  rho=0.46094 (1/20)
    fp=0.0000 tp=0.0119  [0.0s]
   nu  = 3.0000
  rho=0.32044 (2/20)
    fp=0.0021 tp=0.1310  [0.1s]
   nu  = 3.0000
  rho=0.22277 (3/20)
    fp=0.0164 tp=0.2976  [0.1s]
   nu  = 3.0000
  rho=0.15487 (4/20)
    fp=0.0641 tp=0.5714  [0.1s]
   nu  = 3.0000
  rho=0.10766 (5/20)
    fp=0.1418 tp=0.7738  [0.1s]
   nu  = 3.0000
  rho=0.07485 (6/20)
    fp=0.2145 tp=0.8214  [0.1s]
   nu  = 3.0000
  rho=0.05203 (7/20)
    fp=0.2959 tp=0.8810  [0.1s]
   nu  = 3.0000
  rho=0.03617 (8/20)
    fp=0.3613 tp=0.9048  [0.2s]
   nu  = 3.0000
  rho=0.02515 (9/20)
    fp=0.4250 tp=0.9167  [0.2s]
   nu  = 3.0000
  rho=0.01748 (10/20)
    fp=0.4801 tp=0.9286  [0.3s]
   nu  = 3.0000
  rho=0.01215 (11/20)
    fp=0.5325 tp=0.9524  [4.0s]
   nu  = 3.0000
  rho=0.00845 (12/20)
    fp=0.5785 tp=0.9524  [0.3s]
   nu  = 3.0000
  rho=0.00587 (13/20)
    fp=0.6202 tp=0.9643  [0.3s]
   nu  = 3.0000
  rho=0.00408 (14/20)
    fp=0.6533 tp=0.9405  [0.2s]
   nu  = 3.0000
  rho=0.00284 (15/20)
    fp=0.6839 tp=0.9286  [0.2s]
   nu  = 3.0000
  rho=0.00197 (16/20)
    fp=0.7102 tp=0.9286  [2.7s]
   nu  = 3.0000
  FPR 0.7102 >= fp_end=0.7; stopping after 16 fits
  [note] 5/16 fits hit a glasso ConvergenceWarning (suppressed)
  grid stopped 4 points early at rho=0.00197, ending at FPR 0.7102
  pilot fit of run_em_diagonal at rho=0.30349
  -> rho_max = max|S_ij| (off-diag) = 0.65438
  rho grid: [6.54383652e-01 4.54922801e-01 3.16259054e-01 2.19861016e-01
 1.52845795e-01 1.06257295e-01 7.38693062e-02 5.13534095e-02
 3.57005204e-02 2.48187446e-02 1.72538124e-02 1.19947261e-02
 8.33864719e-03 5.79696746e-03 4.03001001e-03 2.80163393e-03
 1.94767573e-03 1.35401013e-03 9.41298091e-04 6.54383652e-04]
Running run_em_diagonal over 20 rho values, extending until FPR >= 0.7...
  rho=0.65438 (1/20)
    fp=0.0000 tp=0.0119  [7.3s]
   median nu  = 0.035
   median eta = 0.217
  rho=0.45492 (2/20)
    fp=0.0018 tp=0.0833  [7.5s]
   median nu  = 0.042
   median eta = 0.29
  rho=0.31626 (3/20)
    fp=0.0129 tp=0.3095  [7.6s]
   median nu  = 0.057
   median eta = 0.376
  rho=0.21986 (4/20)
    fp=0.0563 tp=0.5000  [7.5s]
   median nu  = 0.086
   median eta = 0.256
  rho=0.15285 (5/20)
    fp=0.1157 tp=0.6905  [7.2s]
   median nu  = 0.142
   median eta = 0.111
  rho=0.10626 (6/20)
    fp=0.1710 tp=0.7857  [7.0s]
   median nu  = 0.2
   median eta = 0.044
  rho=0.07387 (7/20)
    fp=0.2102 tp=0.8214  [6.7s]
   median nu  = 0.213
   median eta = 0.015
  rho=0.05135 (8/20)
    fp=0.2478 tp=0.8810  [6.7s]
   median nu  = 0.233
   median eta = -0.024
  rho=0.03570 (9/20)
    fp=0.2768 tp=0.8929  [6.1s]
   median nu  = 0.211
   median eta = -0.008
  rho=0.02482 (10/20)
    fp=0.3081 tp=0.9167  [5.9s]
   median nu  = 0.219
   median eta = -0.007
  rho=0.01725 (11/20)
    fp=0.3274 tp=0.8810  [6.0s]
   median nu  = 0.189
   median eta = -0.005
  rho=0.01199 (12/20)
    fp=0.3574 tp=0.9048  [5.7s]
   median nu  = 0.195
   median eta = -0.004
  rho=0.00834 (13/20)
    fp=0.3775 tp=0.8333  [5.6s]
   median nu  = 0.235
   median eta = -0.004
  rho=0.00580 (14/20)
    fp=0.3952 tp=0.8690  [6.2s]
   median nu  = 0.24
   median eta = -0.003
  rho=0.00403 (15/20)
    fp=0.4268 tp=0.7976  [5.9s]
   median nu  = 0.29
   median eta = -0.003
  rho=0.00280 (16/20)
    fp=0.4449 tp=0.8214  [6.0s]
   median nu  = 0.262
   median eta = -0.003
  rho=0.00195 (17/20)
    fp=0.4659 tp=0.7381  [5.9s]
   median nu  = 0.268
   median eta = -0.002
  rho=0.00135 (18/20)
    fp=0.4969 tp=0.7976  [5.9s]
   median nu  = 0.416
   median eta = -0.002
  rho=0.00094 (19/20)
    fp=0.5076 tp=0.6667  [5.9s]
   median nu  = 0.289
   median eta = -0.002
  rho=0.00065 (20/20)
    fp=0.5327 tp=0.7619  [5.8s]
   median nu  = 0.349
   median eta = -0.002
  rho=0.00045 (21/21)  [extra 1/50]
    fp=0.5292 tp=0.6548  [5.4s]
   median nu  = 0.295
   median eta = -0.002
  rho=0.00032 (22/22)  [extra 2/50]
    fp=0.5637 tp=0.6905  [5.5s]
   median nu  = 0.394
   median eta = -0.002
  rho=0.00022 (23/23)  [extra 3/50]
    fp=0.5789 tp=0.6190  [5.4s]
   median nu  = 0.407
   median eta = -0.002
  rho=0.00015 (24/24)  [extra 4/50]
    fp=0.6118 tp=0.6905  [5.4s]
   median nu  = 0.501
   median eta = -0.001
  rho=0.00011 (25/25)  [extra 5/50]
    fp=0.6262 tp=0.6667  [5.4s]
   median nu  = 0.512
   median eta = -0.002
  rho=0.00007 (26/26)  [extra 6/50]
    fp=0.6702 tp=0.7262  [5.5s]
   median nu  = 0.567
   median eta = -0.002
  rho=0.00005 (27/27)  [extra 7/50]
    fp=0.7154 tp=0.7143  [5.4s]
   median nu  = 0.591
   median eta = -0.002
  FPR 0.7154 >= fp_end=0.7; stopping after 27 fits
  [note] 14/27 fits hit a glasso ConvergenceWarning (suppressed)
  grid extended by 7 points down to rho=0.00005, ending at FPR 0.7154
  graphical_lasso rho_max = max|S_ij| (off-diag) = 0.77117
  rho grid: [0.77116829 0.53611064 0.37270026 0.25909853 0.18012343 0.12522051
 0.0870524  0.0605182  0.04207182 0.02924802 0.02033302 0.01413537
 0.0098268  0.00683152 0.00474923 0.00330163 0.00229527 0.00159565
 0.00110929 0.00077117]
Running graphical_lasso over 20 rho values, extending until FPR >= 0.7...
  rho=0.77117 (1/20)
    fp=0.0000 tp=0.0000  [0.0s]
  rho=0.53611 (2/20)
    fp=0.0014 tp=0.0714  [5.1s]
  rho=0.37270 (3/20)
    fp=0.0171 tp=0.2976  [4.9s]
  rho=0.25910 (4/20)
    fp=0.0762 tp=0.5119  [0.0s]
  rho=0.18012 (5/20)
    fp=0.1745 tp=0.7262  [4.9s]
  rho=0.12522 (6/20)
    fp=0.2721 tp=0.8095  [0.1s]
  rho=0.08705 (7/20)
    fp=0.3720 tp=0.8571  [0.0s]
  rho=0.06052 (8/20)
    fp=0.4663 tp=0.8929  [0.0s]
  rho=0.04207 (9/20)
    fp=0.5489 tp=0.9286  [0.0s]
  rho=0.02925 (10/20)
    fp=0.6169 tp=0.9405  [0.0s]
  rho=0.02033 (11/20)
    fp=0.6695 tp=0.9405  [0.1s]
  rho=0.01414 (12/20)
    fp=0.7143 tp=0.9643  [0.2s]
  FPR 0.7143 >= fp_end=0.7; stopping after 12 fits
  [note] 3/12 fits hit a glasso ConvergenceWarning (suppressed)
  grid stopped 8 points early at rho=0.01414, ending at FPR 0.7143

(p=100, n=50) over 6 replicates
  Asymmetric model (Diagonal): AUC = 0.518 (SE 0.005)
  Classical t-model (TLASSO): AUC = 0.538 (SE 0.006)
  Alternative t-model (TSTAR_VARLASSO): AUC = 0.554 (SE 0.006)
  Naive Gaussian glasso (GGM): AUC = 0.538 (SE 0.007)
Replicate 7/50
  pilot fit of run_tlasso at rho=0.30349
  -> rho_max = max|S_ij| (off-diag) = 13.68741
  rho grid: [13.68740507  9.51538541  6.61502739  4.59871939  3.19699659  2.222529
  1.54508615  1.07413276  0.74672936  0.51912087  0.36088909  0.25088749
  0.17441518  0.12125218  0.08429364  0.05860033  0.04073853  0.02832113
  0.01968865  0.01368741]
Running run_tlasso over 20 rho values, extending until FPR >= 0.7...
  rho=13.68741 (1/20)
    fp=0.0000 tp=0.0000  [0.0s]
   nu  = 3.0000
  rho=9.51539 (2/20)
    fp=0.0004 tp=0.0000  [0.1s]
   nu  = 3.0000
  rho=6.61503 (3/20)
    fp=0.0016 tp=0.0714  [0.1s]
   nu  = 3.0000
  rho=4.59872 (4/20)
    fp=0.0115 tp=0.2381  [0.1s]
   nu  = 3.0000
  rho=3.19700 (5/20)
    fp=0.0545 tp=0.4881  [0.1s]
   nu  = 3.0000
  rho=2.22253 (6/20)
    fp=0.1661 tp=0.7024  [0.2s]
   nu  = 3.0000
  rho=1.54509 (7/20)
    fp=0.2894 tp=0.7857  [0.2s]
   nu  = 3.0000
  rho=1.07413 (8/20)
    fp=0.4088 tp=0.7976  [0.3s]
   nu  = 3.0000
  rho=0.74673 (9/20)
    fp=0.4994 tp=0.8452  [0.4s]
   nu  = 3.0000
  rho=0.51912 (10/20)
    fp=0.5727 tp=0.8690  [0.5s]
   nu  = 3.0000
  rho=0.36089 (11/20)
    fp=0.6323 tp=0.9048  [0.7s]
   nu  = 3.0000
  rho=0.25089 (12/20)
    fp=0.6887 tp=0.9048  [0.9s]
   nu  = 3.0000
  rho=0.17442 (13/20)
    fp=0.7271 tp=0.8929  [1.2s]
   nu  = 3.0000
  FPR 0.7271 >= fp_end=0.7; stopping after 13 fits
  grid stopped 7 points early at rho=0.17442, ending at FPR 0.7271
  pilot fit of run_tstar_varlasso at rho=0.30349
  -> rho_max = max|S_ij| (off-diag) = 0.47894
  rho grid: [4.78940637e-01 3.32956081e-01 2.31468669e-01 1.60915351e-01
 1.11867193e-01 7.77692667e-02 5.40646339e-02 3.75853440e-02
 2.61290604e-02 1.81647346e-02 1.26279926e-02 8.77888950e-03
 6.10302074e-03 4.24277605e-03 2.94954735e-03 2.05050407e-03
 1.42549566e-03 9.90994312e-04 6.88932106e-04 4.78940637e-04]
Running run_tstar_varlasso over 20 rho values, extending until FPR >= 0.7...
  rho=0.47894 (1/20)
    fp=0.0002 tp=0.0000  [0.0s]
   nu  = 3.0000
  rho=0.33296 (2/20)
    fp=0.0012 tp=0.1190  [0.0s]
   nu  = 3.0000
  rho=0.23147 (3/20)
    fp=0.0150 tp=0.3333  [0.1s]
   nu  = 3.0000
  rho=0.16092 (4/20)
    fp=0.0602 tp=0.5000  [0.1s]
   nu  = 3.0000
  rho=0.11187 (5/20)
    fp=0.1243 tp=0.6786  [0.1s]
   nu  = 3.0000
  rho=0.07777 (6/20)
    fp=0.2008 tp=0.7619  [0.1s]
   nu  = 3.0000
  rho=0.05406 (7/20)
    fp=0.2789 tp=0.8095  [0.1s]
   nu  = 3.0000
  rho=0.03759 (8/20)
    fp=0.3504 tp=0.8571  [0.2s]
   nu  = 3.0000
  rho=0.02613 (9/20)
    fp=0.4135 tp=0.8690  [0.2s]
   nu  = 3.0000
  rho=0.01816 (10/20)
    fp=0.4692 tp=0.8810  [0.3s]
   nu  = 3.0000
  rho=0.01263 (11/20)
    fp=0.5228 tp=0.8810  [0.3s]
   nu  = 3.0000
  rho=0.00878 (12/20)
    fp=0.5717 tp=0.8929  [0.2s]
   nu  = 3.0000
  rho=0.00610 (13/20)
    fp=0.6167 tp=0.8810  [0.2s]
   nu  = 3.0000
  rho=0.00424 (14/20)
    fp=0.6751 tp=0.9167  [0.1s]
   nu  = 3.0000
  rho=0.00295 (15/20)
    fp=0.6780 tp=0.9048  [0.9s]
   nu  = 3.0000
  rho=0.00205 (16/20)
    fp=0.7014 tp=0.9048  [1.0s]
   nu  = 3.0000
  FPR 0.7014 >= fp_end=0.7; stopping after 16 fits
  [note] 4/16 fits hit a glasso ConvergenceWarning (suppressed)
  grid stopped 4 points early at rho=0.00205, ending at FPR 0.7014
  pilot fit of run_em_diagonal at rho=0.30349
  -> rho_max = max|S_ij| (off-diag) = 0.63801
  rho grid: [6.38007883e-01 4.43538484e-01 3.08344759e-01 2.14359055e-01
 1.49020871e-01 1.03598236e-01 7.20207474e-02 5.00683047e-02
 3.48071248e-02 2.41976624e-02 1.68220406e-02 1.16945614e-02
 8.12997486e-03 5.65189996e-03 3.92916013e-03 2.73152382e-03
 1.89893568e-03 1.32012641e-03 9.17742368e-04 6.38007883e-04]
Running run_em_diagonal over 20 rho values, extending until FPR >= 0.7...
  rho=0.63801 (1/20)
    fp=0.0002 tp=0.0000  [7.3s]
   median nu  = 0.039
   median eta = 0.204
  rho=0.44354 (2/20)
    fp=0.0025 tp=0.1190  [7.4s]
   median nu  = 0.049
   median eta = 0.247
  rho=0.30834 (3/20)
    fp=0.0203 tp=0.3333  [7.4s]
   median nu  = 0.071
   median eta = 0.242
  rho=0.21436 (4/20)
    fp=0.0664 tp=0.5476  [7.3s]
   median nu  = 0.119
   median eta = 0.242
  rho=0.14902 (5/20)
    fp=0.1112 tp=0.6429  [7.1s]
   median nu  = 0.163
   median eta = 0.12
  rho=0.10360 (6/20)
    fp=0.1642 tp=0.7857  [7.0s]
   median nu  = 0.229
   median eta = 0.034
  rho=0.07202 (7/20)
    fp=0.2043 tp=0.8214  [6.6s]
   median nu  = 0.242
   median eta = 0.002
  rho=0.05007 (8/20)
    fp=0.2394 tp=0.8095  [6.2s]
   median nu  = 0.267
   median eta = 0.008
  rho=0.03481 (9/20)
    fp=0.2733 tp=0.8214  [6.1s]
   median nu  = 0.22
   median eta = 0.006
  rho=0.02420 (10/20)
    fp=0.2935 tp=0.8452  [5.9s]
   median nu  = 0.25
   median eta = 0.004
  rho=0.01682 (11/20)
    fp=0.3280 tp=0.8214  [5.7s]
   median nu  = 0.35
   median eta = 0.0
  rho=0.01169 (12/20)
    fp=0.3457 tp=0.8214  [5.4s]
   median nu  = 0.315
   median eta = 0.0
  rho=0.00813 (13/20)
    fp=0.3835 tp=0.8333  [5.7s]
   median nu  = 2.0
   median eta = -0.0
  rho=0.00565 (14/20)
    fp=0.4145 tp=0.8214  [5.8s]
   median nu  = 2.0
   median eta = -0.0
  rho=0.00393 (15/20)
    fp=0.4492 tp=0.8214  [6.0s]
   median nu  = 2.0
   median eta = -0.001
  rho=0.00273 (16/20)
    fp=0.4583 tp=0.7738  [6.0s]
   median nu  = 2.0
   median eta = -0.001
  rho=0.00190 (17/20)
    fp=0.4887 tp=0.7500  [6.0s]
   median nu  = 2.0
   median eta = -0.001
  rho=0.00132 (18/20)
    fp=0.5101 tp=0.7500  [6.0s]
   median nu  = 2.0
   median eta = -0.001
  rho=0.00092 (19/20)
    fp=0.5230 tp=0.7381  [6.2s]
   median nu  = 2.0
   median eta = -0.001
  rho=0.00064 (20/20)
    fp=0.5526 tp=0.7262  [6.1s]
   median nu  = 2.0
   median eta = -0.001
  rho=0.00044 (21/21)  [extra 1/50]
    fp=0.5744 tp=0.7262  [6.3s]
   median nu  = 2.0
   median eta = -0.0
  rho=0.00031 (22/22)  [extra 2/50]
    fp=0.5970 tp=0.6667  [6.1s]
   median nu  = 2.0
   median eta = -0.0
  rho=0.00021 (23/23)  [extra 3/50]
    fp=0.6289 tp=0.6905  [6.5s]
   median nu  = 2.0
   median eta = -0.0
  rho=0.00015 (24/24)  [extra 4/50]
    fp=0.6496 tp=0.6786  [6.3s]
   median nu  = 2.0
   median eta = -0.0
  rho=0.00010 (25/25)  [extra 5/50]
    fp=0.6732 tp=0.6905  [6.5s]
   median nu  = 2.0
   median eta = -0.0
  rho=0.00007 (26/26)  [extra 6/50]
    fp=0.7067 tp=0.6786  [6.5s]
   median nu  = 2.0
   median eta = -0.0
  FPR 0.7067 >= fp_end=0.7; stopping after 26 fits
  [note] 15/26 fits hit a glasso ConvergenceWarning (suppressed)
  grid extended by 6 points down to rho=0.00007, ending at FPR 0.7067
  graphical_lasso rho_max = max|S_ij| (off-diag) = 0.84527
  rho grid: [8.45272724e-01 5.87627509e-01 4.08514411e-01 2.83996276e-01
 1.97432165e-01 1.37253419e-01 9.54175880e-02 6.63336198e-02
 4.61146546e-02 3.20585757e-02 2.22868909e-02 1.54936860e-02
 1.07710989e-02 7.48799035e-03 5.20559695e-03 3.61889350e-03
 2.51582869e-03 1.74898598e-03 1.21588246e-03 8.45272724e-04]
Running graphical_lasso over 20 rho values, extending until FPR >= 0.7...
  rho=0.84527 (1/20)
    fp=0.0000 tp=0.0000  [0.0s]
  rho=0.58763 (2/20)
    fp=0.0012 tp=0.0357  [4.8s]
  rho=0.40851 (3/20)
    fp=0.0109 tp=0.2262  [4.7s]
  rho=0.28400 (4/20)
    fp=0.0625 tp=0.5119  [4.8s]
  rho=0.19743 (5/20)
    fp=0.1461 tp=0.6429  [0.0s]
  rho=0.13725 (6/20)
    fp=0.2466 tp=0.7262  [0.0s]
  rho=0.09542 (7/20)
    fp=0.3494 tp=0.7857  [0.0s]
  rho=0.06633 (8/20)
    fp=0.4431 tp=0.8095  [0.2s]
  rho=0.04611 (9/20)
    fp=0.5181 tp=0.8571  [0.0s]
  rho=0.03206 (10/20)
    fp=0.5841 tp=0.8571  [0.0s]
  rho=0.02229 (11/20)
    fp=0.6416 tp=0.9048  [0.0s]
  rho=0.01549 (12/20)
    fp=0.6907 tp=0.9048  [0.0s]
  rho=0.01077 (13/20)
    fp=0.7279 tp=0.8929  [0.5s]
  FPR 0.7279 >= fp_end=0.7; stopping after 13 fits
  [note] 3/13 fits hit a glasso ConvergenceWarning (suppressed)
  grid stopped 7 points early at rho=0.01077, ending at FPR 0.7279

(p=100, n=50) over 7 replicates
  Asymmetric model (Diagonal): AUC = 0.516 (SE 0.005)
  Classical t-model (TLASSO): AUC = 0.536 (SE 0.006)
  Alternative t-model (TSTAR_VARLASSO): AUC = 0.553 (SE 0.005)
  Naive Gaussian glasso (GGM): AUC = 0.534 (SE 0.007)
Replicate 8/50
  pilot fit of run_tlasso at rho=0.30349
  -> rho_max = max|S_ij| (off-diag) = 11.58325
  rho grid: [11.58325305  8.05259407  5.59810539  3.89176254  2.70552528  1.88086169
  1.30756149  0.90900733  0.63193535  0.4393169   0.30540995  0.21231879
  0.1476025   0.10261219  0.07133526  0.04959176  0.03447583  0.02396735
  0.01666193  0.01158325]
Running run_tlasso over 20 rho values, extending until FPR >= 0.7...
  rho=11.58325 (1/20)
    fp=0.0000 tp=0.0000  [0.0s]
   nu  = 3.0000
  rho=8.05259 (2/20)
    fp=0.0010 tp=0.0714  [0.1s]
   nu  = 3.0000
  rho=5.59811 (3/20)
    fp=0.0043 tp=0.1667  [0.1s]
   nu  = 3.0000
  rho=3.89176 (4/20)
    fp=0.0224 tp=0.2500  [0.1s]
   nu  = 3.0000
  rho=2.70553 (5/20)
    fp=0.0742 tp=0.4524  [0.1s]
   nu  = 3.0000
  rho=1.88086 (6/20)
    fp=0.1987 tp=0.6786  [0.2s]
   nu  = 3.0000
  rho=1.30756 (7/20)
    fp=0.3214 tp=0.8095  [0.3s]
   nu  = 3.0000
  rho=0.90901 (8/20)
    fp=0.4455 tp=0.8690  [0.3s]
   nu  = 3.0000
  rho=0.63194 (9/20)
    fp=0.5384 tp=0.8690  [0.5s]
   nu  = 3.0000
  rho=0.43932 (10/20)
    fp=0.6141 tp=0.9048  [0.6s]
   nu  = 3.0000
  rho=0.30541 (11/20)
    fp=0.6737 tp=0.9167  [0.9s]
   nu  = 3.0000
  rho=0.21232 (12/20)
    fp=0.7244 tp=0.9167  [1.1s]
   nu  = 3.0000
  FPR 0.7244 >= fp_end=0.7; stopping after 12 fits
  grid stopped 8 points early at rho=0.21232, ending at FPR 0.7244
  pilot fit of run_tstar_varlasso at rho=0.30349
  -> rho_max = max|S_ij| (off-diag) = 0.45764
  rho grid: [4.57640402e-01 3.18148310e-01 2.21174414e-01 1.53758859e-01
 1.06892051e-01 7.43105839e-02 5.16601826e-02 3.59137868e-02
 2.49670059e-02 1.73568826e-02 1.20663798e-02 8.38846029e-03
 5.83159716e-03 4.05408434e-03 2.81837023e-03 1.95931068e-03
 1.36209867e-03 9.46921182e-04 6.58292785e-04 4.57640402e-04]
Running run_tstar_varlasso over 20 rho values, extending until FPR >= 0.7...
  rho=0.45764 (1/20)
    fp=0.0002 tp=0.0119  [0.0s]
   nu  = 3.0000
  rho=0.31815 (2/20)
    fp=0.0029 tp=0.1429  [0.1s]
   nu  = 3.0000
  rho=0.22117 (3/20)
    fp=0.0158 tp=0.2500  [0.1s]
   nu  = 3.0000
  rho=0.15376 (4/20)
    fp=0.0557 tp=0.4643  [0.1s]
   nu  = 3.0000
  rho=0.10689 (5/20)
    fp=0.1237 tp=0.6667  [0.1s]
   nu  = 3.0000
  rho=0.07431 (6/20)
    fp=0.2047 tp=0.7381  [0.1s]
   nu  = 3.0000
  rho=0.05166 (7/20)
    fp=0.2852 tp=0.8452  [0.1s]
   nu  = 3.0000
  rho=0.03591 (8/20)
    fp=0.3600 tp=0.8690  [0.2s]
   nu  = 3.0000
  rho=0.02497 (9/20)
    fp=0.4299 tp=0.8929  [0.2s]
   nu  = 3.0000
  rho=0.01736 (10/20)
    fp=0.4864 tp=0.8929  [0.2s]
   nu  = 3.0000
  rho=0.01207 (11/20)
    fp=0.5290 tp=0.8810  [0.3s]
   nu  = 3.0000
  rho=0.00839 (12/20)
    fp=0.5705 tp=0.8810  [0.3s]
   nu  = 3.0000
  rho=0.00583 (13/20)
    fp=0.6122 tp=0.8929  [0.2s]
   nu  = 3.0000
  rho=0.00405 (14/20)
    fp=0.6445 tp=0.9167  [0.6s]
   nu  = 3.0000
  rho=0.00282 (15/20)
    fp=0.6759 tp=0.9167  [0.9s]
   nu  = 3.0000
  rho=0.00196 (16/20)
    fp=0.7047 tp=0.9405  [1.5s]
   nu  = 3.0000
  FPR 0.7047 >= fp_end=0.7; stopping after 16 fits
  [note] 4/16 fits hit a glasso ConvergenceWarning (suppressed)
  grid stopped 4 points early at rho=0.00196, ending at FPR 0.7047
  pilot fit of run_em_diagonal at rho=0.30349
  -> rho_max = max|S_ij| (off-diag) = 0.54872
  rho grid: [0.54872033 0.38146642 0.26519271 0.18436006 0.12816579 0.08909993
 0.06194163 0.04306137 0.02993596 0.02081126 0.01446784 0.01005794
 0.00699221 0.00486093 0.00337928 0.00234925 0.00163318 0.00113538
 0.00078931 0.00054872]
Running run_em_diagonal over 20 rho values, extending until FPR >= 0.7...
  rho=0.54872 (1/20)
    fp=0.0004 tp=0.0595  [7.4s]
   median nu  = 0.041
   median eta = 1.454
  rho=0.38147 (2/20)
    fp=0.0043 tp=0.1786  [7.4s]
   median nu  = 0.054
   median eta = 1.619
  rho=0.26519 (3/20)
    fp=0.0267 tp=0.3095  [7.4s]
   median nu  = 0.081
   median eta = 1.214
  rho=0.18436 (4/20)
    fp=0.0693 tp=0.5357  [7.2s]
   median nu  = 0.138
   median eta = 0.989
  rho=0.12817 (5/20)
    fp=0.1235 tp=0.7024  [6.9s]
   median nu  = 0.211
   median eta = 0.411
  rho=0.08910 (6/20)
    fp=0.1774 tp=0.7857  [6.6s]
   median nu  = 0.25
   median eta = 0.119
  rho=0.06194 (7/20)
    fp=0.2222 tp=0.8095  [6.2s]
   median nu  = 0.253
   median eta = 0.049
  rho=0.04306 (8/20)
    fp=0.2639 tp=0.8452  [5.9s]
   median nu  = 0.278
   median eta = 0.019
  rho=0.02994 (9/20)
    fp=0.2904 tp=0.8452  [5.8s]
   median nu  = 0.268
   median eta = 0.005
  rho=0.02081 (10/20)
    fp=0.3185 tp=0.8571  [5.9s]
   median nu  = 0.234
   median eta = 0.005
  rho=0.01447 (11/20)
    fp=0.3504 tp=0.8571  [5.7s]
   median nu  = 0.253
   median eta = 0.004
  rho=0.01006 (12/20)
    fp=0.3732 tp=0.8571  [5.8s]
   median nu  = 0.292
   median eta = 0.001
  rho=0.00699 (13/20)
    fp=0.4075 tp=0.8452  [5.6s]
   median nu  = 0.35
   median eta = 0.001
  rho=0.00486 (14/20)
    fp=0.4135 tp=0.8095  [5.9s]
   median nu  = 0.341
   median eta = 0.0
  rho=0.00338 (15/20)
    fp=0.4453 tp=0.7976  [5.8s]
   median nu  = 0.334
   median eta = 0.001
  rho=0.00235 (16/20)
    fp=0.4634 tp=0.7619  [6.0s]
   median nu  = 0.349
   median eta = 0.001
  rho=0.00163 (17/20)
    fp=0.4852 tp=0.7024  [6.0s]
   median nu  = 0.326
   median eta = 0.0
  rho=0.00114 (18/20)
    fp=0.5053 tp=0.6905  [5.9s]
   median nu  = 0.365
   median eta = 0.0
  rho=0.00079 (19/20)
    fp=0.5304 tp=0.6905  [6.0s]
   median nu  = 0.387
   median eta = 0.0
  rho=0.00055 (20/20)
    fp=0.5499 tp=0.6310  [5.8s]
   median nu  = 0.358
   median eta = 0.0
  rho=0.00038 (21/21)  [extra 1/50]
    fp=0.5715 tp=0.6310  [5.7s]
   median nu  = 0.393
   median eta = 0.0
  rho=0.00027 (22/22)  [extra 2/50]
    fp=0.5900 tp=0.6190  [5.8s]
   median nu  = 0.392
   median eta = 0.0
  rho=0.00018 (23/23)  [extra 3/50]
    fp=0.5980 tp=0.6190  [5.8s]
   median nu  = 0.451
   median eta = 0.0
  rho=0.00013 (24/24)  [extra 4/50]
    fp=0.6381 tp=0.6548  [5.7s]
   median nu  = 0.559
   median eta = 0.0
  rho=0.00009 (25/25)  [extra 5/50]
    fp=0.6552 tp=0.6429  [5.7s]
   median nu  = 0.621
   median eta = 0.0
  rho=0.00006 (26/26)  [extra 6/50]
    fp=0.6915 tp=0.7024  [5.8s]
   median nu  = 0.725
   median eta = 0.0
  rho=0.00004 (27/27)  [extra 7/50]
    fp=0.7254 tp=0.7024  [5.8s]
   median nu  = 0.782
   median eta = 0.0
  FPR 0.7254 >= fp_end=0.7; stopping after 27 fits
  [note] 16/27 fits hit a glasso ConvergenceWarning (suppressed)
  grid extended by 7 points down to rho=0.00004, ending at FPR 0.7254
  graphical_lasso rho_max = max|S_ij| (off-diag) = 0.73859
  rho grid: [0.73859345 0.51346485 0.35695706 0.24815398 0.17251486 0.11993109
 0.08337523 0.05796186 0.04029467 0.02801256 0.01947413 0.01353828
 0.00941171 0.00654295 0.00454861 0.00316216 0.00219831 0.00152825
 0.00106243 0.00073859]
Running graphical_lasso over 20 rho values, extending until FPR >= 0.7...
  rho=0.73859 (1/20)
    fp=0.0000 tp=0.0000  [0.0s]
  rho=0.51346 (2/20)
    fp=0.0027 tp=0.1190  [4.8s]
  rho=0.35696 (3/20)
    fp=0.0222 tp=0.2619  [4.8s]
  rho=0.24815 (4/20)
    fp=0.0775 tp=0.4286  [5.3s]
  rho=0.17251 (5/20)
    fp=0.1720 tp=0.6071  [0.0s]
  rho=0.11993 (6/20)
    fp=0.2717 tp=0.7738  [0.0s]
  rho=0.08338 (7/20)
    fp=0.3785 tp=0.8333  [0.0s]
  rho=0.05796 (8/20)
    fp=0.4794 tp=0.8571  [0.0s]
  rho=0.04029 (9/20)
    fp=0.5584 tp=0.8690  [0.0s]
  rho=0.02801 (10/20)
    fp=0.6210 tp=0.9048  [0.0s]
  rho=0.01947 (11/20)
    fp=0.6769 tp=0.9167  [0.1s]
  rho=0.01354 (12/20)
    fp=0.7232 tp=0.9167  [0.9s]
  FPR 0.7232 >= fp_end=0.7; stopping after 12 fits
  [note] 3/12 fits hit a glasso ConvergenceWarning (suppressed)
  grid stopped 8 points early at rho=0.01354, ending at FPR 0.7232

(p=100, n=50) over 8 replicates
  Asymmetric model (Diagonal): AUC = 0.513 (SE 0.005)
  Classical t-model (TLASSO): AUC = 0.533 (SE 0.006)
  Alternative t-model (TSTAR_VARLASSO): AUC = 0.552 (SE 0.004)
  Naive Gaussian glasso (GGM): AUC = 0.531 (SE 0.007)
Replicate 9/50
  pilot fit of run_tlasso at rho=0.30349
  -> rho_max = max|S_ij| (off-diag) = 12.56216
  rho grid: [1.25621575e+01 8.73312137e+00 6.07120306e+00 4.22065663e+00
 2.93417009e+00 2.03981391e+00 1.41806393e+00 9.85827831e-01
 6.85340407e-01 4.76443714e-01 3.31220237e-01 2.30261923e-01
 1.60076430e-01 1.11283981e-01 7.73638220e-02 5.37827717e-02
 3.73893955e-02 2.59928384e-02 1.80700340e-02 1.25621575e-02]
Running run_tlasso over 20 rho values, extending until FPR >= 0.7...
  rho=12.56216 (1/20)
    fp=0.0000 tp=0.0000  [0.0s]
   nu  = 3.0000
  rho=8.73312 (2/20)
    fp=0.0010 tp=0.0476  [0.1s]
   nu  = 3.0000
  rho=6.07120 (3/20)
    fp=0.0058 tp=0.1071  [0.1s]
   nu  = 3.0000
  rho=4.22066 (4/20)
    fp=0.0169 tp=0.2738  [0.1s]
   nu  = 3.0000
  rho=2.93417 (5/20)
    fp=0.0674 tp=0.5119  [0.1s]
   nu  = 3.0000
  rho=2.03981 (6/20)
    fp=0.1905 tp=0.7262  [0.3s]
   nu  = 3.0000
  rho=1.41806 (7/20)
    fp=0.3231 tp=0.8214  [0.3s]
   nu  = 3.0000
  rho=0.98583 (8/20)
    fp=0.4322 tp=0.8571  [0.4s]
   nu  = 3.0000
  rho=0.68534 (9/20)
    fp=0.5277 tp=0.8571  [0.5s]
   nu  = 3.0000
  rho=0.47644 (10/20)
    fp=0.6007 tp=0.8690  [0.6s]
   nu  = 3.0000
  rho=0.33122 (11/20)
    fp=0.6628 tp=0.8929  [0.8s]
   nu  = 3.0000
  rho=0.23026 (12/20)
    fp=0.7094 tp=0.9167  [1.0s]
   nu  = 3.0000
  FPR 0.7094 >= fp_end=0.7; stopping after 12 fits
  grid stopped 8 points early at rho=0.23026, ending at FPR 0.7094
  pilot fit of run_tstar_varlasso at rho=0.30349
  -> rho_max = max|S_ij| (off-diag) = 0.54550
  rho grid: [0.54549802 0.37922629 0.26363539 0.18327742 0.12741314 0.0885767
 0.06157788 0.0428085  0.02976016 0.02068905 0.01438288 0.00999887
 0.00695114 0.00483239 0.00335944 0.00233546 0.00162359 0.00112871
 0.00078467 0.0005455 ]
Running run_tstar_varlasso over 20 rho values, extending until FPR >= 0.7...
  rho=0.54550 (1/20)
    fp=0.0000 tp=0.0238  [0.1s]
   nu  = 3.0000
  rho=0.37923 (2/20)
    fp=0.0025 tp=0.0714  [0.0s]
   nu  = 3.0000
  rho=0.26364 (3/20)
    fp=0.0090 tp=0.2262  [0.1s]
   nu  = 3.0000
  rho=0.18328 (4/20)
    fp=0.0376 tp=0.4405  [0.1s]
   nu  = 3.0000
  rho=0.12741 (5/20)
    fp=0.0954 tp=0.6548  [0.1s]
   nu  = 3.0000
  rho=0.08858 (6/20)
    fp=0.1829 tp=0.7262  [0.1s]
   nu  = 3.0000
  rho=0.06158 (7/20)
    fp=0.2637 tp=0.8095  [0.3s]
   nu  = 3.0000
  rho=0.04281 (8/20)
    fp=0.3391 tp=0.8571  [0.2s]
   nu  = 3.0000
  rho=0.02976 (9/20)
    fp=0.4038 tp=0.8690  [0.3s]
   nu  = 3.0000
  rho=0.02069 (10/20)
    fp=0.4628 tp=0.8690  [0.3s]
   nu  = 3.0000
  rho=0.01438 (11/20)
    fp=0.5156 tp=0.8690  [0.4s]
   nu  = 3.0000
  rho=0.01000 (12/20)
    fp=0.5670 tp=0.8690  [0.2s]
   nu  = 3.0000
  rho=0.00695 (13/20)
    fp=0.6124 tp=0.8810  [0.2s]
   nu  = 3.0000
  rho=0.00483 (14/20)
    fp=0.6422 tp=0.8929  [0.7s]
   nu  = 3.0000
  rho=0.00336 (15/20)
    fp=0.6734 tp=0.8929  [1.1s]
   nu  = 3.0000
  rho=0.00234 (16/20)
    fp=0.6967 tp=0.9048  [1.1s]
   nu  = 3.0000
  rho=0.00162 (17/20)
    fp=0.7170 tp=0.8929  [1.4s]
   nu  = 3.0000
  FPR 0.7170 >= fp_end=0.7; stopping after 17 fits
  [note] 4/17 fits hit a glasso ConvergenceWarning (suppressed)
  grid stopped 3 points early at rho=0.00162, ending at FPR 0.7170
  pilot fit of run_em_diagonal at rho=0.30349
  -> rho_max = max|S_ij| (off-diag) = 0.67143
  rho grid: [6.71428517e-01 4.66772268e-01 3.24496718e-01 2.25587781e-01
 1.56827000e-01 1.09025001e-01 7.57933952e-02 5.26910223e-02
 3.66304191e-02 2.54652035e-02 1.77032260e-02 1.23071552e-02
 8.55584564e-03 5.94796226e-03 4.13498051e-03 2.87460866e-03
 1.99840724e-03 1.38927831e-03 9.65816276e-04 6.71428517e-04]
Running run_em_diagonal over 20 rho values, extending until FPR >= 0.7...
  rho=0.67143 (1/20)
    fp=0.0002 tp=0.0357  [7.4s]
   median nu  = 0.04
   median eta = -0.35
  rho=0.46677 (2/20)
    fp=0.0031 tp=0.0952  [7.4s]
   median nu  = 0.054
   median eta = -0.404
  rho=0.32450 (3/20)
    fp=0.0136 tp=0.2976  [7.5s]
   median nu  = 0.085
   median eta = -0.165
  rho=0.22559 (4/20)
    fp=0.0469 tp=0.4881  [7.6s]
   median nu  = 0.148
   median eta = -0.012
  rho=0.15683 (5/20)
    fp=0.0980 tp=0.6310  [7.1s]
   median nu  = 0.214
   median eta = 0.028
  rho=0.10903 (6/20)
    fp=0.1572 tp=0.7619  [10.1s]
   median nu  = 0.283
   median eta = 0.015
  rho=0.07579 (7/20)
    fp=0.2088 tp=0.8095  [8.6s]
   median nu  = 0.286
   median eta = 0.009
  rho=0.05269 (8/20)
    fp=0.2517 tp=0.8333  [8.2s]
   median nu  = 0.306
   median eta = 0.015
  rho=0.03663 (9/20)
    fp=0.2863 tp=0.8214  [7.0s]
   median nu  = 0.293
   median eta = 0.004
  rho=0.02547 (10/20)
    fp=0.3171 tp=0.8214  [6.2s]
   median nu  = 0.256
   median eta = 0.003
  rho=0.01770 (11/20)
    fp=0.3430 tp=0.8333  [8.1s]
   median nu  = 0.283
   median eta = 0.003
  rho=0.01231 (12/20)
    fp=0.3648 tp=0.8333  [6.3s]
   median nu  = 0.278
   median eta = 0.0
  rho=0.00856 (13/20)
    fp=0.3843 tp=0.8333  [5.7s]
   median nu  = 0.264
   median eta = 0.001
  rho=0.00595 (14/20)
    fp=0.4170 tp=0.7738  [6.7s]
   median nu  = 0.292
   median eta = 0.0
  rho=0.00413 (15/20)
    fp=0.4236 tp=0.8095  [7.3s]
   median nu  = 0.24
   median eta = 0.0
  rho=0.00287 (16/20)
    fp=0.4636 tp=0.7381  [6.5s]
   median nu  = 0.313
   median eta = -0.0
  rho=0.00200 (17/20)
    fp=0.4624 tp=0.7976  [6.1s]
   median nu  = 0.24
   median eta = -0.001
  rho=0.00139 (18/20)
    fp=0.4992 tp=0.6786  [6.2s]
   median nu  = 0.362
   median eta = -0.001
  rho=0.00097 (19/20)
    fp=0.5064 tp=0.7500  [6.1s]
   median nu  = 0.268
   median eta = -0.001
  rho=0.00067 (20/20)
    fp=0.5353 tp=0.6786  [6.2s]
   median nu  = 0.28
   median eta = -0.001
  rho=0.00047 (21/21)  [extra 1/50]
    fp=0.5409 tp=0.7024  [5.9s]
   median nu  = 0.292
   median eta = -0.001
  rho=0.00032 (22/22)  [extra 2/50]
    fp=0.5783 tp=0.6786  [5.8s]
   median nu  = 0.4
   median eta = -0.001
  rho=0.00023 (23/23)  [extra 3/50]
    fp=0.5832 tp=0.7143  [5.8s]
   median nu  = 0.31
   median eta = -0.001
  rho=0.00016 (24/24)  [extra 4/50]
    fp=0.6241 tp=0.7024  [5.9s]
   median nu  = 0.582
   median eta = -0.001
  rho=0.00011 (25/25)  [extra 5/50]
    fp=0.6282 tp=0.7381  [5.8s]
   median nu  = 0.399
   median eta = -0.001
  rho=0.00008 (26/26)  [extra 6/50]
    fp=0.6771 tp=0.7500  [5.8s]
   median nu  = 0.5
   median eta = -0.001
  rho=0.00005 (27/27)  [extra 7/50]
    fp=0.7150 tp=0.7857  [6.2s]
   median nu  = 0.591
   median eta = -0.001
  FPR 0.7150 >= fp_end=0.7; stopping after 27 fits
  [note] 14/27 fits hit a glasso ConvergenceWarning (suppressed)
  grid extended by 7 points down to rho=0.00005, ending at FPR 0.7150
  graphical_lasso rho_max = max|S_ij| (off-diag) = 0.79900
  rho grid: [7.98995949e-01 5.55456228e-01 3.86149168e-01 2.68448120e-01
 1.86623199e-01 1.29739104e-01 9.01936902e-02 6.27020037e-02
 4.35899813e-02 3.03034410e-02 2.10667339e-02 1.46454416e-02
 1.01814055e-02 7.07803977e-03 4.92060226e-03 3.42076724e-03
 2.37809274e-03 1.65323294e-03 1.14931563e-03 7.98995949e-04]
Running graphical_lasso over 20 rho values, extending until FPR >= 0.7...
  rho=0.79900 (1/20)
    fp=0.0000 tp=0.0000  [0.0s]
  rho=0.55546 (2/20)
    fp=0.0037 tp=0.1071  [5.2s]
  rho=0.38615 (3/20)
    fp=0.0171 tp=0.2857  [5.8s]
  rho=0.26845 (4/20)
    fp=0.0707 tp=0.5238  [0.0s]
  rho=0.18662 (5/20)
    fp=0.1658 tp=0.6905  [5.2s]
  rho=0.12974 (6/20)
    fp=0.2713 tp=0.7857  [0.0s]
  rho=0.09019 (7/20)
    fp=0.3726 tp=0.8333  [0.0s]
  rho=0.06270 (8/20)
    fp=0.4636 tp=0.8571  [0.1s]
  rho=0.04359 (9/20)
    fp=0.5427 tp=0.8690  [0.1s]
  rho=0.03030 (10/20)
    fp=0.6102 tp=0.8690  [0.1s]
  rho=0.02107 (11/20)
    fp=0.6650 tp=0.8929  [0.1s]
  rho=0.01465 (12/20)
    fp=0.7065 tp=0.9167  [0.3s]
  FPR 0.7065 >= fp_end=0.7; stopping after 12 fits
  [note] 3/12 fits hit a glasso ConvergenceWarning (suppressed)
  grid stopped 8 points early at rho=0.01465, ending at FPR 0.7065

(p=100, n=50) over 9 replicates
  Asymmetric model (Diagonal): AUC = 0.512 (SE 0.005)
  Classical t-model (TLASSO): AUC = 0.532 (SE 0.005)
  Alternative t-model (TSTAR_VARLASSO): AUC = 0.551 (SE 0.004)
  Naive Gaussian glasso (GGM): AUC = 0.530 (SE 0.006)
Replicate 10/50
  pilot fit of run_tlasso at rho=0.30349
  -> rho_max = max|S_ij| (off-diag) = 15.20126
  rho grid: [15.20125903 10.56780577  7.34666244  5.10734681  3.55059071  2.46834508
  1.71597572  1.19293396  0.82931909  0.57653666  0.40080413  0.27863615
  0.19370584  0.13466291  0.09361668  0.06508164  0.04524429  0.0314535
  0.02186625  0.01520126]
Running run_tlasso over 20 rho values, extending until FPR >= 0.7...
  rho=15.20126 (1/20)
    fp=0.0000 tp=0.0119  [0.1s]
   nu  = 3.0000
  rho=10.56781 (2/20)
    fp=0.0000 tp=0.0238  [0.1s]
   nu  = 3.0000
  rho=7.34666 (3/20)
    fp=0.0012 tp=0.0833  [0.1s]
   nu  = 3.0000
  rho=5.10735 (4/20)
    fp=0.0086 tp=0.1786  [0.1s]
   nu  = 3.0000
  rho=3.55059 (5/20)
    fp=0.0277 tp=0.2976  [0.1s]
   nu  = 3.0000
  rho=2.46835 (6/20)
    fp=0.0986 tp=0.5238  [0.1s]
   nu  = 3.0000
  rho=1.71598 (7/20)
    fp=0.2390 tp=0.7381  [0.3s]
   nu  = 3.0000
  rho=1.19293 (8/20)
    fp=0.3681 tp=0.8095  [0.3s]
   nu  = 3.0000
  rho=0.82932 (9/20)
    fp=0.4700 tp=0.8452  [0.3s]
   nu  = 3.0000
  rho=0.57654 (10/20)
    fp=0.5547 tp=0.8452  [0.5s]
   nu  = 3.0000
  rho=0.40080 (11/20)
    fp=0.6225 tp=0.8690  [0.6s]
   nu  = 3.0000
  rho=0.27864 (12/20)
    fp=0.6751 tp=0.8571  [0.8s]
   nu  = 3.0000
  rho=0.19371 (13/20)
    fp=0.7197 tp=0.8571  [1.2s]
   nu  = 3.0000
  FPR 0.7197 >= fp_end=0.7; stopping after 13 fits
  grid stopped 7 points early at rho=0.19371, ending at FPR 0.7197
  pilot fit of run_tstar_varlasso at rho=0.30349
  -> rho_max = max|S_ij| (off-diag) = 0.50344
  rho grid: [0.50344184 0.34998914 0.24330993 0.16914731 0.11758999 0.08174772
 0.05683042 0.0395081  0.02746575 0.01909399 0.013274   0.00922799
 0.00641523 0.00445982 0.00310044 0.0021554  0.00149842 0.00104169
 0.00072418 0.00050344]
Running run_tstar_varlasso over 20 rho values, extending until FPR >= 0.7...
  rho=0.50344 (1/20)
    fp=0.0000 tp=0.0119  [0.0s]
   nu  = 3.0000
  rho=0.34999 (2/20)
    fp=0.0008 tp=0.1071  [0.0s]
   nu  = 3.0000
  rho=0.24331 (3/20)
    fp=0.0099 tp=0.2976  [0.1s]
   nu  = 3.0000
  rho=0.16915 (4/20)
    fp=0.0372 tp=0.4405  [0.1s]
   nu  = 3.0000
  rho=0.11759 (5/20)
    fp=0.1060 tp=0.6310  [0.1s]
   nu  = 3.0000
  rho=0.08175 (6/20)
    fp=0.1915 tp=0.7500  [0.1s]
   nu  = 3.0000
  rho=0.05683 (7/20)
    fp=0.2661 tp=0.8214  [0.1s]
   nu  = 3.0000
  rho=0.03951 (8/20)
    fp=0.3329 tp=0.8452  [0.2s]
   nu  = 3.0000
  rho=0.02747 (9/20)
    fp=0.4012 tp=0.8810  [0.2s]
   nu  = 3.0000
  rho=0.01909 (10/20)
    fp=0.4581 tp=0.8810  [0.3s]
   nu  = 3.0000
  rho=0.01327 (11/20)
    fp=0.5203 tp=0.8929  [0.3s]
   nu  = 3.0000
  rho=0.00923 (12/20)
    fp=0.5672 tp=0.8929  [0.6s]
   nu  = 3.0000
  rho=0.00642 (13/20)
    fp=0.5672 tp=0.8929  [0.0s]
   nu  = 3.0000
  rho=0.00446 (14/20)
    fp=0.6428 tp=0.8810  [0.4s]
   nu  = 3.0000
  rho=0.00310 (15/20)
    fp=0.6753 tp=0.9167  [0.9s]
   nu  = 3.0000
  rho=0.00216 (16/20)
    fp=0.7010 tp=0.9286  [1.0s]
   nu  = 3.0000
  FPR 0.7010 >= fp_end=0.7; stopping after 16 fits
  [note] 4/16 fits hit a glasso ConvergenceWarning (suppressed)
  grid stopped 4 points early at rho=0.00216, ending at FPR 0.7010
  pilot fit of run_em_diagonal at rho=0.30349
  -> rho_max = max|S_ij| (off-diag) = 0.57220
  rho grid: [5.72201185e-01 3.97790142e-01 2.76540841e-01 1.92249200e-01
 1.33650259e-01 9.29126974e-02 6.45922379e-02 4.49040585e-02
 3.12169780e-02 2.17018182e-02 1.50869477e-02 1.04883373e-02
 7.29141657e-03 5.06894027e-03 3.52389076e-03 2.44978347e-03
 1.70307182e-03 1.18396326e-03 8.23082731e-04 5.72201185e-04]
Running run_em_diagonal over 20 rho values, extending until FPR >= 0.7...
  rho=0.57220 (1/20)
    fp=0.0000 tp=0.0595  [7.8s]
   median nu  = 0.039
   median eta = -0.808
  rho=0.39779 (2/20)
    fp=0.0029 tp=0.2024  [8.1s]
   median nu  = 0.049
   median eta = -0.671
  rho=0.27654 (3/20)
    fp=0.0191 tp=0.3452  [7.4s]
   median nu  = 0.068
   median eta = -0.408
  rho=0.19225 (4/20)
    fp=0.0606 tp=0.5476  [7.3s]
   median nu  = 0.1
   median eta = -0.286
  rho=0.13365 (5/20)
    fp=0.1206 tp=0.6667  [7.1s]
   median nu  = 0.166
   median eta = -0.146
  rho=0.09291 (6/20)
    fp=0.1753 tp=0.7738  [7.5s]
   median nu  = 0.219
   median eta = -0.111
  rho=0.06459 (7/20)
    fp=0.2133 tp=0.7857  [7.4s]
   median nu  = 0.244
   median eta = -0.053
  rho=0.04490 (8/20)
    fp=0.2464 tp=0.8095  [7.3s]
   median nu  = 0.248
   median eta = -0.018
  rho=0.03122 (9/20)
    fp=0.2756 tp=0.8333  [6.6s]
   median nu  = 0.243
   median eta = -0.007
  rho=0.02170 (10/20)
    fp=0.3099 tp=0.8452  [6.2s]
   median nu  = 0.282
   median eta = 0.001
  rho=0.01509 (11/20)
    fp=0.3383 tp=0.8452  [5.8s]
   median nu  = 0.269
   median eta = 0.0
  rho=0.01049 (12/20)
    fp=0.3868 tp=0.7976  [5.8s]
   median nu  = 1.347
   median eta = -0.0
  rho=0.00729 (13/20)
    fp=0.3880 tp=0.8452  [6.3s]
   median nu  = 0.277
   median eta = 0.0
  rho=0.00507 (14/20)
    fp=0.4431 tp=0.8214  [7.4s]
   median nu  = 2.0
   median eta = 0.0
  rho=0.00352 (15/20)
    fp=0.4285 tp=0.8571  [6.2s]
   median nu  = 0.297
   median eta = 0.0
  rho=0.00245 (16/20)
    fp=0.4786 tp=0.8095  [6.4s]
   median nu  = 2.0
   median eta = 0.001
  rho=0.00170 (17/20)
    fp=0.4690 tp=0.8214  [6.6s]
   median nu  = 0.256
   median eta = 0.0
  rho=0.00118 (18/20)
    fp=0.5166 tp=0.8095  [6.2s]
   median nu  = 2.0
   median eta = 0.0
  rho=0.00082 (19/20)
    fp=0.5053 tp=0.7976  [6.2s]
   median nu  = 0.283
   median eta = 0.0
  rho=0.00057 (20/20)
    fp=0.5467 tp=0.8095  [6.3s]
   median nu  = 1.254
   median eta = 0.0
  rho=0.00040 (21/21)  [extra 1/50]
    fp=0.5388 tp=0.7857  [6.6s]
   median nu  = 0.318
   median eta = 0.001
  rho=0.00028 (22/22)  [extra 2/50]
    fp=0.5984 tp=0.8095  [6.3s]
   median nu  = 0.624
   median eta = 0.0
  rho=0.00019 (23/23)  [extra 3/50]
    fp=0.5859 tp=0.7976  [5.8s]
   median nu  = 0.364
   median eta = 0.001
  rho=0.00013 (24/24)  [extra 4/50]
    fp=0.6338 tp=0.8095  [5.8s]
   median nu  = 0.435
   median eta = 0.001
  rho=0.00009 (25/25)  [extra 5/50]
    fp=0.6519 tp=0.8333  [5.8s]
   median nu  = 0.521
   median eta = 0.0
  rho=0.00006 (26/26)  [extra 6/50]
    fp=0.7002 tp=0.8571  [5.7s]
   median nu  = 0.728
   median eta = 0.0
  FPR 0.7002 >= fp_end=0.7; stopping after 26 fits
  [note] 15/26 fits hit a glasso ConvergenceWarning (suppressed)
  grid extended by 6 points down to rho=0.00006, ending at FPR 0.7002
  graphical_lasso rho_max = max|S_ij| (off-diag) = 0.97746
  rho grid: [0.97746244 0.67952485 0.47240078 0.32840962 0.228308   0.15871808
 0.11033966 0.07670734 0.05332639 0.03707212 0.02577227 0.0179167
 0.01245556 0.00865902 0.00601968 0.00418484 0.00290927 0.0020225
 0.00140603 0.00097746]
Running graphical_lasso over 20 rho values, extending until FPR >= 0.7...
  rho=0.97746 (1/20)
    fp=0.0000 tp=0.0000  [0.0s]
  rho=0.67952 (2/20)
    fp=0.0002 tp=0.0476  [5.1s]
  rho=0.47240 (3/20)
    fp=0.0064 tp=0.1310  [5.2s]
  rho=0.32841 (4/20)
    fp=0.0329 tp=0.3095  [5.2s]
  rho=0.22831 (5/20)
    fp=0.1017 tp=0.5238  [5.7s]
  rho=0.15872 (6/20)
    fp=0.2024 tp=0.7143  [0.1s]
  rho=0.11034 (7/20)
    fp=0.3081 tp=0.8095  [0.4s]
  rho=0.07671 (8/20)
    fp=0.4042 tp=0.8333  [0.1s]
  rho=0.05333 (9/20)
    fp=0.4924 tp=0.8452  [0.2s]
  rho=0.03707 (10/20)
    fp=0.5672 tp=0.8690  [0.0s]
  rho=0.02577 (11/20)
    fp=0.6270 tp=0.8690  [0.1s]
  rho=0.01792 (12/20)
    fp=0.6778 tp=0.8571  [0.1s]
  rho=0.01246 (13/20)
    fp=0.7162 tp=0.8452  [6.8s]
  FPR 0.7162 >= fp_end=0.7; stopping after 13 fits
  [note] 5/13 fits hit a glasso ConvergenceWarning (suppressed)
  grid stopped 7 points early at rho=0.01246, ending at FPR 0.7162

(p=100, n=50) over 10 replicates
  Asymmetric model (Diagonal): AUC = 0.514 (SE 0.004)
  Classical t-model (TLASSO): AUC = 0.529 (SE 0.005)
  Alternative t-model (TSTAR_VARLASSO): AUC = 0.550 (SE 0.004)
  Naive Gaussian glasso (GGM): AUC = 0.528 (SE 0.006)
Replicate 11/50
  pilot fit of run_tlasso at rho=0.30349
  -> rho_max = max|S_ij| (off-diag) = 15.04683
  rho grid: [15.04682891 10.46044706  7.27202744  5.05546109  3.51452013  2.44326908
  1.69854306  1.1808149   0.82089401  0.5706796   0.39673235  0.27580547
  0.19173798  0.13329486  0.09266563  0.06442048  0.04478465  0.03113397
  0.02164411  0.01504683]
Running run_tlasso over 20 rho values, extending until FPR >= 0.7...
  rho=15.04683 (1/20)
    fp=0.0000 tp=0.0119  [0.1s]
   nu  = 3.0000
  rho=10.46045 (2/20)
    fp=0.0000 tp=0.0357  [0.1s]
   nu  = 3.0000
  rho=7.27203 (3/20)
    fp=0.0004 tp=0.0714  [0.1s]
   nu  = 3.0000
  rho=5.05546 (4/20)
    fp=0.0062 tp=0.2143  [0.1s]
   nu  = 3.0000
  rho=3.51452 (5/20)
    fp=0.0263 tp=0.3690  [0.1s]
   nu  = 3.0000
  rho=2.44327 (6/20)
    fp=0.1085 tp=0.6429  [0.2s]
   nu  = 3.0000
  rho=1.69854 (7/20)
    fp=0.2458 tp=0.7738  [0.3s]
   nu  = 3.0000
  rho=1.18081 (8/20)
    fp=0.3691 tp=0.8690  [0.3s]
   nu  = 3.0000
  rho=0.82089 (9/20)
    fp=0.4673 tp=0.9048  [0.5s]
   nu  = 3.0000
  rho=0.57068 (10/20)
    fp=0.5545 tp=0.9286  [0.4s]
   nu  = 3.0000
  rho=0.39673 (11/20)
    fp=0.6247 tp=0.9286  [0.7s]
   nu  = 3.0000
  rho=0.27581 (12/20)
    fp=0.6798 tp=0.9286  [0.9s]
   nu  = 3.0000
  rho=0.19174 (13/20)
    fp=0.7244 tp=0.9167  [1.2s]
   nu  = 3.0000
  FPR 0.7244 >= fp_end=0.7; stopping after 13 fits
  grid stopped 7 points early at rho=0.19174, ending at FPR 0.7244
  pilot fit of run_tstar_varlasso at rho=0.30349
  -> rho_max = max|S_ij| (off-diag) = 0.60276
  rho grid: [6.02758587e-01 4.19033428e-01 2.91309020e-01 2.02515932e-01
 1.40787617e-01 9.78745373e-02 6.80416733e-02 4.73020811e-02
 3.28840660e-02 2.28607658e-02 1.58926397e-02 1.10484486e-02
 7.68080190e-03 5.33963815e-03 3.71207798e-03 2.58060987e-03
 1.79402139e-03 1.24719075e-03 8.67038023e-04 6.02758587e-04]
Running run_tstar_varlasso over 20 rho values, extending until FPR >= 0.7...
  rho=0.60276 (1/20)
    fp=0.0000 tp=0.0119  [0.0s]
   nu  = 3.0000
  rho=0.41903 (2/20)
    fp=0.0000 tp=0.0595  [0.0s]
   nu  = 3.0000
  rho=0.29131 (3/20)
    fp=0.0027 tp=0.1667  [0.1s]
   nu  = 3.0000
  rho=0.20252 (4/20)
    fp=0.0220 tp=0.4167  [0.1s]
   nu  = 3.0000
  rho=0.14079 (5/20)
    fp=0.0682 tp=0.6071  [0.1s]
   nu  = 3.0000
  rho=0.09787 (6/20)
    fp=0.1443 tp=0.7619  [0.1s]
   nu  = 3.0000
  rho=0.06804 (7/20)
    fp=0.2304 tp=0.8452  [0.1s]
   nu  = 3.0000
  rho=0.04730 (8/20)
    fp=0.3072 tp=0.8929  [0.1s]
   nu  = 3.0000
  rho=0.03288 (9/20)
    fp=0.3806 tp=0.9048  [0.2s]
   nu  = 3.0000
  rho=0.02286 (10/20)
    fp=0.4494 tp=0.9167  [0.2s]
   nu  = 3.0000
  rho=0.01589 (11/20)
    fp=0.5078 tp=0.9286  [0.4s]
   nu  = 3.0000
  rho=0.01105 (12/20)
    fp=0.5536 tp=0.9286  [0.5s]
   nu  = 3.0000
  rho=0.00768 (13/20)
    fp=0.5982 tp=0.9286  [0.4s]
   nu  = 3.0000
  rho=0.00534 (14/20)
    fp=0.6385 tp=0.9286  [0.3s]
   nu  = 3.0000
  rho=0.00371 (15/20)
    fp=0.6683 tp=0.9286  [0.5s]
   nu  = 3.0000
  rho=0.00258 (16/20)
    fp=0.6969 tp=0.9167  [1.2s]
   nu  = 3.0000
  rho=0.00179 (17/20)
    fp=0.7211 tp=0.9167  [1.4s]
   nu  = 3.0000
  FPR 0.7211 >= fp_end=0.7; stopping after 17 fits
  [note] 4/17 fits hit a glasso ConvergenceWarning (suppressed)
  grid stopped 3 points early at rho=0.00179, ending at FPR 0.7211
  pilot fit of run_em_diagonal at rho=0.30349
  -> rho_max = max|S_ij| (off-diag) = 0.67100
  rho grid: [0.67100266 0.46647622 0.32429091 0.2254447  0.15672753 0.10895585
 0.07574532 0.0526576  0.03660719 0.02544905 0.017692   0.01229935
 0.00855042 0.00594419 0.00413236 0.00287279 0.00199714 0.0013884
 0.0009652  0.000671  ]
Running run_em_diagonal over 20 rho values, extending until FPR >= 0.7...
  rho=0.67100 (1/20)
    fp=0.0000 tp=0.0238  [7.8s]
   median nu  = 0.038
   median eta = -1.209
  rho=0.46648 (2/20)
    fp=0.0004 tp=0.0952  [8.1s]
   median nu  = 0.049
   median eta = -1.671
  rho=0.32429 (3/20)
    fp=0.0107 tp=0.3095  [7.8s]
   median nu  = 0.069
   median eta = -1.303
  rho=0.22544 (4/20)
    fp=0.0425 tp=0.5119  [7.6s]
   median nu  = 0.118
   median eta = -0.851
  rho=0.15673 (5/20)
    fp=0.0954 tp=0.6548  [7.5s]
   median nu  = 0.17
   median eta = -0.482
  rho=0.10896 (6/20)
    fp=0.1584 tp=0.8571  [7.3s]
   median nu  = 0.211
   median eta = -0.207
  rho=0.07575 (7/20)
    fp=0.2049 tp=0.9048  [7.4s]
   median nu  = 0.25
   median eta = -0.029
  rho=0.05266 (8/20)
    fp=0.2437 tp=0.9286  [8.2s]
   median nu  = 0.259
   median eta = -0.023
  rho=0.03661 (9/20)
    fp=0.2811 tp=0.9286  [6.6s]
   median nu  = 0.269
   median eta = -0.003
  rho=0.02545 (10/20)
    fp=0.3048 tp=0.9405  [6.5s]
   median nu  = 0.239
   median eta = 0.002
  rho=0.01769 (11/20)
    fp=0.3448 tp=0.9286  [6.7s]
   median nu  = 0.274
   median eta = 0.002
  rho=0.01230 (12/20)
    fp=0.3642 tp=0.9167  [6.7s]
   median nu  = 0.25
   median eta = 0.001
  rho=0.00855 (13/20)
    fp=0.3921 tp=0.8929  [6.3s]
   median nu  = 0.268
   median eta = 0.0
  rho=0.00594 (14/20)
    fp=0.4201 tp=0.8571  [6.8s]
   median nu  = 2.0
   median eta = 0.0
  rho=0.00413 (15/20)
    fp=0.4388 tp=0.8571  [6.9s]
   median nu  = 0.277
   median eta = 0.001
  rho=0.00287 (16/20)
    fp=0.4725 tp=0.8333  [7.1s]
   median nu  = 2.0
   median eta = 0.001
  rho=0.00200 (17/20)
    fp=0.4887 tp=0.8214  [6.6s]
   median nu  = 0.534
   median eta = 0.001
  rho=0.00139 (18/20)
    fp=0.5179 tp=0.7976  [6.0s]
   median nu  = 2.0
   median eta = 0.0
  rho=0.00097 (19/20)
    fp=0.5362 tp=0.8095  [6.5s]
   median nu  = 2.0
   median eta = 0.001
  rho=0.00067 (20/20)
    fp=0.5623 tp=0.7976  [6.4s]
   median nu  = 2.0
   median eta = 0.001
  rho=0.00047 (21/21)  [extra 1/50]
    fp=0.5678 tp=0.7857  [5.8s]
   median nu  = 0.324
   median eta = 0.001
  rho=0.00032 (22/22)  [extra 2/50]
    fp=0.6050 tp=0.8095  [6.2s]
   median nu  = 2.0
   median eta = 0.0
  rho=0.00023 (23/23)  [extra 3/50]
    fp=0.6038 tp=0.7500  [6.0s]
   median nu  = 0.359
   median eta = 0.001
  rho=0.00016 (24/24)  [extra 4/50]
    fp=0.6424 tp=0.7738  [6.2s]
   median nu  = 0.522
   median eta = 0.0
  rho=0.00011 (25/25)  [extra 5/50]
    fp=0.6597 tp=0.7619  [5.8s]
   median nu  = 0.498
   median eta = 0.0
  rho=0.00008 (26/26)  [extra 6/50]
    fp=0.6944 tp=0.8333  [7.9s]
   median nu  = 0.656
   median eta = 0.0
  rho=0.00005 (27/27)  [extra 7/50]
    fp=0.7285 tp=0.8333  [6.8s]
   median nu  = 0.732
   median eta = 0.0
  FPR 0.7285 >= fp_end=0.7; stopping after 27 fits
  [note] 15/27 fits hit a glasso ConvergenceWarning (suppressed)
  grid extended by 7 points down to rho=0.00005, ending at FPR 0.7285
  graphical_lasso rho_max = max|S_ij| (off-diag) = 0.97034
  rho grid: [0.97034124 0.67457424 0.46895915 0.32601702 0.22664469 0.15756175
 0.1095358  0.0761485  0.05293789 0.03680204 0.02558451 0.01778617
 0.01236482 0.00859593 0.00597583 0.00415435 0.00288808 0.00200777
 0.00139579 0.00097034]
Running graphical_lasso over 20 rho values, extending until FPR >= 0.7...
  rho=0.97034 (1/20)
    fp=0.0000 tp=0.0000  [0.0s]
  rho=0.67457 (2/20)
    fp=0.0000 tp=0.0476  [5.0s]
  rho=0.46896 (3/20)
    fp=0.0043 tp=0.1548  [5.0s]
  rho=0.32602 (4/20)
    fp=0.0265 tp=0.3452  [5.0s]
  rho=0.22664 (5/20)
    fp=0.0974 tp=0.6310  [0.0s]
  rho=0.15756 (6/20)
    fp=0.1985 tp=0.7500  [0.0s]
  rho=0.10954 (7/20)
    fp=0.3048 tp=0.8571  [0.1s]
  rho=0.07615 (8/20)
    fp=0.4067 tp=0.8929  [0.0s]
  rho=0.05294 (9/20)
    fp=0.4877 tp=0.9048  [0.1s]
  rho=0.03680 (10/20)
    fp=0.5619 tp=0.9286  [0.1s]
  rho=0.02558 (11/20)
    fp=0.6291 tp=0.9286  [0.1s]
  rho=0.01779 (12/20)
    fp=0.6794 tp=0.9286  [0.2s]
  rho=0.01236 (13/20)
    fp=0.7224 tp=0.9167  [7.2s]
  FPR 0.7224 >= fp_end=0.7; stopping after 13 fits
  [note] 4/13 fits hit a glasso ConvergenceWarning (suppressed)
  grid stopped 7 points early at rho=0.01236, ending at FPR 0.7224

(p=100, n=50) over 11 replicates
  Asymmetric model (Diagonal): AUC = 0.518 (SE 0.006)
  Classical t-model (TLASSO): AUC = 0.531 (SE 0.005)
  Alternative t-model (TSTAR_VARLASSO): AUC = 0.553 (SE 0.004)
  Naive Gaussian glasso (GGM): AUC = 0.531 (SE 0.006)
Replicate 12/50
  pilot fit of run_tlasso at rho=0.30349
  -> rho_max = max|S_ij| (off-diag) = 11.48237
  rho grid: [11.48237243  7.98246259  5.54935049  3.85786848  2.68196238  1.86448093
  1.29617371  0.90109062  0.62643171  0.43549081  0.30275008  0.21046967
  0.146317    0.10171852  0.07071399  0.04915985  0.03417558  0.02375861
  0.01651682  0.01148237]
Running run_tlasso over 20 rho values, extending until FPR >= 0.7...
  rho=11.48237 (1/20)
    fp=0.0000 tp=0.0000  [0.0s]
   nu  = 3.0000
  rho=7.98246 (2/20)
    fp=0.0006 tp=0.0595  [0.1s]
   nu  = 3.0000
  rho=5.54935 (3/20)
    fp=0.0031 tp=0.1071  [0.1s]
   nu  = 3.0000
  rho=3.85787 (4/20)
    fp=0.0166 tp=0.3571  [0.1s]
   nu  = 3.0000
  rho=2.68196 (5/20)
    fp=0.0756 tp=0.5952  [0.1s]
   nu  = 3.0000
  rho=1.86448 (6/20)
    fp=0.2074 tp=0.8095  [0.3s]
   nu  = 3.0000
  rho=1.29617 (7/20)
    fp=0.3321 tp=0.8571  [0.2s]
   nu  = 3.0000
  rho=0.90109 (8/20)
    fp=0.4414 tp=0.8929  [0.3s]
   nu  = 3.0000
  rho=0.62643 (9/20)
    fp=0.5339 tp=0.9167  [0.4s]
   nu  = 3.0000
  rho=0.43549 (10/20)
    fp=0.6050 tp=0.9286  [0.5s]
   nu  = 3.0000
  rho=0.30275 (11/20)
    fp=0.6574 tp=0.9286  [0.7s]
   nu  = 3.0000
  rho=0.21047 (12/20)
    fp=0.7039 tp=0.9286  [1.0s]
   nu  = 3.0000
  FPR 0.7039 >= fp_end=0.7; stopping after 12 fits
  grid stopped 8 points early at rho=0.21047, ending at FPR 0.7039
  pilot fit of run_tstar_varlasso at rho=0.30349
  -> rho_max = max|S_ij| (off-diag) = 0.46270
  rho grid: [0.46270492 0.32166913 0.22362206 0.15546045 0.10807498 0.07513295
 0.05223188 0.03631123 0.02524331 0.01754896 0.01219991 0.00848129
 0.00589613 0.00409895 0.00284956 0.00198099 0.00137717 0.0009574
 0.00066558 0.0004627 ]
Running run_tstar_varlasso over 20 rho values, extending until FPR >= 0.7...
  rho=0.46270 (1/20)
    fp=0.0000 tp=0.0238  [0.0s]
   nu  = 3.0000
  rho=0.32167 (2/20)
    fp=0.0016 tp=0.0714  [0.1s]
   nu  = 3.0000
  rho=0.22362 (3/20)
    fp=0.0144 tp=0.3095  [0.1s]
   nu  = 3.0000
  rho=0.15546 (4/20)
    fp=0.0567 tp=0.6548  [0.1s]
   nu  = 3.0000
  rho=0.10807 (5/20)
    fp=0.1260 tp=0.8095  [0.1s]
   nu  = 3.0000
  rho=0.07513 (6/20)
    fp=0.2039 tp=0.8690  [0.1s]
   nu  = 3.0000
  rho=0.05223 (7/20)
    fp=0.2830 tp=0.8690  [0.1s]
   nu  = 3.0000
  rho=0.03631 (8/20)
    fp=0.3605 tp=0.8929  [0.2s]
   nu  = 3.0000
  rho=0.02524 (9/20)
    fp=0.4225 tp=0.9167  [0.2s]
   nu  = 3.0000
  rho=0.01755 (10/20)
    fp=0.4827 tp=0.9167  [0.3s]
   nu  = 3.0000
  rho=0.01220 (11/20)
    fp=0.5300 tp=0.9405  [0.4s]
   nu  = 3.0000
  rho=0.00848 (12/20)
    fp=0.5717 tp=0.9643  [0.5s]
   nu  = 3.0000
  rho=0.00590 (13/20)
    fp=0.6087 tp=0.9643  [0.5s]
   nu  = 3.0000
  rho=0.00410 (14/20)
    fp=0.6436 tp=0.9762  [0.8s]
   nu  = 3.0000
  rho=0.00285 (15/20)
    fp=0.6747 tp=0.9881  [1.2s]
   nu  = 3.0000
  rho=0.00198 (16/20)
    fp=0.6998 tp=0.9881  [1.6s]
   nu  = 3.0000
  rho=0.00138 (17/20)
    fp=0.7219 tp=0.9762  [0.4s]
   nu  = 3.0000
  FPR 0.7219 >= fp_end=0.7; stopping after 17 fits
  [note] 4/17 fits hit a glasso ConvergenceWarning (suppressed)
  grid stopped 3 points early at rho=0.00138, ending at FPR 0.7219
  pilot fit of run_em_diagonal at rho=0.30349
  -> rho_max = max|S_ij| (off-diag) = 0.57425
  rho grid: [0.57425484 0.39921783 0.27753336 0.19293919 0.13412994 0.09324616
 0.06482406 0.04506522 0.03132902 0.02177971 0.0151411  0.01052598
 0.00731759 0.00508713 0.00353654 0.00245858 0.00170918 0.00118821
 0.00082604 0.00057425]
Running run_em_diagonal over 20 rho values, extending until FPR >= 0.7...
  rho=0.57425 (1/20)
    fp=0.0002 tp=0.0357  [7.3s]
   median nu  = 0.038
   median eta = 0.834
  rho=0.39922 (2/20)
    fp=0.0027 tp=0.1190  [7.3s]
   median nu  = 0.049
   median eta = 0.68
  rho=0.27753 (3/20)
    fp=0.0214 tp=0.4048  [7.3s]
   median nu  = 0.066
   median eta = 0.405
  rho=0.19294 (4/20)
    fp=0.0701 tp=0.6667  [7.3s]
   median nu  = 0.108
   median eta = 0.245
  rho=0.13413 (5/20)
    fp=0.1247 tp=0.8095  [7.5s]
   median nu  = 0.193
   median eta = 0.105
  rho=0.09325 (6/20)
    fp=0.1745 tp=0.8452  [7.1s]
   median nu  = 0.246
   median eta = 0.017
  rho=0.06482 (7/20)
    fp=0.2164 tp=0.8690  [6.7s]
   median nu  = 0.254
   median eta = 0.006
  rho=0.04507 (8/20)
    fp=0.2520 tp=0.8571  [6.0s]
   median nu  = 0.263
   median eta = 0.001
  rho=0.03133 (9/20)
    fp=0.2840 tp=0.8690  [5.9s]
   median nu  = 0.316
   median eta = 0.002
  rho=0.02178 (10/20)
    fp=0.3111 tp=0.8690  [5.8s]
   median nu  = 0.292
   median eta = 0.002
  rho=0.01514 (11/20)
    fp=0.3516 tp=0.9048  [5.5s]
   median nu  = 0.75
   median eta = 0.002
  rho=0.01053 (12/20)
    fp=0.3728 tp=0.8810  [5.9s]
   median nu  = 0.328
   median eta = 0.001
  rho=0.00732 (13/20)
    fp=0.4137 tp=0.9167  [5.6s]
   median nu  = 2.0
   median eta = 0.0
  rho=0.00509 (14/20)
    fp=0.4332 tp=0.9048  [6.3s]
   median nu  = 2.0
   median eta = 0.0
  rho=0.00354 (15/20)
    fp=0.4679 tp=0.9048  [6.0s]
   median nu  = 2.0
   median eta = 0.0
  rho=0.00246 (16/20)
    fp=0.4661 tp=0.8690  [5.9s]
   median nu  = 1.728
   median eta = 0.0
  rho=0.00171 (17/20)
    fp=0.5023 tp=0.8690  [6.0s]
   median nu  = 2.0
   median eta = 0.0
  rho=0.00119 (18/20)
    fp=0.5066 tp=0.8452  [6.0s]
   median nu  = 1.174
   median eta = 0.0
  rho=0.00083 (19/20)
    fp=0.5405 tp=0.8214  [5.8s]
   median nu  = 2.0
   median eta = 0.0
  rho=0.00057 (20/20)
    fp=0.5475 tp=0.7976  [6.0s]
   median nu  = 0.395
   median eta = 0.0
  rho=0.00040 (21/21)  [extra 1/50]
    fp=0.5789 tp=0.8095  [6.6s]
   median nu  = 1.221
   median eta = 0.0
  rho=0.00028 (22/22)  [extra 2/50]
    fp=0.6023 tp=0.7976  [6.7s]
   median nu  = 0.496
   median eta = 0.0
  rho=0.00019 (23/23)  [extra 3/50]
    fp=0.6297 tp=0.8333  [6.5s]
   median nu  = 1.329
   median eta = 0.0
  rho=0.00013 (24/24)  [extra 4/50]
    fp=0.6572 tp=0.8214  [6.3s]
   median nu  = 1.422
   median eta = 0.0
  rho=0.00009 (25/25)  [extra 5/50]
    fp=0.6850 tp=0.8333  [6.3s]
   median nu  = 1.504
   median eta = 0.0
  rho=0.00006 (26/26)  [extra 6/50]
    fp=0.7133 tp=0.8095  [6.7s]
   median nu  = 1.088
   median eta = 0.0
  FPR 0.7133 >= fp_end=0.7; stopping after 26 fits
  [note] 15/26 fits hit a glasso ConvergenceWarning (suppressed)
  grid extended by 6 points down to rho=0.00006, ending at FPR 0.7133
  graphical_lasso rho_max = max|S_ij| (off-diag) = 0.73162
  rho grid: [0.73162283 0.50861892 0.35358821 0.24581198 0.17088672 0.11879921
 0.08258836 0.05741483 0.03991438 0.02774819 0.01929034 0.01341051
 0.00932289 0.0064812  0.00450569 0.00313232 0.00217757 0.00151383
 0.0010524  0.00073162]
Running graphical_lasso over 20 rho values, extending until FPR >= 0.7...
  rho=0.73162 (1/20)
    fp=0.0000 tp=0.0000  [0.0s]
  rho=0.50862 (2/20)
    fp=0.0023 tp=0.0714  [5.1s]
  rho=0.35359 (3/20)
    fp=0.0201 tp=0.3690  [4.9s]
  rho=0.24581 (4/20)
    fp=0.0847 tp=0.6190  [0.0s]
  rho=0.17089 (5/20)
