==============================================================================
ROC run: easy_variable_theta
==============================================================================
  started : 2026-08-14 14:22:45
  outputs : results/simulations/roc/easy_variable_theta/   (per-replicate figures, JSON, this log)
  commit  : c895aa5

[design]
  replicates       : 50
  p, n             : 100, 50
  rho grid         : 20 points, min_ratio 0.01, rebuilt per method and replicate off that method's own converged S_tau
  theoretical rho  : sqrt(log p / n) = 0.30349  (pilot only; not a point on the curve)
  FP_end, max_extra: 0.5, 50

[true parameters]  simulate_aat_data
  mu_true : all 0   (length 100)
  eta_true: min -2   median 0.9   max 2   (length 100)
            [-2.0000,  0.9000,  2.0000, -0.9000, -2.0000,  0.9000, -2.0000,
             -0.9000,  2.0000,  0.9000,  2.0000, -0.9000,  2.0000, -0.9000,
              2.0000,  0.9000,  2.0000, -0.9000, -2.0000,  0.9000,  2.0000,
             -0.9000, -2.0000,  0.9000, -2.0000, -0.9000, -2.0000,  0.9000,
             -2.0000,  0.9000,  2.0000,  0.9000,  2.0000, -0.9000,  2.0000,
             -0.9000,  2.0000, -0.9000,  2.0000, -0.9000, -2.0000,  0.9000,
             -2.0000,  0.9000,  2.0000, -0.9000, -2.0000,  0.9000,  2.0000,
             -0.9000,  2.0000,  0.9000, -2.0000, -0.9000,  2.0000, -0.9000,
             -2.0000,  0.9000,  2.0000,  0.9000, -2.0000,  0.9000,  2.0000,
              0.9000,  2.0000, -0.9000, -2.0000,  0.9000, -2.0000, -0.9000,
             -2.0000,  0.9000,  2.0000,  0.9000, -2.0000,  0.9000,  2.0000,
             -0.9000, -2.0000,  0.9000,  2.0000,  0.9000,  2.0000,  0.9000,
             -2.0000, -0.9000,  2.0000,  0.9000, -2.0000, -0.9000,  2.0000,
             -0.9000,  2.0000,  0.9000, -2.0000,  0.9000, -2.0000,  0.9000,
              2.0000, -0.9000]
  nu_true : min 0.45   median 0.5   max 0.55   (length 100)
            [0.4500, 0.5500, 0.4500, 0.5500, 0.4500, 0.5500, 0.4500, 0.5500,
             0.4500, 0.5500, 0.4500, 0.5500, 0.4500, 0.5500, 0.4500, 0.5500,
             0.4500, 0.5500, 0.4500, 0.5500, 0.4500, 0.5500, 0.4500, 0.5500,
             0.4500, 0.5500, 0.4500, 0.5500, 0.4500, 0.5500, 0.4500, 0.5500,
             0.4500, 0.5500, 0.4500, 0.5500, 0.4500, 0.5500, 0.4500, 0.5500,
             0.4500, 0.5500, 0.4500, 0.5500, 0.4500, 0.5500, 0.4500, 0.5500,
             0.4500, 0.5500, 0.4500, 0.5500, 0.4500, 0.5500, 0.4500, 0.5500,
             0.4500, 0.5500, 0.4500, 0.5500, 0.4500, 0.5500, 0.4500, 0.5500,
             0.4500, 0.5500, 0.4500, 0.5500, 0.4500, 0.5500, 0.4500, 0.5500,
             0.4500, 0.5500, 0.4500, 0.5500, 0.4500, 0.5500, 0.4500, 0.5500,
             0.4500, 0.5500, 0.4500, 0.5500, 0.4500, 0.5500, 0.4500, 0.5500,
             0.4500, 0.5500, 0.4500, 0.5500, 0.4500, 0.5500, 0.4500, 0.5500,
             0.4500, 0.5500, 0.4500, 0.5500]
  Theta   : REDRAWN EVERY REPLICATE -- make_true_theta(p=100), prob=0.01, min_eig=0.6
            (~1% of the 4950 pairs are edges; the exact count is logged per replicate)
            NOTE: this is the SUPPORT of Theta, which is the target of the ROC curves;
            it is not the conditional independence graph of Y in this model.
  rng     : entropy 20260814
            (np.random.default_rng(20260814) replays the same draws)

[methods]  nu treatment for this run
  Classical t         (run_tlasso)
      nu   : ESTIMATED by the ECM step, bracket [0.1, 100.0]; restarted from 3.0 at every rho, since the warm start carries only mu and Theta
      args : n_iter=200, verbose=False, tol=1e-05
  Alternative t*      (run_tstar_varlasso)
      nu   : ESTIMATED by the ECM step, bracket [0.1, 100.0]; restarted from 3.0 at every rho, since the warm start carries only mu and Theta
      args : n_iter=200, verbose=False, tol=1e-05
  Asymmetric alt-t    (run_em_diagonal)
      nu   : ESTIMATED per coordinate (nu_j), bracket [0.0001, 2], nu_j = 0 meaning that coordinate went Gaussian
      args : n_iter=200, verbose=False, tol=1e-05
  Asymmetric alt-t    (run_em_exact)
      nu   : ESTIMATED per coordinate (nu_j), bracket [0.0001, 2], nu_j = 0 meaning that coordinate went Gaussian
      args : n_iter=200, verbose=False, tol=1e-05
  Naive Gaussian      (graphical_lasso)
      nu   : not a parameter of this model
      args : max_iter=2000, verbose=False
  Reading the per-rho nu lines below: tlasso and t*var-lasso print a scalar `nu`,
  run_em_diagonal a `median nu`/`median eta` over coordinates. The two nu's are NOT
  comparable -- tau ~ Gamma(nu/2, nu/2) for the t models, so small nu is the heavy
  tail, while EM_algorithm's tau_j ~ Inv-Gamma(2/nu_j, 2/nu_j) puts the heavy tail at
  large nu_j.
==============================================================================

Replicate 1/50
  Theta: 84/4950 edges
  pilot fit of run_tlasso at rho=0.30349
  -> rho_max = max|S_ij| (off-diag) = 259.54573
  [note] pilot fit hit a glasso ConvergenceWarning (suppressed)
  rho grid: [259.54572622 203.68109641 159.84077118 125.43663885  98.43765299
  77.24992964  60.62265249  47.57423097  37.33435209  29.29850504
  22.99229395  18.04343191  14.15976309  11.11201527   8.72026477
   6.84331472   5.37035946   4.21444313   3.30732627   2.59545726]
Running run_tlasso over 20 rho values, extending until FPR >= 0.5...
  rho=259.54573 (1/20)
    fp=0.0039 tp=0.0238  [0.1s]
   nu  = 0.1000
  rho=203.68110 (2/20)
    fp=0.0078 tp=0.0714  [0.1s]
   nu  = 0.1000
  rho=159.84077 (3/20)
    fp=0.0158 tp=0.1310  [0.1s]
   nu  = 0.1000
  rho=125.43664 (4/20)
    fp=0.0360 tp=0.2143  [0.2s]
   nu  = 0.1000
  rho=98.43765 (5/20)
    fp=0.0793 tp=0.3214  [0.2s]
   nu  = 0.1000
  rho=77.24993 (6/20)
    fp=0.1702 tp=0.5000  [0.3s]
   nu  = 0.1000
  rho=60.62265 (7/20)
    fp=0.2561 tp=0.5952  [0.4s]
   nu  = 0.1000
  rho=47.57423 (8/20)
    fp=0.3432 tp=0.6429  [0.4s]
   nu  = 0.1000
  rho=37.33435 (9/20)
    fp=0.4170 tp=0.6786  [0.4s]
   nu  = 0.1000
  rho=29.29851 (10/20)
    fp=0.4881 tp=0.6905  [0.6s]
   nu  = 0.1000
  rho=22.99229 (11/20)
    fp=0.5452 tp=0.7024  [0.7s]
   nu  = 0.1000
  FPR 0.5452 >= fp_end=0.5; stopping after 11 fits
  grid stopped 9 points early at rho=22.99229, ending at FPR 0.5452
  pilot fit of run_tstar_varlasso at rho=0.30349
  -> rho_max = max|S_ij| (off-diag) = 0.75545
  rho grid: [0.75545443 0.59285039 0.46524526 0.36510586 0.28652046 0.22484979
 0.17645311 0.13847334 0.10866833 0.08527856 0.0669232  0.05251865
 0.04121453 0.03234352 0.0253819  0.0199187  0.0156314  0.01226689
 0.00962657 0.00755454]
Running run_tstar_varlasso over 20 rho values, extending until FPR >= 0.5...
  rho=0.75545 (1/20)
    fp=0.0012 tp=0.0119  [1.2s]
   nu  = 38.2600
  rho=0.59285 (2/20)
    fp=0.0047 tp=0.0476  [1.2s]
   nu  = 28.5883
  rho=0.46525 (3/20)
    fp=0.0129 tp=0.1190  [1.3s]
   nu  = 21.3802
  rho=0.36511 (4/20)
    fp=0.0273 tp=0.2143  [1.3s]
   nu  = 16.0918
  rho=0.28652 (5/20)
    fp=0.0536 tp=0.3214  [1.1s]
   nu  = 12.1944
  rho=0.22485 (6/20)
    fp=0.0958 tp=0.4524  [0.8s]
   nu  = 9.3616
  rho=0.17645 (7/20)
    fp=0.1307 tp=0.5595  [0.8s]
   nu  = 7.2845
  rho=0.13847 (8/20)
    fp=0.1737 tp=0.6190  [0.6s]
   nu  = 5.7729
  rho=0.10867 (9/20)
    fp=0.2133 tp=0.6548  [0.6s]
   nu  = 4.6627
  rho=0.08528 (10/20)
    fp=0.2464 tp=0.6905  [0.4s]
   nu  = 3.8345
  rho=0.06692 (11/20)
    fp=0.2772 tp=0.7024  [0.2s]
   nu  = 3.2057
  rho=0.05252 (12/20)
    fp=0.3087 tp=0.7143  [0.3s]
   nu  = 2.7187
  rho=0.04121 (13/20)
    fp=0.3358 tp=0.7143  [0.4s]
   nu  = 2.3346
  rho=0.03234 (14/20)
    fp=0.3594 tp=0.7262  [0.3s]
   nu  = 2.0260
  rho=0.02538 (15/20)
    fp=0.3827 tp=0.7262  [0.4s]
   nu  = 1.7744
  rho=0.01992 (16/20)
    fp=0.4003 tp=0.7262  [0.4s]
   nu  = 1.5664
  rho=0.01563 (17/20)
    fp=0.4168 tp=0.7262  [0.5s]
   nu  = 1.3923
  rho=0.01227 (18/20)
    fp=0.4357 tp=0.7262  [0.6s]
   nu  = 1.2450
  rho=0.00963 (19/20)
    fp=0.4501 tp=0.7143  [1.7s]
   nu  = 1.1193
  rho=0.00755 (20/20)
    fp=0.4599 tp=0.7143  [0.9s]
   nu  = 1.0114
  rho=0.00593 (21/21)  [extra 1/50]
    fp=0.4710 tp=0.6905  [2.2s]
   nu  = 0.9183
  rho=0.00465 (22/22)  [extra 2/50]
    fp=0.4817 tp=0.7024  [1.6s]
   nu  = 0.8374
  rho=0.00365 (23/23)  [extra 3/50]
    fp=0.4877 tp=0.7143  [3.6s]
   nu  = 0.7667
  rho=0.00287 (24/24)  [extra 4/50]
    fp=0.4914 tp=0.7024  [2.0s]
   nu  = 0.7050
  rho=0.00225 (25/25)  [extra 5/50]
    fp=0.4938 tp=0.7143  [1.8s]
   nu  = 0.6509
  rho=0.00176 (26/26)  [extra 6/50]
    fp=0.4965 tp=0.7262  [1.5s]
   nu  = 0.6033
  rho=0.00138 (27/27)  [extra 7/50]
    fp=0.4969 tp=0.7143  [2.1s]
   nu  = 0.5612
  rho=0.00109 (28/28)  [extra 8/50]
    fp=0.4951 tp=0.7024  [2.0s]
   nu  = 0.5241
  rho=0.00085 (29/29)  [extra 9/50]
    fp=0.4942 tp=0.7024  [1.3s]
   nu  = 0.4913
  rho=0.00067 (30/30)  [extra 10/50]
    fp=0.4908 tp=0.7143  [1.6s]
   nu  = 0.4620
  rho=0.00053 (31/31)  [extra 11/50]
    fp=0.4918 tp=0.7143  [1.3s]
   nu  = 0.4359
  rho=0.00041 (32/32)  [extra 12/50]
    fp=0.5908 tp=0.7500  [0.1s]
   nu  = 0.4414
  FPR 0.5908 >= fp_end=0.5; stopping after 32 fits
  [note] 14/32 fits hit a glasso ConvergenceWarning (suppressed)
  grid extended by 12 points down to rho=0.00041, ending at FPR 0.5908
  pilot fit of run_em_diagonal at rho=0.30349
  -> rho_max = max|S_ij| (off-diag) = 0.71300
  rho grid: [0.71299896 0.55953305 0.43909914 0.34458743 0.27041842 0.21221355
 0.1665367  0.13069133 0.10256133 0.08048602 0.06316221 0.04956717
 0.03889833 0.03052586 0.02395547 0.01879929 0.01475293 0.01157751
 0.00908557 0.00712999]
Running run_em_diagonal over 20 rho values, extending until FPR >= 0.5...
  rho=0.71300 (1/20)
    fp=0.0000 tp=0.0119  [7.3s]
   median nu  = 0.064
   median |eta| = 6.746
  rho=0.55953 (2/20)
    fp=0.0008 tp=0.0476  [7.4s]
   median nu  = 0.086
   median |eta| = 5.761
  rho=0.43910 (3/20)
    fp=0.0062 tp=0.1071  [7.4s]
   median nu  = 0.112
   median |eta| = 5.138
  rho=0.34459 (4/20)
    fp=0.0154 tp=0.1667  [7.4s]
   median nu  = 0.148
   median |eta| = 4.267
  rho=0.27042 (5/20)
    fp=0.0356 tp=0.2143  [7.4s]
   median nu  = 0.208
   median |eta| = 3.395
  rho=0.21221 (6/20)
    fp=0.0627 tp=0.3690  [7.3s]
   median nu  = 0.263
   median |eta| = 2.614
  rho=0.16654 (7/20)
    fp=0.0954 tp=0.4524  [7.1s]
   median nu  = 0.3
   median |eta| = 2.516
  rho=0.13069 (8/20)
    fp=0.1289 tp=0.5595  [7.1s]
   median nu  = 0.344
   median |eta| = 2.093
  rho=0.10256 (9/20)
    fp=0.1636 tp=0.6310  [6.9s]
   median nu  = 0.397
   median |eta| = 2.006
  rho=0.08049 (10/20)
    fp=0.1987 tp=0.6786  [6.8s]
   median nu  = 0.402
   median |eta| = 2.057
  rho=0.06316 (11/20)
    fp=0.2283 tp=0.7024  [6.4s]
   median nu  = 0.41
   median |eta| = 2.185
  rho=0.04957 (12/20)
    fp=0.2520 tp=0.7024  [6.2s]
   median nu  = 0.415
   median |eta| = 2.367
  rho=0.03890 (13/20)
    fp=0.2721 tp=0.7381  [6.6s]
   median nu  = 0.371
   median |eta| = 3.333
  rho=0.03053 (14/20)
    fp=0.2937 tp=0.7262  [6.5s]
   median nu  = 0.375
   median |eta| = 3.095
  rho=0.02396 (15/20)
    fp=0.3079 tp=0.7500  [5.9s]
   median nu  = 0.335
   median |eta| = 4.243
  rho=0.01880 (16/20)
    fp=0.3298 tp=0.7262  [6.0s]
   median nu  = 0.36
   median |eta| = 4.127
  rho=0.01475 (17/20)
    fp=0.3434 tp=0.7262  [5.7s]
   median nu  = 0.323
   median |eta| = 5.213
  rho=0.01158 (18/20)
    fp=0.3580 tp=0.7143  [5.8s]
   median nu  = 0.337
   median |eta| = 4.308
  rho=0.00909 (19/20)
    fp=0.3734 tp=0.6905  [6.2s]
   median nu  = 0.29
   median |eta| = 6.714
  rho=0.00713 (20/20)
    fp=0.3903 tp=0.7143  [6.0s]
   median nu  = 0.318
   median |eta| = 5.352
  rho=0.00560 (21/21)  [extra 1/50]
    fp=0.4003 tp=0.6786  [6.0s]
   median nu  = 0.316
   median |eta| = 5.789
  rho=0.00439 (22/22)  [extra 2/50]
    fp=0.4201 tp=0.6905  [6.2s]
   median nu  = 0.311
   median |eta| = 6.112
  rho=0.00345 (23/23)  [extra 3/50]
    fp=0.4478 tp=0.6667  [6.2s]
   median nu  = 0.365
   median |eta| = 5.163
  rho=0.00270 (24/24)  [extra 4/50]
    fp=0.4408 tp=0.7024  [5.9s]
   median nu  = 0.296
   median |eta| = 6.744
  rho=0.00212 (25/25)  [extra 5/50]
    fp=0.4755 tp=0.6667  [5.9s]
   median nu  = 0.343
   median |eta| = 5.423
  rho=0.00167 (26/26)  [extra 6/50]
    fp=0.4585 tp=0.7024  [5.9s]
   median nu  = 0.294
   median |eta| = 7.405
  rho=0.00131 (27/27)  [extra 7/50]
    fp=0.5002 tp=0.6548  [5.6s]
   median nu  = 0.331
   median |eta| = 5.82
  FPR 0.5002 >= fp_end=0.5; stopping after 27 fits
  [note] 10/27 fits hit a glasso ConvergenceWarning (suppressed)
  grid extended by 7 points down to rho=0.00131, ending at FPR 0.5002
  pilot fit of run_em_exact at rho=0.30349
  -> rho_max = max|S_ij| (off-diag) = 0.74772
  rho grid: [0.74772438 0.58678416 0.46048472 0.36136998 0.28358869 0.22254905
 0.17464759 0.13705644 0.10755641 0.08440596 0.06623842 0.05198126
 0.04079281 0.03201257 0.02512218 0.01971488 0.01547145 0.01214137
 0.00952806 0.00747724]
Running run_em_exact over 20 rho values, extending until FPR >= 0.5...
  rho=0.74772 (1/20)
    fp=0.0000 tp=0.0119  [7.4s]
   median nu  = 0.06
   median |eta| = 6.881
  rho=0.58678 (2/20)
    fp=0.0006 tp=0.0357  [7.6s]
   median nu  = 0.081
   median |eta| = 5.943
  rho=0.46048 (3/20)
    fp=0.0041 tp=0.0952  [7.5s]
   median nu  = 0.108
   median |eta| = 5.038
  rho=0.36137 (4/20)
    fp=0.0138 tp=0.1429  [7.4s]
   median nu  = 0.151
   median |eta| = 3.702
  rho=0.28359 (5/20)
    fp=0.0345 tp=0.2143  [7.2s]
   median nu  = 0.227
   median |eta| = 2.563
  rho=0.22255 (6/20)
    fp=0.0664 tp=0.3571  [6.4s]
   median nu  = 0.323
   median |eta| = 1.414
  rho=0.17465 (7/20)
    fp=0.1054 tp=0.4643  [5.9s]
   median nu  = 0.43
   median |eta| = 0.801
  rho=0.13706 (8/20)
    fp=0.1492 tp=0.5595  [5.5s]
   median nu  = 0.587
   median |eta| = 0.43
  rho=0.10756 (9/20)
    fp=0.1973 tp=0.6548  [5.0s]
   median nu  = 0.78
   median |eta| = 0.242
  rho=0.08441 (10/20)
    fp=0.2337 tp=0.6905  [5.0s]
   median nu  = 0.987
   median |eta| = 0.133
  rho=0.06624 (11/20)
    fp=0.2674 tp=0.6786  [4.4s]
   median nu  = 1.168
   median |eta| = 0.072
  rho=0.05198 (12/20)
    fp=0.3037 tp=0.7143  [2.3s]
   median nu  = 1.403
   median |eta| = 0.041
  rho=0.04079 (13/20)
    fp=0.3358 tp=0.7381  [1.8s]
   median nu  = 1.649
   median |eta| = 0.022
  rho=0.03201 (14/20)
    fp=0.3654 tp=0.7381  [1.5s]
   median nu  = 1.949
   median |eta| = 0.015
  rho=0.02512 (15/20)
    fp=0.3954 tp=0.7500  [1.3s]
   median nu  = 2.0
   median |eta| = 0.011
  rho=0.01971 (16/20)
    fp=0.4211 tp=0.7500  [1.1s]
   median nu  = 2.0
   median |eta| = 0.008
  rho=0.01547 (17/20)
    fp=0.4542 tp=0.7381  [1.1s]
   median nu  = 2.0
   median |eta| = 0.006
  rho=0.01214 (18/20)
    fp=0.4850 tp=0.7619  [1.1s]
   median nu  = 2.0
   median |eta| = 0.005
  rho=0.00953 (19/20)
    fp=0.5185 tp=0.7619  [1.5s]
   median nu  = 2.0
   median |eta| = 0.004
  FPR 0.5185 >= fp_end=0.5; stopping after 19 fits
  [note] 1/19 fits hit a glasso ConvergenceWarning (suppressed)
  grid stopped 1 points early at rho=0.00953, ending at FPR 0.5185
  graphical_lasso rho_max = max|S_ij| (off-diag) = 2.01936
  rho grid: [2.01936496 1.58471679 1.2436223  0.975945   0.76588257 0.60103398
 0.47166741 0.3701457  0.29047553 0.22795357 0.17888884 0.1403848
 0.11016837 0.08645573 0.06784699 0.0532436  0.04178345 0.03278998
 0.02573226 0.02019365]
Running graphical_lasso over 20 rho values, extending until FPR >= 0.5...
  rho=2.01936 (1/20)
    fp=0.0000 tp=0.0000  [0.0s]
  rho=1.58472 (2/20)
    fp=0.0004 tp=0.0000  [4.9s]
  rho=1.24362 (3/20)
    fp=0.0006 tp=0.0000  [0.0s]
  rho=0.97594 (4/20)
    fp=0.0010 tp=0.0000  [4.9s]
  rho=0.76588 (5/20)
    fp=0.0033 tp=0.0119  [0.0s]
  rho=0.60103 (6/20)
    fp=0.0115 tp=0.0714  [0.0s]
  rho=0.47167 (7/20)
    fp=0.0275 tp=0.1548  [4.8s]
  rho=0.37015 (8/20)
    fp=0.0610 tp=0.2738  [0.0s]
  rho=0.29048 (9/20)
    fp=0.1186 tp=0.4167  [0.0s]
  rho=0.22795 (10/20)
    fp=0.1827 tp=0.5119  [0.0s]
  rho=0.17889 (11/20)
    fp=0.2491 tp=0.5833  [0.0s]
  rho=0.14038 (12/20)
    fp=0.3206 tp=0.6190  [0.0s]
  rho=0.11017 (13/20)
    fp=0.3896 tp=0.6429  [0.0s]
  rho=0.08646 (14/20)
    fp=0.4523 tp=0.6786  [0.1s]
  rho=0.06785 (15/20)
    fp=0.5037 tp=0.6905  [0.0s]
  FPR 0.5037 >= fp_end=0.5; stopping after 15 fits
  [note] 3/15 fits hit a glasso ConvergenceWarning (suppressed)
  grid stopped 5 points early at rho=0.06785, ending at FPR 0.5037

(p=100, n=50) over 1 replicates
  Asymmetric model (Diagonal): AUC = 0.299 (SE 0.000)
  Asymmetric model (Exact):    AUC = 0.301 (SE 0.000)
  Classical t-model (TLASSO): AUC = 0.260 (SE 0.000)
  Alternative t-model (TSTAR_VARLASSO): AUC = 0.298 (SE 0.000)
  Naive Gaussian glasso (GGM): AUC = 0.256 (SE 0.000)
Replicate 2/50
  Theta: 108/4950 edges
  pilot fit of run_tlasso at rho=0.30349
  -> rho_max = max|S_ij| (off-diag) = 212.41719
  [note] pilot fit hit a glasso ConvergenceWarning (suppressed)
  rho grid: [212.41719329 166.69651031 130.81674849 102.65974767  80.56326053
  63.22282195  49.61473988  38.9356618   30.5551488   23.97845766
  18.81733373  14.76709026  11.58862131   9.09428612   7.1368317
   5.60069984   4.39520504   3.44918097   2.70677916   2.12417193]
Running run_tlasso over 20 rho values, extending until FPR >= 0.5...
  rho=212.41719 (1/20)
    fp=0.0025 tp=0.0278  [0.1s]
   nu  = 0.1000
  rho=166.69651 (2/20)
    fp=0.0068 tp=0.0278  [0.1s]
   nu  = 0.1000
  rho=130.81675 (3/20)
    fp=0.0171 tp=0.0463  [0.1s]
   nu  = 0.1000
  rho=102.65975 (4/20)
    fp=0.0388 tp=0.1481  [0.1s]
   nu  = 0.1000
  rho=80.56326 (5/20)
    fp=0.0847 tp=0.2963  [0.2s]
   nu  = 0.1000
  rho=63.22282 (6/20)
    fp=0.1722 tp=0.4444  [0.3s]
   nu  = 0.1000
  rho=49.61474 (7/20)
    fp=0.2747 tp=0.6019  [0.6s]
   nu  = 0.1000
  rho=38.93566 (8/20)
    fp=0.3589 tp=0.6481  [0.4s]
   nu  = 0.1000
  rho=30.55515 (9/20)
    fp=0.4389 tp=0.6667  [0.5s]
   nu  = 0.1000
  rho=23.97846 (10/20)
    fp=0.5101 tp=0.7037  [0.5s]
   nu  = 0.1000
  FPR 0.5101 >= fp_end=0.5; stopping after 10 fits
  grid stopped 10 points early at rho=23.97846, ending at FPR 0.5101
  pilot fit of run_tstar_varlasso at rho=0.30349
  -> rho_max = max|S_ij| (off-diag) = 0.66273
  rho grid: [0.66273047 0.52008434 0.40814137 0.32029301 0.25135313 0.19725188
 0.15479538 0.12147722 0.09533046 0.07481153 0.05870909 0.04607254
 0.03615589 0.02837369 0.02226654 0.01747389 0.01371281 0.01076126
 0.00844501 0.0066273 ]
Running run_tstar_varlasso over 20 rho values, extending until FPR >= 0.5...
  rho=0.66273 (1/20)
    fp=0.0010 tp=0.0278  [1.1s]
   nu  = 47.4756
  rho=0.52008 (2/20)
    fp=0.0031 tp=0.0278  [1.2s]
   nu  = 35.9346
  rho=0.40814 (3/20)
    fp=0.0128 tp=0.0463  [1.2s]
   nu  = 26.3805
  rho=0.32029 (4/20)
    fp=0.0285 tp=0.1574  [1.2s]
   nu  = 19.1334
  rho=0.25135 (5/20)
    fp=0.0589 tp=0.2778  [1.3s]
   nu  = 13.9887
  rho=0.19725 (6/20)
    fp=0.0983 tp=0.3519  [1.0s]
   nu  = 10.4197
  rho=0.15480 (7/20)
    fp=0.1402 tp=0.4444  [0.7s]
   nu  = 7.9558
  rho=0.12148 (8/20)
    fp=0.1813 tp=0.5370  [0.8s]
   nu  = 6.2081
  rho=0.09533 (9/20)
    fp=0.2164 tp=0.5926  [0.6s]
   nu  = 4.9483
  rho=0.07481 (10/20)
    fp=0.2538 tp=0.6111  [0.5s]
   nu  = 4.0261
  rho=0.05871 (11/20)
    fp=0.2900 tp=0.6204  [0.3s]
   nu  = 3.3369
  rho=0.04607 (12/20)
    fp=0.3255 tp=0.6481  [0.4s]
   nu  = 2.8104
  rho=0.03616 (13/20)
    fp=0.3598 tp=0.6574  [0.4s]
   nu  = 2.3988
  rho=0.02837 (14/20)
    fp=0.3781 tp=0.6852  [0.4s]
   nu  = 2.0712
  rho=0.02227 (15/20)
    fp=0.4007 tp=0.7037  [0.4s]
   nu  = 1.8062
  rho=0.01747 (16/20)
    fp=0.4203 tp=0.6944  [0.4s]
   nu  = 1.5887
  rho=0.01371 (17/20)
    fp=0.4387 tp=0.7222  [0.4s]
   nu  = 1.4078
  rho=0.01076 (18/20)
    fp=0.4537 tp=0.7315  [0.5s]
   nu  = 1.2556
  rho=0.00845 (19/20)
    fp=0.4672 tp=0.7315  [0.9s]
   nu  = 1.1262
  rho=0.00663 (20/20)
    fp=0.4769 tp=0.7315  [1.0s]
   nu  = 1.0154
  rho=0.00520 (21/21)  [extra 1/50]
    fp=0.4851 tp=0.7222  [1.7s]
   nu  = 0.9197
  rho=0.00408 (22/22)  [extra 2/50]
    fp=0.4901 tp=0.7407  [2.0s]
   nu  = 0.8363
  rho=0.00320 (23/23)  [extra 3/50]
    fp=0.4944 tp=0.7407  [2.8s]
   nu  = 0.7634
  rho=0.00251 (24/24)  [extra 4/50]
    fp=0.4971 tp=0.7685  [1.3s]
   nu  = 0.7001
  rho=0.00197 (25/25)  [extra 5/50]
    fp=0.5017 tp=0.7685  [1.6s]
   nu  = 0.6454
  FPR 0.5017 >= fp_end=0.5; stopping after 25 fits
  [note] 8/25 fits hit a glasso ConvergenceWarning (suppressed)
  grid extended by 5 points down to rho=0.00197, ending at FPR 0.5017
  pilot fit of run_em_diagonal at rho=0.30349
  -> rho_max = max|S_ij| (off-diag) = 0.57596
  rho grid: [0.57595597 0.45198719 0.35470145 0.2783555  0.21844226 0.17142474
 0.13452727 0.10557162 0.08284838 0.06501609 0.05102203 0.04004004
 0.03142182 0.02465859 0.01935107 0.01518595 0.01191732 0.00935224
 0.00733926 0.00575956]
Running run_em_diagonal over 20 rho values, extending until FPR >= 0.5...
  rho=0.57596 (1/20)
    fp=0.0004 tp=0.0000  [7.3s]
   median nu  = 0.061
   median |eta| = 6.008
  rho=0.45199 (2/20)
    fp=0.0027 tp=0.0185  [7.4s]
   median nu  = 0.083
   median |eta| = 5.67
  rho=0.35470 (3/20)
    fp=0.0081 tp=0.0648  [7.4s]
   median nu  = 0.114
   median |eta| = 4.625
  rho=0.27836 (4/20)
    fp=0.0186 tp=0.1481  [7.4s]
   median nu  = 0.16
   median |eta| = 4.002
  rho=0.21844 (5/20)
    fp=0.0469 tp=0.2500  [7.3s]
   median nu  = 0.222
   median |eta| = 3.43
  rho=0.17142 (6/20)
    fp=0.0774 tp=0.3981  [7.3s]
   median nu  = 0.289
   median |eta| = 2.762
  rho=0.13453 (7/20)
    fp=0.1113 tp=0.4907  [7.1s]
   median nu  = 0.325
   median |eta| = 2.423
  rho=0.10557 (8/20)
    fp=0.1411 tp=0.5278  [7.0s]
   median nu  = 0.337
   median |eta| = 2.181
  rho=0.08285 (9/20)
    fp=0.1743 tp=0.5278  [6.9s]
   median nu  = 0.36
   median |eta| = 2.148
  rho=0.06502 (10/20)
    fp=0.2034 tp=0.5926  [7.0s]
   median nu  = 0.371
   median |eta| = 2.457
  rho=0.05102 (11/20)
    fp=0.2334 tp=0.6204  [6.5s]
   median nu  = 0.357
   median |eta| = 2.777
  rho=0.04004 (12/20)
    fp=0.2633 tp=0.6481  [6.6s]
   median nu  = 0.336
   median |eta| = 3.266
  rho=0.03142 (13/20)
    fp=0.2869 tp=0.6852  [6.2s]
   median nu  = 0.344
   median |eta| = 3.449
  rho=0.02466 (14/20)
    fp=0.3071 tp=0.6759  [6.4s]
   median nu  = 0.307
   median |eta| = 4.196
  rho=0.01935 (15/20)
    fp=0.3306 tp=0.6574  [6.3s]
   median nu  = 0.285
   median |eta| = 4.591
  rho=0.01519 (16/20)
    fp=0.3435 tp=0.6481  [6.0s]
   median nu  = 0.259
   median |eta| = 6.345
  rho=0.01192 (17/20)
    fp=0.3651 tp=0.6667  [6.0s]
   median nu  = 0.292
   median |eta| = 5.436
  rho=0.00935 (18/20)
    fp=0.3748 tp=0.6389  [5.9s]
   median nu  = 0.264
   median |eta| = 6.606
  rho=0.00734 (19/20)
    fp=0.3936 tp=0.6481  [6.0s]
   median nu  = 0.368
   median |eta| = 4.234
  rho=0.00576 (20/20)
    fp=0.4124 tp=0.6296  [6.1s]
   median nu  = 0.297
   median |eta| = 6.02
  rho=0.00452 (21/21)  [extra 1/50]
    fp=0.4151 tp=0.6481  [5.9s]
   median nu  = 0.321
   median |eta| = 6.066
  rho=0.00355 (22/22)  [extra 2/50]
    fp=0.4407 tp=0.5833  [6.0s]
   median nu  = 0.34
   median |eta| = 5.339
  rho=0.00278 (23/23)  [extra 3/50]
    fp=0.4300 tp=0.6019  [6.1s]
   median nu  = 0.299
   median |eta| = 6.724
  rho=0.00218 (24/24)  [extra 4/50]
    fp=0.4626 tp=0.5926  [5.9s]
   median nu  = 0.328
   median |eta| = 6.107
  rho=0.00171 (25/25)  [extra 5/50]
    fp=0.4599 tp=0.5741  [6.0s]
   median nu  = 0.274
   median |eta| = 7.124
  rho=0.00135 (26/26)  [extra 6/50]
    fp=0.4762 tp=0.5926  [6.0s]
   median nu  = 0.271
   median |eta| = 7.192
  rho=0.00106 (27/27)  [extra 7/50]
    fp=0.4855 tp=0.5463  [5.8s]
   median nu  = 0.302
   median |eta| = 6.317
  rho=0.00083 (28/28)  [extra 8/50]
    fp=0.5012 tp=0.6019  [5.8s]
   median nu  = 0.31
   median |eta| = 6.017
  FPR 0.5012 >= fp_end=0.5; stopping after 28 fits
  [note] 12/28 fits hit a glasso ConvergenceWarning (suppressed)
  grid extended by 8 points down to rho=0.00083, ending at FPR 0.5012
  pilot fit of run_em_exact at rho=0.30349
  -> rho_max = max|S_ij| (off-diag) = 0.59434
  rho grid: [0.59434175 0.46641561 0.3660243  0.28724122 0.22541541 0.17689699
 0.13882168 0.1089417  0.08549308 0.06709155 0.05265076 0.04131821
 0.03242488 0.02544575 0.0199688  0.01567072 0.01229775 0.00965078
 0.00757355 0.00594342]
Running run_em_exact over 20 rho values, extending until FPR >= 0.5...
  rho=0.59434 (1/20)
    fp=0.0004 tp=0.0000  [7.3s]
   median nu  = 0.059
   median |eta| = 6.081
  rho=0.46642 (2/20)
    fp=0.0017 tp=0.0185  [7.4s]
   median nu  = 0.079
   median |eta| = 5.734
  rho=0.36602 (3/20)
    fp=0.0074 tp=0.0556  [7.5s]
   median nu  = 0.109
   median |eta| = 4.414
  rho=0.28724 (4/20)
    fp=0.0180 tp=0.1389  [7.5s]
   median nu  = 0.157
   median |eta| = 3.578
  rho=0.22542 (5/20)
    fp=0.0458 tp=0.2407  [7.1s]
   median nu  = 0.228
   median |eta| = 2.271
  rho=0.17690 (6/20)
    fp=0.0828 tp=0.3981  [6.6s]
   median nu  = 0.34
   median |eta| = 1.347
  rho=0.13882 (7/20)
    fp=0.1258 tp=0.5000  [5.9s]
   median nu  = 0.455
   median |eta| = 0.754
  rho=0.10894 (8/20)
    fp=0.1679 tp=0.5370  [5.4s]
   median nu  = 0.618
   median |eta| = 0.411
  rho=0.08549 (9/20)
    fp=0.2171 tp=0.5648  [5.6s]
   median nu  = 0.791
   median |eta| = 0.213
  rho=0.06709 (10/20)
    fp=0.2602 tp=0.6111  [5.4s]
   median nu  = 0.965
   median |eta| = 0.127
  rho=0.05265 (11/20)
    fp=0.2995 tp=0.6481  [4.1s]
   median nu  = 1.157
   median |eta| = 0.07
  rho=0.04132 (12/20)
    fp=0.3331 tp=0.6852  [2.0s]
   median nu  = 1.367
   median |eta| = 0.038
  rho=0.03242 (13/20)
    fp=0.3676 tp=0.7130  [1.8s]
   median nu  = 1.636
   median |eta| = 0.023
  rho=0.02545 (14/20)
    fp=0.3947 tp=0.7222  [1.7s]
   median nu  = 1.926
   median |eta| = 0.014
  rho=0.01997 (15/20)
    fp=0.4281 tp=0.7500  [1.3s]
   median nu  = 2.0
   median |eta| = 0.009
  rho=0.01567 (16/20)
    fp=0.4603 tp=0.7593  [1.2s]
   median nu  = 2.0
   median |eta| = 0.007
  rho=0.01230 (17/20)
    fp=0.4880 tp=0.7963  [1.1s]
   median nu  = 2.0
   median |eta| = 0.006
  rho=0.00965 (18/20)
    fp=0.5196 tp=0.8333  [0.4s]
   median nu  = 2.0
   median |eta| = 0.004
  FPR 0.5196 >= fp_end=0.5; stopping after 18 fits
  [note] 1/18 fits hit a glasso ConvergenceWarning (suppressed)
  grid stopped 2 points early at rho=0.00965, ending at FPR 0.5196
  graphical_lasso rho_max = max|S_ij| (off-diag) = 0.91456
  rho grid: [0.91456222 0.71771182 0.56323151 0.44200154 0.34686512 0.27220586
 0.21361626 0.16763749 0.13155519 0.10323925 0.08101803 0.06357971
 0.04989481 0.03915545 0.03072763 0.02411381 0.01892356 0.01485045
 0.01165404 0.00914562]
Running graphical_lasso over 20 rho values, extending until FPR >= 0.5...
  rho=0.91456 (1/20)
    fp=0.0000 tp=0.0000  [0.0s]
  rho=0.71771 (2/20)
    fp=0.0012 tp=0.0278  [4.9s]
  rho=0.56323 (3/20)
    fp=0.0056 tp=0.0278  [5.0s]
  rho=0.44200 (4/20)
    fp=0.0194 tp=0.0463  [5.0s]
  rho=0.34687 (5/20)
    fp=0.0487 tp=0.1852  [4.9s]
  rho=0.27221 (6/20)
    fp=0.0967 tp=0.3148  [4.9s]
  rho=0.21362 (7/20)
    fp=0.1580 tp=0.4074  [0.0s]
  rho=0.16764 (8/20)
    fp=0.2305 tp=0.5185  [0.0s]
  rho=0.13156 (9/20)
    fp=0.3026 tp=0.6389  [0.0s]
  rho=0.10324 (10/20)
    fp=0.3643 tp=0.6389  [0.0s]
  rho=0.08102 (11/20)
    fp=0.4327 tp=0.6481  [0.0s]
  rho=0.06358 (12/20)
    fp=0.4955 tp=0.6944  [0.1s]
  rho=0.04989 (13/20)
    fp=0.5496 tp=0.7130  [0.1s]
  FPR 0.5496 >= fp_end=0.5; stopping after 13 fits
  [note] 5/13 fits hit a glasso ConvergenceWarning (suppressed)
  grid stopped 7 points early at rho=0.04989, ending at FPR 0.5496

(p=100, n=50) over 2 replicates
  Asymmetric model (Diagonal): AUC = 0.284 (SE 0.016)
  Asymmetric model (Exact):    AUC = 0.292 (SE 0.009)
  Classical t-model (TLASSO): AUC = 0.253 (SE 0.007)
  Alternative t-model (TSTAR_VARLASSO): AUC = 0.283 (SE 0.016)
  Naive Gaussian glasso (GGM): AUC = 0.249 (SE 0.007)
Replicate 3/50
  Theta: 90/4950 edges
  pilot fit of run_tlasso at rho=0.30349
  -> rho_max = max|S_ij| (off-diag) = 59.03136
  rho grid: [59.03136326 46.32545088 36.35435946 28.52944605 22.38876724 17.56980831
 13.78808225 10.82033502  8.49136579  6.66368396  5.22939243  4.10381785
  3.22051197  2.52732888  1.98334654  1.55645097  1.22144042  0.95853755
  0.7522219   0.59031363]
Running run_tlasso over 20 rho values, extending until FPR >= 0.5...
  rho=59.03136 (1/20)
    fp=0.2541 tp=0.6889  [0.3s]
   nu  = 0.1000
  rho=46.32545 (2/20)
    fp=0.3393 tp=0.7667  [0.4s]
   nu  = 0.1000
  rho=36.35436 (3/20)
    fp=0.4193 tp=0.7667  [0.5s]
   nu  = 0.1000
  rho=28.52945 (4/20)
    fp=0.4881 tp=0.8000  [0.5s]
   nu  = 0.1000
  rho=22.38877 (5/20)
    fp=0.5420 tp=0.8000  [0.6s]
   nu  = 0.1000
  FPR 0.5420 >= fp_end=0.5; stopping after 5 fits
  grid stopped 15 points early at rho=22.38877, ending at FPR 0.5420
  pilot fit of run_tstar_varlasso at rho=0.30349
  -> rho_max = max|S_ij| (off-diag) = 0.90875
  rho grid: [0.90874899 0.71314983 0.55965144 0.43919205 0.34466034 0.27047564
 0.21225845 0.16657194 0.13071899 0.10258303 0.08050305 0.06317557
 0.04957766 0.03890656 0.03053231 0.02396054 0.01880327 0.01475605
 0.01157996 0.00908749]
Running run_tstar_varlasso over 20 rho values, extending until FPR >= 0.5...
  rho=0.90875 (1/20)
    fp=0.0002 tp=0.0222  [1.2s]
   nu  = 68.7731
  rho=0.71315 (2/20)
    fp=0.0008 tp=0.0333  [1.2s]
   nu  = 54.8407
  rho=0.55965 (3/20)
    fp=0.0039 tp=0.0556  [1.2s]
   nu  = 41.1875
  rho=0.43919 (4/20)
    fp=0.0142 tp=0.1333  [1.2s]
   nu  = 29.0662
  rho=0.34466 (5/20)
    fp=0.0315 tp=0.2333  [1.2s]
   nu  = 19.5367
  rho=0.27048 (6/20)
    fp=0.0634 tp=0.3556  [1.3s]
   nu  = 13.2342
  rho=0.21226 (7/20)
    fp=0.0979 tp=0.4222  [0.9s]
   nu  = 9.4728
  rho=0.16657 (8/20)
    fp=0.1407 tp=0.5222  [0.7s]
   nu  = 7.1639
  rho=0.13072 (9/20)
    fp=0.1811 tp=0.5889  [0.7s]
   nu  = 5.6200
  rho=0.10258 (10/20)
    fp=0.2243 tp=0.6667  [0.6s]
   nu  = 4.5292
  rho=0.08050 (11/20)
    fp=0.2601 tp=0.7556  [0.4s]
   nu  = 3.7275
  rho=0.06318 (12/20)
    fp=0.2872 tp=0.7889  [0.2s]
   nu  = 3.1222
  rho=0.04958 (13/20)
    fp=0.3198 tp=0.7889  [0.4s]
   nu  = 2.6543
  rho=0.03891 (14/20)
    fp=0.3430 tp=0.7889  [0.4s]
   nu  = 2.2853
  rho=0.03053 (15/20)
    fp=0.3704 tp=0.7889  [0.4s]
   nu  = 1.9887
  rho=0.02396 (16/20)
    fp=0.3959 tp=0.8000  [0.4s]
   nu  = 1.7463
  rho=0.01880 (17/20)
    fp=0.4136 tp=0.8111  [0.4s]
   nu  = 1.5456
  rho=0.01476 (18/20)
    fp=0.4302 tp=0.8111  [0.4s]
   nu  = 1.3773
  rho=0.01158 (19/20)
    fp=0.4494 tp=0.7889  [0.6s]
   nu  = 1.2344
  rho=0.00909 (20/20)
    fp=0.4656 tp=0.8000  [0.7s]
   nu  = 1.1119
  rho=0.00713 (21/21)  [extra 1/50]
    fp=0.4786 tp=0.8333  [0.7s]
   nu  = 1.0063
  rho=0.00560 (22/22)  [extra 2/50]
    fp=0.4891 tp=0.8333  [1.1s]
   nu  = 0.9148
  rho=0.00439 (23/23)  [extra 3/50]
    fp=0.4990 tp=0.8222  [0.9s]
   nu  = 0.8352
  rho=0.00345 (24/24)  [extra 4/50]
    fp=0.5076 tp=0.8222  [1.1s]
   nu  = 0.7659
  FPR 0.5076 >= fp_end=0.5; stopping after 24 fits
  [note] 6/24 fits hit a glasso ConvergenceWarning (suppressed)
  grid extended by 4 points down to rho=0.00345, ending at FPR 0.5076
  pilot fit of run_em_diagonal at rho=0.30349
  -> rho_max = max|S_ij| (off-diag) = 0.57989
  rho grid: [0.5798861  0.4550714  0.35712182 0.28025491 0.21993283 0.17259448
 0.13544524 0.106292   0.08341371 0.06545974 0.05137018 0.04031326
 0.03163624 0.02482685 0.01948312 0.01528957 0.01199864 0.00941606
 0.00738934 0.00579886]
Running run_em_diagonal over 20 rho values, extending until FPR >= 0.5...
  rho=0.57989 (1/20)
    fp=0.0006 tp=0.0444  [7.1s]
   median nu  = 0.075
   median |eta| = 4.273
  rho=0.45507 (2/20)
    fp=0.0031 tp=0.0667  [7.1s]
   median nu  = 0.111
   median |eta| = 3.948
  rho=0.35712 (3/20)
    fp=0.0101 tp=0.1444  [7.1s]
   median nu  = 0.166
   median |eta| = 3.205
  rho=0.28025 (4/20)
    fp=0.0251 tp=0.2222  [7.1s]
   median nu  = 0.216
   median |eta| = 2.831
  rho=0.21993 (5/20)
    fp=0.0496 tp=0.3333  [7.1s]
   median nu  = 0.26
   median |eta| = 2.253
  rho=0.17259 (6/20)
    fp=0.0792 tp=0.4333  [7.0s]
   median nu  = 0.334
   median |eta| = 2.103
  rho=0.13545 (7/20)
    fp=0.1228 tp=0.5556  [6.9s]
   median nu  = 0.396
   median |eta| = 1.893
  rho=0.10629 (8/20)
    fp=0.1660 tp=0.6111  [6.8s]
   median nu  = 0.418
   median |eta| = 1.805
  rho=0.08341 (9/20)
    fp=0.2004 tp=0.7000  [6.6s]
   median nu  = 0.456
   median |eta| = 1.701
  rho=0.06546 (10/20)
    fp=0.2296 tp=0.7222  [6.9s]
   median nu  = 0.483
   median |eta| = 1.394
  rho=0.05137 (11/20)
    fp=0.2525 tp=0.7444  [6.7s]
   median nu  = 0.466
   median |eta| = 1.56
  rho=0.04031 (12/20)
    fp=0.2813 tp=0.7556  [6.0s]
   median nu  = 0.545
   median |eta| = 1.53
  rho=0.03164 (13/20)
    fp=0.3002 tp=0.8000  [5.8s]
   median nu  = 0.465
   median |eta| = 2.039
  rho=0.02483 (14/20)
    fp=0.3247 tp=0.7889  [5.7s]
   median nu  = 0.524
   median |eta| = 1.692
  rho=0.01948 (15/20)
    fp=0.3407 tp=0.7889  [5.6s]
   median nu  = 0.489
   median |eta| = 2.226
  rho=0.01529 (16/20)
    fp=0.3638 tp=0.7556  [5.4s]
   median nu  = 1.153
   median |eta| = 0.212
  rho=0.01200 (17/20)
    fp=0.3883 tp=0.7556  [5.6s]
   median nu  = 1.504
   median |eta| = 0.087
  rho=0.00942 (18/20)
    fp=0.4014 tp=0.7333  [5.5s]
   median nu  = 1.951
   median |eta| = 0.085
  rho=0.00739 (19/20)
    fp=0.4333 tp=0.7333  [5.6s]
   median nu  = 2.0
   median |eta| = 0.075
  rho=0.00580 (20/20)
    fp=0.4350 tp=0.7111  [6.1s]
   median nu  = 1.776
   median |eta| = 0.127
  rho=0.00455 (21/21)  [extra 1/50]
    fp=0.4642 tp=0.7222  [6.0s]
   median nu  = 2.0
   median |eta| = 0.07
  rho=0.00357 (22/22)  [extra 2/50]
    fp=0.4628 tp=0.6667  [5.9s]
   median nu  = 1.181
   median |eta| = 1.038
  rho=0.00280 (23/23)  [extra 3/50]
    fp=0.4905 tp=0.6889  [5.9s]
   median nu  = 2.0
   median |eta| = 0.067
  rho=0.00220 (24/24)  [extra 4/50]
    fp=0.4944 tp=0.6000  [5.9s]
   median nu  = 1.207
   median |eta| = 1.075
  rho=0.00173 (25/25)  [extra 5/50]
    fp=0.5195 tp=0.6111  [5.9s]
   median nu  = 2.0
   median |eta| = 0.074
  FPR 0.5195 >= fp_end=0.5; stopping after 25 fits
  [note] 9/25 fits hit a glasso ConvergenceWarning (suppressed)
  grid extended by 5 points down to rho=0.00173, ending at FPR 0.5195
  pilot fit of run_em_exact at rho=0.30349
  -> rho_max = max|S_ij| (off-diag) = 0.60011
  rho grid: [0.60011253 0.47094429 0.36957823 0.2900302  0.22760409 0.17861458
 0.14016957 0.10999947 0.08632318 0.06774298 0.05316198 0.04171939
 0.03273971 0.02569281 0.02016269 0.01582287 0.01241716 0.00974449
 0.00764708 0.00600113]
Running run_em_exact over 20 rho values, extending until FPR >= 0.5...
  rho=0.60011 (1/20)
    fp=0.0004 tp=0.0444  [7.2s]
   median nu  = 0.072
   median |eta| = 4.205
  rho=0.47094 (2/20)
    fp=0.0027 tp=0.0556  [7.3s]
   median nu  = 0.108
   median |eta| = 3.98
  rho=0.36958 (3/20)
    fp=0.0082 tp=0.1111  [7.2s]
   median nu  = 0.163
   median |eta| = 3.06
  rho=0.29003 (4/20)
    fp=0.0245 tp=0.2111  [7.1s]
   median nu  = 0.23
   median |eta| = 2.277
  rho=0.22760 (5/20)
    fp=0.0514 tp=0.3222  [6.6s]
   median nu  = 0.313
   median |eta| = 1.457
  rho=0.17861 (6/20)
    fp=0.0860 tp=0.4444  [6.1s]
   median nu  = 0.447
   median |eta| = 0.845
  rho=0.14017 (7/20)
    fp=0.1383 tp=0.5778  [5.4s]
   median nu  = 0.568
   median |eta| = 0.53
  rho=0.11000 (8/20)
    fp=0.1866 tp=0.6556  [5.1s]
   median nu  = 0.719
   median |eta| = 0.319
  rho=0.08632 (9/20)
    fp=0.2292 tp=0.7222  [4.8s]
   median nu  = 0.892
   median |eta| = 0.181
  rho=0.06774 (10/20)
    fp=0.2687 tp=0.7444  [5.2s]
   median nu  = 1.08
   median |eta| = 0.089
  rho=0.05316 (11/20)
    fp=0.3010 tp=0.7778  [4.1s]
   median nu  = 1.31
   median |eta| = 0.051
  rho=0.04172 (12/20)
    fp=0.3335 tp=0.8222  [2.5s]
   median nu  = 1.53
   median |eta| = 0.029
  rho=0.03274 (13/20)
    fp=0.3677 tp=0.8222  [1.8s]
   median nu  = 1.807
   median |eta| = 0.018
  rho=0.02569 (14/20)
    fp=0.4027 tp=0.8333  [1.6s]
   median nu  = 2.0
   median |eta| = 0.013
  rho=0.02016 (15/20)
    fp=0.4307 tp=0.8111  [1.3s]
   median nu  = 2.0
   median |eta| = 0.009
  rho=0.01582 (16/20)
    fp=0.4623 tp=0.8222  [1.2s]
   median nu  = 2.0
   median |eta| = 0.007
  rho=0.01242 (17/20)
    fp=0.4953 tp=0.8333  [0.9s]
   median nu  = 2.0
   median |eta| = 0.005
  rho=0.00974 (18/20)
    fp=0.5226 tp=0.8778  [1.0s]
   median nu  = 2.0
   median |eta| = 0.004
  FPR 0.5226 >= fp_end=0.5; stopping after 18 fits
  [note] 1/18 fits hit a glasso ConvergenceWarning (suppressed)
  grid stopped 2 points early at rho=0.00974, ending at FPR 0.5226
  graphical_lasso rho_max = max|S_ij| (off-diag) = 1.16914
  rho grid: [1.16914283 0.9174965  0.72001452 0.56503858 0.44341966 0.347978
 0.2730792  0.21430163 0.16817534 0.13197727 0.10357048 0.08127797
 0.0637837  0.05005489 0.03928107 0.03082622 0.02419118 0.01898427
 0.01489809 0.01169143]
Running graphical_lasso over 20 rho values, extending until FPR >= 0.5...
  rho=1.16914 (1/20)
    fp=0.0000 tp=0.0000  [0.0s]
  rho=0.91750 (2/20)
    fp=0.0004 tp=0.0222  [4.9s]
  rho=0.72001 (3/20)
    fp=0.0014 tp=0.0556  [4.9s]
  rho=0.56504 (4/20)
    fp=0.0086 tp=0.0556  [4.9s]
  rho=0.44342 (5/20)
    fp=0.0257 tp=0.1667  [4.9s]
  rho=0.34798 (6/20)
    fp=0.0642 tp=0.3000  [4.8s]
  rho=0.27308 (7/20)
    fp=0.1216 tp=0.4111  [0.0s]
  rho=0.21430 (8/20)
    fp=0.1881 tp=0.5667  [0.0s]
  rho=0.16818 (9/20)
    fp=0.2539 tp=0.6667  [0.0s]
  rho=0.13198 (10/20)
    fp=0.3239 tp=0.7333  [0.0s]
  rho=0.10357 (11/20)
    fp=0.3907 tp=0.7556  [0.2s]
  rho=0.08128 (12/20)
    fp=0.4541 tp=0.8000  [0.0s]
  rho=0.06378 (13/20)
    fp=0.5058 tp=0.8000  [0.0s]
  FPR 0.5058 >= fp_end=0.5; stopping after 13 fits
  [note] 5/13 fits hit a glasso ConvergenceWarning (suppressed)
  grid stopped 7 points early at rho=0.06378, ending at FPR 0.5058

(p=100, n=50) over 3 replicates
  Asymmetric model (Diagonal): AUC = 0.293 (SE 0.013)
  Asymmetric model (Exact):    AUC = 0.303 (SE 0.013)
  Classical t-model (TLASSO): AUC = 0.260 (SE 0.008)
  Alternative t-model (TSTAR_VARLASSO): AUC = 0.293 (SE 0.014)
  Naive Gaussian glasso (GGM): AUC = 0.263 (SE 0.014)
Replicate 4/50
  Theta: 101/4950 edges
  pilot fit of run_tlasso at rho=0.30349
  -> rho_max = max|S_ij| (off-diag) = 314.50356
  [note] pilot fit hit a glasso ConvergenceWarning (suppressed)
  rho grid: [314.50355855 246.80980329 193.68645391 151.99737583 119.28145615
  93.60731199  73.45927138  57.64789563  45.23976087  35.5023534
  27.8608258   21.86406083  17.15803973  13.46494275  10.56674807
   8.2923609    6.5075129    5.10683563   4.00764018   3.14503559]
Running run_tlasso over 20 rho values, extending until FPR >= 0.5...
  rho=314.50356 (1/20)
    fp=0.0012 tp=0.0099  [0.1s]
   nu  = 0.1000
  rho=246.80980 (2/20)
    fp=0.0025 tp=0.0198  [0.1s]
   nu  = 0.1000
  rho=193.68645 (3/20)
    fp=0.0045 tp=0.0495  [0.1s]
   nu  = 0.1000
  rho=151.99738 (4/20)
    fp=0.0128 tp=0.0891  [0.1s]
   nu  = 0.1000
  rho=119.28146 (5/20)
    fp=0.0285 tp=0.1683  [0.1s]
   nu  = 0.1000
  rho=93.60731 (6/20)
    fp=0.0619 tp=0.2574  [0.2s]
   nu  = 0.1000
  rho=73.45927 (7/20)
    fp=0.1324 tp=0.4455  [0.2s]
   nu  = 0.1000
  rho=57.64790 (8/20)
    fp=0.2207 tp=0.5941  [0.3s]
   nu  = 0.1000
  rho=45.23976 (9/20)
    fp=0.3221 tp=0.6634  [0.4s]
   nu  = 0.1000
  rho=35.50235 (10/20)
    fp=0.4038 tp=0.7129  [0.5s]
   nu  = 0.1000
  rho=27.86083 (11/20)
    fp=0.4710 tp=0.7525  [0.5s]
   nu  = 0.1000
  rho=21.86406 (12/20)
    fp=0.5275 tp=0.7822  [0.6s]
   nu  = 0.1000
  FPR 0.5275 >= fp_end=0.5; stopping after 12 fits
  grid stopped 8 points early at rho=21.86406, ending at FPR 0.5275
  pilot fit of run_tstar_varlasso at rho=0.30349
  -> rho_max = max|S_ij| (off-diag) = 0.84381
  rho grid: [0.84380648 0.66218555 0.51965671 0.40780579 0.32002966 0.25114646
 0.19708969 0.1546681  0.12137733 0.09525207 0.07475001 0.05866082
 0.04603466 0.03612616 0.02835036 0.02224823 0.01745952 0.01370153
 0.01075241 0.00843806]
Running run_tstar_varlasso over 20 rho values, extending until FPR >= 0.5...
  rho=0.84381 (1/20)
    fp=0.0006 tp=0.0099  [1.2s]
   nu  = 53.1227
  rho=0.66219 (2/20)
    fp=0.0016 tp=0.0198  [1.2s]
   nu  = 40.9398
  rho=0.51966 (3/20)
    fp=0.0054 tp=0.0495  [1.2s]
   nu  = 30.4852
  rho=0.40781 (4/20)
    fp=0.0136 tp=0.1287  [1.2s]
   nu  = 22.3751
  rho=0.32003 (5/20)
    fp=0.0307 tp=0.2178  [1.2s]
   nu  = 16.4565
  rho=0.25115 (6/20)
    fp=0.0631 tp=0.3564  [1.1s]
   nu  = 12.2312
  rho=0.19709 (7/20)
    fp=0.0994 tp=0.4455  [0.8s]
   nu  = 9.2617
  rho=0.15467 (8/20)
    fp=0.1357 tp=0.5347  [0.9s]
   nu  = 7.1624
  rho=0.12138 (9/20)
    fp=0.1757 tp=0.6139  [0.7s]
   nu  = 5.6607
  rho=0.09525 (10/20)
    fp=0.2139 tp=0.6436  [0.6s]
   nu  = 4.5661
  rho=0.07475 (11/20)
    fp=0.2477 tp=0.7129  [0.4s]
   nu  = 3.7508
  rho=0.05866 (12/20)
    fp=0.2823 tp=0.7525  [0.3s]
   nu  = 3.1314
  rho=0.04603 (13/20)
    fp=0.3143 tp=0.7723  [0.3s]
   nu  = 2.6518
  rho=0.03613 (14/20)
    fp=0.3403 tp=0.7723  [0.5s]
   nu  = 2.2740
  rho=0.02835 (15/20)
    fp=0.3658 tp=0.7822  [0.5s]
   nu  = 1.9719
  rho=0.02225 (16/20)
    fp=0.3894 tp=0.7822  [0.5s]
   nu  = 1.7264
  rho=0.01746 (17/20)
    fp=0.4143 tp=0.7822  [0.4s]
   nu  = 1.5243
  rho=0.01370 (18/20)
    fp=0.4275 tp=0.7822  [0.5s]
   nu  = 1.3555
  rho=0.01075 (19/20)
    fp=0.4477 tp=0.7723  [0.5s]
   nu  = 1.2135
  rho=0.00844 (20/20)
    fp=0.4603 tp=0.7822  [0.6s]
   nu  = 1.0927
  rho=0.00662 (21/21)  [extra 1/50]
    fp=0.4718 tp=0.7624  [0.8s]
   nu  = 0.9887
  rho=0.00520 (22/22)  [extra 2/50]
    fp=0.4809 tp=0.7624  [1.1s]
   nu  = 0.8983
  rho=0.00408 (23/23)  [extra 3/50]
    fp=0.4853 tp=0.7624  [1.4s]
   nu  = 0.8191
  rho=0.00320 (24/24)  [extra 4/50]
    fp=0.4900 tp=0.7723  [1.6s]
   nu  = 0.7498
  rho=0.00251 (25/25)  [extra 5/50]
    fp=0.4933 tp=0.7624  [2.0s]
   nu  = 0.6893
  rho=0.00197 (26/26)  [extra 6/50]
    fp=0.4916 tp=0.7525  [1.4s]
   nu  = 0.6364
  rho=0.00155 (27/27)  [extra 7/50]
    fp=0.4945 tp=0.7327  [1.4s]
   nu  = 0.5905
  rho=0.00121 (28/28)  [extra 8/50]
    fp=0.4943 tp=0.7327  [1.5s]
   nu  = 0.5498
  rho=0.00095 (29/29)  [extra 9/50]
    fp=0.4941 tp=0.7327  [3.2s]
   nu  = 0.5141
  rho=0.00075 (30/30)  [extra 10/50]
    fp=0.4931 tp=0.7030  [3.2s]
   nu  = 0.4823
  rho=0.00059 (31/31)  [extra 11/50]
    fp=0.4898 tp=0.6832  [1.1s]
   nu  = 0.4540
  rho=0.00046 (32/32)  [extra 12/50]
    fp=0.4879 tp=0.6733  [0.9s]
   nu  = 0.4287
  rho=0.00036 (33/33)  [extra 13/50]
    fp=0.4859 tp=0.6733  [3.4s]
   nu  = 0.4059
  rho=0.00028 (34/34)  [extra 14/50]
    fp=0.4817 tp=0.6733  [0.9s]
   nu  = 0.3853
  rho=0.00022 (35/35)  [extra 15/50]
    fp=0.4799 tp=0.6832  [0.8s]
   nu  = 0.3667
  rho=0.00017 (36/36)  [extra 16/50]
    fp=0.4770 tp=0.6832  [0.8s]
   nu  = 0.3497
  rho=0.00014 (37/37)  [extra 17/50]
    fp=0.4727 tp=0.6832  [1.0s]
   nu  = 0.3342
  rho=0.00011 (38/38)  [extra 18/50]
    fp=0.4718 tp=0.6832  [1.1s]
   nu  = 0.3200
  rho=0.00008 (39/39)  [extra 19/50]
    fp=0.4683 tp=0.6832  [1.9s]
   nu  = 0.3069
  rho=0.00007 (40/40)  [extra 20/50]
    fp=0.4655 tp=0.6733  [0.8s]
   nu  = 0.2948
  rho=0.00005 (41/41)  [extra 21/50]
    fp=0.4624 tp=0.6733  [0.8s]
   nu  = 0.2837
  rho=0.00004 (42/42)  [extra 22/50]
    fp=0.4622 tp=0.6832  [1.5s]
   nu  = 0.2733
  rho=0.00003 (43/43)  [extra 23/50]
    fp=0.4605 tp=0.6733  [1.9s]
   nu  = 0.2637
  rho=0.00003 (44/44)  [extra 24/50]
    fp=0.4584 tp=0.6733  [0.9s]
   nu  = 0.2547
  rho=0.00002 (45/45)  [extra 25/50]
    fp=0.4545 tp=0.6634  [3.3s]
   nu  = 0.2462
  rho=0.00002 (46/46)  [extra 26/50]
    fp=0.4537 tp=0.6634  [0.7s]
   nu  = 0.2383
  rho=0.00001 (47/47)  [extra 27/50]
    fp=0.4477 tp=0.6634  [0.7s]
   nu  = 0.2309
  rho=0.00001 (48/48)  [extra 28/50]
    fp=0.4457 tp=0.6634  [0.7s]
   nu  = 0.2240
  rho=0.00001 (49/49)  [extra 29/50]
    fp=0.4424 tp=0.6733  [0.7s]
   nu  = 0.2175
  rho=0.00001 (50/50)  [extra 30/50]
    fp=0.4386 tp=0.6733  [0.7s]
   nu  = 0.2113
  rho=0.00000 (51/51)  [extra 31/50]
    fp=0.4356 tp=0.6733  [0.8s]
   nu  = 0.2055
  rho=0.00000 (52/52)  [extra 32/50]
    fp=0.4318 tp=0.6733  [0.7s]
   nu  = 0.2000
  rho=0.00000 (53/53)  [extra 33/50]
    fp=0.4283 tp=0.6634  [0.7s]
   nu  = 0.1948
  rho=0.00000 (54/54)  [extra 34/50]
    fp=0.4271 tp=0.6634  [0.7s]
   nu  = 0.1898
  rho=0.00000 (55/55)  [extra 35/50]
    fp=0.4232 tp=0.6634  [0.8s]
   nu  = 0.1851
  rho=0.00000 (56/56)  [extra 36/50]
    fp=0.4207 tp=0.6634  [0.9s]
   nu  = 0.1807
  rho=0.00000 (57/57)  [extra 37/50]
    fp=0.4178 tp=0.6634  [0.7s]
   nu  = 0.1764
  rho=0.00000 (58/58)  [extra 38/50]
    fp=0.4162 tp=0.6535  [0.7s]
   nu  = 0.1723
  rho=0.00000 (59/59)  [extra 39/50]
    fp=0.4147 tp=0.6535  [0.7s]
   nu  = 0.1685
  rho=0.00000 (60/60)  [extra 40/50]
    fp=0.4131 tp=0.6436  [0.7s]
   nu  = 0.1648
  rho=0.00000 (61/61)  [extra 41/50]
    fp=0.4104 tp=0.6436  [0.8s]
   nu  = 0.1612
  rho=0.00000 (62/62)  [extra 42/50]
    fp=0.4069 tp=0.6436  [0.9s]
   nu  = 0.1578
  rho=0.00000 (63/63)  [extra 43/50]
    fp=0.4042 tp=0.6436  [0.7s]
   nu  = 0.1546
  rho=0.00000 (64/64)  [extra 44/50]
    fp=0.4030 tp=0.6337  [1.1s]
   nu  = 0.1515
  rho=0.00000 (65/65)  [extra 45/50]
    fp=0.4024 tp=0.6337  [0.6s]
   nu  = 0.1485
  rho=0.00000 (66/66)  [extra 46/50]
    fp=0.3999 tp=0.6139  [0.6s]
   nu  = 0.1456
  rho=0.00000 (67/67)  [extra 47/50]
    fp=0.3972 tp=0.6139  [0.6s]
   nu  = 0.1429
  rho=0.00000 (68/68)  [extra 48/50]
    fp=0.3951 tp=0.6139  [0.7s]
   nu  = 0.1402
  rho=0.00000 (69/69)  [extra 49/50]
    fp=0.3939 tp=0.6139  [0.6s]
   nu  = 0.1377
  rho=0.00000 (70/70)  [extra 50/50]
    fp=0.3925 tp=0.6139  [0.6s]
   nu  = 0.1353
  [note] 53/70 fits hit a glasso ConvergenceWarning (suppressed)
  [warn] FPR stalled at 0.3925 < fp_end=0.5 after 50 extra fits (cap max_extra=50); the curve stops short of fp_end
  grid extended by 50 points down to rho=0.00000, ending at FPR 0.3925
  [warn] AUC integrates to fp_end=0.5 but the curve stops at FPR 0.4945; TPR held flat above that
  pilot fit of run_em_diagonal at rho=0.30349
  -> rho_max = max|S_ij| (off-diag) = 0.70277
  rho grid: [0.70277166 0.55150707 0.43280067 0.33964464 0.26653952 0.20916954
 0.16414789 0.12881669 0.10109018 0.07933153 0.06225621 0.04885618
 0.03834037 0.03008799 0.02361185 0.01852964 0.01454132 0.01141144
 0.00895524 0.00702772]
Running run_em_diagonal over 20 rho values, extending until FPR >= 0.5...
  rho=0.70277 (1/20)
    fp=0.0002 tp=0.0099  [7.3s]
   median nu  = 0.058
   median |eta| = 4.791
  rho=0.55151 (2/20)
    fp=0.0002 tp=0.0198  [7.4s]
   median nu  = 0.075
   median |eta| = 4.64
  rho=0.43280 (3/20)
    fp=0.0019 tp=0.0594  [7.4s]
   median nu  = 0.102
   median |eta| = 4.295
  rho=0.33964 (4/20)
    fp=0.0056 tp=0.1287  [7.4s]
   median nu  = 0.146
   median |eta| = 3.857
  rho=0.26654 (5/20)
    fp=0.0192 tp=0.2277  [7.4s]
   median nu  = 0.188
   median |eta| = 3.454
  rho=0.20917 (6/20)
    fp=0.0437 tp=0.3168  [7.4s]
   median nu  = 0.238
   median |eta| = 3.061
  rho=0.16415 (7/20)
    fp=0.0757 tp=0.4356  [7.2s]
   median nu  = 0.26
   median |eta| = 2.563
  rho=0.12882 (8/20)
    fp=0.1116 tp=0.5446  [7.2s]
   median nu  = 0.336
   median |eta| = 2.213
  rho=0.10109 (9/20)
    fp=0.1472 tp=0.6634  [7.6s]
   median nu  = 0.367
   median |eta| = 2.044
  rho=0.07933 (10/20)
    fp=0.1856 tp=0.7228  [7.2s]
   median nu  = 0.419
   median |eta| = 1.924
  rho=0.06226 (11/20)
    fp=0.2114 tp=0.7426  [7.1s]
   median nu  = 0.406
   median |eta| = 2.096
  rho=0.04886 (12/20)
    fp=0.2343 tp=0.7723  [6.7s]
   median nu  = 0.442
   median |eta| = 2.11
  rho=0.03834 (13/20)
    fp=0.2594 tp=0.7723  [6.6s]
   median nu  = 0.425
   median |eta| = 2.502
  rho=0.03009 (14/20)
    fp=0.2790 tp=0.7624  [6.3s]
   median nu  = 0.391
   median |eta| = 3.507
  rho=0.02361 (15/20)
    fp=0.3054 tp=0.7921  [5.8s]
   median nu  = 0.373
   median |eta| = 3.285
  rho=0.01853 (16/20)
    fp=0.3118 tp=0.8020  [6.1s]
   median nu  = 0.351
   median |eta| = 4.382
  rho=0.01454 (17/20)
    fp=0.3384 tp=0.8020  [6.0s]
   median nu  = 0.362
   median |eta| = 4.03
  rho=0.01141 (18/20)
    fp=0.3438 tp=0.7822  [5.9s]
   median nu  = 0.311
   median |eta| = 5.167
  rho=0.00896 (19/20)
    fp=0.3648 tp=0.7525  [5.9s]
   median nu  = 0.323
   median |eta| = 4.948
  rho=0.00703 (20/20)
    fp=0.3714 tp=0.7030  [6.0s]
   median nu  = 0.313
   median |eta| = 6.031
  rho=0.00552 (21/21)  [extra 1/50]
    fp=0.3889 tp=0.7426  [6.1s]
   median nu  = 0.305
   median |eta| = 6.366
  rho=0.00433 (22/22)  [extra 2/50]
    fp=0.3970 tp=0.6931  [5.9s]
   median nu  = 0.314
   median |eta| = 5.909
  rho=0.00340 (23/23)  [extra 3/50]
    fp=0.4116 tp=0.7228  [5.8s]
   median nu  = 0.31
   median |eta| = 6.179
  rho=0.00267 (24/24)  [extra 4/50]
    fp=0.4360 tp=0.6832  [5.8s]
   median nu  = 0.33
   median |eta| = 5.074
  rho=0.00209 (25/25)  [extra 5/50]
    fp=0.4397 tp=0.6733  [5.8s]
   median nu  = 0.308
   median |eta| = 7.117
  rho=0.00164 (26/26)  [extra 6/50]
    fp=0.4603 tp=0.6832  [5.6s]
   median nu  = 0.327
   median |eta| = 5.837
  rho=0.00129 (27/27)  [extra 7/50]
    fp=0.4636 tp=0.6436  [6.0s]
   median nu  = 0.317
   median |eta| = 6.881
  rho=0.00101 (28/28)  [extra 8/50]
    fp=0.4850 tp=0.6634  [5.7s]
   median nu  = 0.329
   median |eta| = 5.774
  rho=0.00079 (29/29)  [extra 9/50]
    fp=0.4836 tp=0.6733  [5.7s]
   median nu  = 0.324
   median |eta| = 6.581
  rho=0.00062 (30/30)  [extra 10/50]
    fp=0.5147 tp=0.6238  [5.6s]
   median nu  = 0.342
   median |eta| = 5.122
  FPR 0.5147 >= fp_end=0.5; stopping after 30 fits
  [note] 14/30 fits hit a glasso ConvergenceWarning (suppressed)
  grid extended by 10 points down to rho=0.00062, ending at FPR 0.5147
  pilot fit of run_em_exact at rho=0.30349
  -> rho_max = max|S_ij| (off-diag) = 0.76060
  rho grid: [0.76059991 0.59688837 0.4684141  0.36759263 0.28847198 0.22638127
 0.17765495 0.1394165  0.10940849 0.0858594  0.06737902 0.05287636
 0.04149525 0.03256381 0.02555478 0.02005436 0.01573786 0.01235044
 0.00969213 0.007606  ]
Running run_em_exact over 20 rho values, extending until FPR >= 0.5...
  rho=0.76060 (1/20)
    fp=0.0002 tp=0.0099  [7.4s]
   median nu  = 0.054
   median |eta| = 5.177
  rho=0.59689 (2/20)
    fp=0.0002 tp=0.0198  [7.5s]
   median nu  = 0.069
   median |eta| = 4.561
  rho=0.46841 (3/20)
    fp=0.0004 tp=0.0396  [7.5s]
   median nu  = 0.091
   median |eta| = 4.563
  rho=0.36759 (4/20)
    fp=0.0039 tp=0.0990  [7.4s]
   median nu  = 0.131
   median |eta| = 3.436
  rho=0.28847 (5/20)
    fp=0.0169 tp=0.1881  [7.3s]
   median nu  = 0.186
   median |eta| = 2.644
  rho=0.22638 (6/20)
    fp=0.0394 tp=0.2772  [6.8s]
   median nu  = 0.25
   median |eta| = 1.77
  rho=0.17765 (7/20)
    fp=0.0808 tp=0.4356  [6.2s]
   median nu  = 0.36
   median |eta| = 1.019
  rho=0.13942 (8/20)
    fp=0.1198 tp=0.5248  [6.2s]
   median nu  = 0.514
   median |eta| = 0.644
  rho=0.10941 (9/20)
    fp=0.1652 tp=0.6733  [5.8s]
   median nu  = 0.675
   median |eta| = 0.289
  rho=0.08586 (10/20)
    fp=0.2091 tp=0.7525  [5.5s]
   median nu  = 0.823
   median |eta| = 0.151
  rho=0.06738 (11/20)
    fp=0.2489 tp=0.7921  [4.8s]
   median nu  = 1.061
   median |eta| = 0.087
  rho=0.05288 (12/20)
    fp=0.2813 tp=0.8020  [4.0s]
   median nu  = 1.28
   median |eta| = 0.052
  rho=0.04150 (13/20)
    fp=0.3143 tp=0.8218  [3.2s]
   median nu  = 1.523
   median |eta| = 0.029
  rho=0.03256 (14/20)
    fp=0.3479 tp=0.8317  [2.0s]
   median nu  = 1.803
   median |eta| = 0.019
  rho=0.02555 (15/20)
    fp=0.3807 tp=0.8119  [1.8s]
   median nu  = 2.0
   median |eta| = 0.012
  rho=0.02005 (16/20)
    fp=0.4162 tp=0.8020  [1.6s]
   median nu  = 2.0
   median |eta| = 0.008
  rho=0.01574 (17/20)
    fp=0.4502 tp=0.8020  [1.4s]
   median nu  = 2.0
   median |eta| = 0.006
  rho=0.01235 (18/20)
    fp=0.4824 tp=0.8020  [1.3s]
   median nu  = 2.0
   median |eta| = 0.005
  rho=0.00969 (19/20)
    fp=0.5127 tp=0.7921  [1.5s]
   median nu  = 2.0
   median |eta| = 0.004
  FPR 0.5127 >= fp_end=0.5; stopping after 19 fits
  [note] 1/19 fits hit a glasso ConvergenceWarning (suppressed)
  grid stopped 1 points early at rho=0.00969, ending at FPR 0.5127
  graphical_lasso rho_max = max|S_ij| (off-diag) = 1.96503
  rho grid: [1.96502987 1.54207678 1.21016013 0.94968523 0.74527495 0.58486195
 0.45897625 0.36018619 0.2826597  0.22182002 0.17407547 0.13660746
 0.10720407 0.08412946 0.06602143 0.05181098 0.04065918 0.0319077
 0.02503988 0.0196503 ]
Running graphical_lasso over 20 rho values, extending until FPR >= 0.5...
  rho=1.96503 (1/20)
    fp=0.0000 tp=0.0000  [0.0s]
  rho=1.54208 (2/20)
    fp=0.0004 tp=0.0000  [4.9s]
  rho=1.21016 (3/20)
    fp=0.0004 tp=0.0000  [0.0s]
  rho=0.94969 (4/20)
    fp=0.0008 tp=0.0000  [0.0s]
  rho=0.74527 (5/20)
    fp=0.0027 tp=0.0198  [4.9s]
  rho=0.58486 (6/20)
    fp=0.0068 tp=0.0495  [4.9s]
  rho=0.45898 (7/20)
    fp=0.0196 tp=0.1287  [4.9s]
  rho=0.36019 (8/20)
    fp=0.0493 tp=0.2178  [0.0s]
  rho=0.28266 (9/20)
    fp=0.0978 tp=0.3663  [0.0s]
  rho=0.22182 (10/20)
    fp=0.1526 tp=0.4950  [0.0s]
  rho=0.17408 (11/20)
    fp=0.2182 tp=0.5644  [0.0s]
  rho=0.13661 (12/20)
    fp=0.2935 tp=0.6436  [0.0s]
  rho=0.10720 (13/20)
    fp=0.3661 tp=0.7129  [0.1s]
  rho=0.08413 (14/20)
    fp=0.4314 tp=0.7426  [0.0s]
  rho=0.06602 (15/20)
    fp=0.4842 tp=0.7525  [0.1s]
  rho=0.05181 (16/20)
    fp=0.5356 tp=0.7723  [0.0s]
  FPR 0.5356 >= fp_end=0.5; stopping after 16 fits
  [note] 4/16 fits hit a glasso ConvergenceWarning (suppressed)
  grid stopped 4 points early at rho=0.05181, ending at FPR 0.5356
  [warn] mean_roc averages out to FPR 0.500 but the shortest replicate only reached 0.495; its TPR is held flat above that

(p=100, n=50) over 4 replicates
  Asymmetric model (Diagonal): AUC = 0.300 (SE 0.011)
  Asymmetric model (Exact):    AUC = 0.311 (SE 0.012)
  Classical t-model (TLASSO): AUC = 0.263 (SE 0.007)
  Alternative t-model (TSTAR_VARLASSO): AUC = 0.294 (SE 0.010)
  Naive Gaussian glasso (GGM): AUC = 0.265 (SE 0.010)
Replicate 5/50
  Theta: 105/4950 edges
  pilot fit of run_tlasso at rho=0.30349
  -> rho_max = max|S_ij| (off-diag) = 104.71155
  [note] pilot fit hit a glasso ConvergenceWarning (suppressed)
  rho grid: [104.71155085  82.17343354  64.48642127  50.60636204  39.71384718
  31.16583753  24.45770174  19.19342529  15.06223186  11.82023663
   9.27604855   7.27947158   5.7126379    4.48304955   3.51811783
   2.76087805   2.16662657   1.70028181   1.3343131    1.04711551]
Running run_tlasso over 20 rho values, extending until FPR >= 0.5...
  rho=104.71155 (1/20)
    fp=0.0396 tp=0.1524  [0.1s]
   nu  = 0.1000
  rho=82.17343 (2/20)
    fp=0.0900 tp=0.3238  [0.2s]
   nu  = 0.1000
  rho=64.48642 (3/20)
    fp=0.1775 tp=0.4952  [0.3s]
   nu  = 0.1000
  rho=50.60636 (4/20)
    fp=0.2824 tp=0.5905  [0.3s]
   nu  = 0.1000
  rho=39.71385 (5/20)
    fp=0.3659 tp=0.6381  [0.4s]
   nu  = 0.1000
  rho=31.16584 (6/20)
    fp=0.4378 tp=0.6762  [2.7s]
   nu  = 0.1000
  rho=24.45770 (7/20)
    fp=0.4991 tp=0.7238  [0.6s]
   nu  = 0.1000
  rho=19.19343 (8/20)
    fp=0.5536 tp=0.7714  [0.6s]
   nu  = 0.1000
  FPR 0.5536 >= fp_end=0.5; stopping after 8 fits
  grid stopped 12 points early at rho=19.19343, ending at FPR 0.5536
  pilot fit of run_tstar_varlasso at rho=0.30349
  -> rho_max = max|S_ij| (off-diag) = 0.75580
  rho grid: [0.75580491 0.59312544 0.4654611  0.36527524 0.28665339 0.2249541
 0.17653498 0.13853758 0.10871875 0.08531812 0.06695425 0.05254301
 0.04123365 0.03235852 0.02539367 0.01992794 0.01563865 0.01227258
 0.00963103 0.00755805]
Running run_tstar_varlasso over 20 rho values, extending until FPR >= 0.5...
  rho=0.75580 (1/20)
    fp=0.0004 tp=0.0000  [1.1s]
   nu  = 56.1043
  rho=0.59313 (2/20)
    fp=0.0021 tp=0.0381  [1.2s]
   nu  = 43.2966
  rho=0.46546 (3/20)
    fp=0.0083 tp=0.0667  [1.2s]
   nu  = 32.0018
  rho=0.36528 (4/20)
    fp=0.0254 tp=0.1048  [1.2s]
   nu  = 22.9581
  rho=0.28665 (5/20)
    fp=0.0466 tp=0.1905  [1.3s]
   nu  = 16.3328
  rho=0.22495 (6/20)
    fp=0.0803 tp=0.3048  [1.1s]
   nu  = 11.8390
  rho=0.17653 (7/20)
    fp=0.1156 tp=0.4857  [0.8s]
   nu  = 8.8554
  rho=0.13854 (8/20)
    fp=0.1622 tp=0.5333  [0.8s]
   nu  = 6.8117
  rho=0.10872 (9/20)
    fp=0.2002 tp=0.6095  [0.7s]
   nu  = 5.3657
  rho=0.08532 (10/20)
    fp=0.2400 tp=0.6476  [0.5s]
   nu  = 4.3197
  rho=0.06695 (11/20)
    fp=0.2729 tp=0.6667  [0.4s]
   nu  = 3.5467
  rho=0.05254 (12/20)
    fp=0.3115 tp=0.7143  [0.5s]
   nu  = 2.9642
  rho=0.04123 (13/20)
    fp=0.3352 tp=0.7333  [0.6s]
   nu  = 2.5149
  rho=0.03236 (14/20)
    fp=0.3639 tp=0.7333  [0.3s]
   nu  = 2.1624
  rho=0.02539 (15/20)
    fp=0.3866 tp=0.7429  [0.4s]
   nu  = 1.8801
  rho=0.01993 (16/20)
    fp=0.4074 tp=0.7524  [0.4s]
   nu  = 1.6506
  rho=0.01564 (17/20)
    fp=0.4252 tp=0.7714  [0.4s]
   nu  = 1.4609
  rho=0.01227 (18/20)
    fp=0.4400 tp=0.7810  [0.6s]
   nu  = 1.3022
  rho=0.00963 (19/20)
    fp=0.4485 tp=0.7810  [0.7s]
   nu  = 1.1676
  rho=0.00756 (20/20)
    fp=0.4611 tp=0.7714  [0.3s]
   nu  = 1.0546
  rho=0.00593 (21/21)  [extra 1/50]
    fp=0.4739 tp=0.7524  [1.1s]
   nu  = 0.9525
  rho=0.00465 (22/22)  [extra 2/50]
    fp=0.4846 tp=0.7619  [0.5s]
   nu  = 0.8673
  rho=0.00365 (23/23)  [extra 3/50]
    fp=0.4921 tp=0.7524  [4.5s]
   nu  = 0.7933
  rho=0.00287 (24/24)  [extra 4/50]
    fp=0.5001 tp=0.7524  [1.3s]
   nu  = 0.7285
  FPR 0.5001 >= fp_end=0.5; stopping after 24 fits
  [note] 8/24 fits hit a glasso ConvergenceWarning (suppressed)
  grid extended by 4 points down to rho=0.00287, ending at FPR 0.5001
  pilot fit of run_em_diagonal at rho=0.30349
  -> rho_max = max|S_ij| (off-diag) = 0.59690
  rho grid: [0.59689606 0.46842013 0.36759737 0.2884757  0.22638418 0.17765724
 0.13941829 0.1094099  0.08586051 0.06737989 0.05287704 0.04149578
 0.03256423 0.0255551  0.02005462 0.01573807 0.0123506  0.00969226
 0.0076061  0.00596896]
Running run_em_diagonal over 20 rho values, extending until FPR >= 0.5...
  rho=0.59690 (1/20)
    fp=0.0000 tp=0.0286  [7.4s]
   median nu  = 0.055
   median |eta| = 4.654
  rho=0.46842 (2/20)
    fp=0.0012 tp=0.0381  [7.3s]
   median nu  = 0.074
   median |eta| = 4.086
  rho=0.36760 (3/20)
    fp=0.0072 tp=0.0571  [7.6s]
   median nu  = 0.104
   median |eta| = 3.897
  rho=0.28848 (4/20)
    fp=0.0175 tp=0.1238  [7.5s]
   median nu  = 0.145
   median |eta| = 3.425
  rho=0.22638 (5/20)
    fp=0.0361 tp=0.2476  [7.4s]
   median nu  = 0.191
   median |eta| = 3.258
  rho=0.17766 (6/20)
    fp=0.0677 tp=0.4095  [7.1s]
   median nu  = 0.235
   median |eta| = 2.774
  rho=0.13942 (7/20)
    fp=0.1063 tp=0.4762  [7.2s]
   median nu  = 0.294
   median |eta| = 2.482
  rho=0.10941 (8/20)
    fp=0.1391 tp=0.5619  [7.6s]
   median nu  = 0.367
   median |eta| = 2.275
  rho=0.08586 (9/20)
    fp=0.1728 tp=0.6190  [7.3s]
   median nu  = 0.386
   median |eta| = 2.3
  rho=0.06738 (10/20)
    fp=0.2002 tp=0.6857  [7.0s]
   median nu  = 0.389
   median |eta| = 2.255
  rho=0.05288 (11/20)
    fp=0.2308 tp=0.7238  [6.9s]
   median nu  = 0.427
   median |eta| = 2.185
  rho=0.04150 (12/20)
    fp=0.2599 tp=0.7333  [6.8s]
   median nu  = 0.393
   median |eta| = 2.498
  rho=0.03256 (13/20)
    fp=0.2819 tp=0.7429  [6.5s]
   median nu  = 0.4
   median |eta| = 2.49
  rho=0.02556 (14/20)
    fp=0.3046 tp=0.7429  [6.1s]
   median nu  = 0.349
   median |eta| = 3.685
  rho=0.02005 (15/20)
    fp=0.3212 tp=0.7333  [5.5s]
   median nu  = 0.387
   median |eta| = 3.725
  rho=0.01574 (16/20)
    fp=0.3498 tp=0.7333  [5.8s]
   median nu  = 0.372
   median |eta| = 4.268
  rho=0.01235 (17/20)
    fp=0.3616 tp=0.7429  [5.7s]
   median nu  = 0.363
   median |eta| = 4.835
  rho=0.00969 (18/20)
    fp=0.3839 tp=0.7333  [6.1s]
   median nu  = 0.404
   median |eta| = 3.929
  rho=0.00761 (19/20)
    fp=0.3971 tp=0.7143  [6.0s]
   median nu  = 0.42
   median |eta| = 4.059
  rho=0.00597 (20/20)
    fp=0.4132 tp=0.7048  [6.2s]
   median nu  = 0.384
   median |eta| = 5.052
  rho=0.00468 (21/21)  [extra 1/50]
    fp=0.4262 tp=0.6762  [6.0s]
   median nu  = 0.381
   median |eta| = 5.048
  rho=0.00368 (22/22)  [extra 2/50]
    fp=0.4475 tp=0.7048  [5.9s]
   median nu  = 0.41
   median |eta| = 4.898
  rho=0.00288 (23/23)  [extra 3/50]
    fp=0.4539 tp=0.6286  [5.7s]
   median nu  = 0.41
   median |eta| = 5.159
  rho=0.00226 (24/24)  [extra 4/50]
    fp=0.4764 tp=0.6476  [5.9s]
   median nu  = 0.42
   median |eta| = 3.956
  rho=0.00178 (25/25)  [extra 5/50]
    fp=0.4799 tp=0.6286  [5.9s]
   median nu  = 0.418
   median |eta| = 4.023
  rho=0.00139 (26/26)  [extra 6/50]
    fp=0.5040 tp=0.6476  [5.8s]
   median nu  = 0.428
   median |eta| = 4.062
  FPR 0.5040 >= fp_end=0.5; stopping after 26 fits
  [note] 10/26 fits hit a glasso ConvergenceWarning (suppressed)
  grid extended by 6 points down to rho=0.00139, ending at FPR 0.5040
  pilot fit of run_em_exact at rho=0.30349
  -> rho_max = max|S_ij| (off-diag) = 0.60729
  rho grid: [0.60729346 0.4765796  0.37400059 0.29350069 0.2303276  0.18075188
 0.14184684 0.11131572 0.08735612 0.06855359 0.05379811 0.0422186
 0.03313147 0.02600025 0.02040396 0.01601221 0.01256574 0.00986109
 0.00773859 0.00607293]
Running run_em_exact over 20 rho values, extending until FPR >= 0.5...
  rho=0.60729 (1/20)
    fp=0.0000 tp=0.0190  [7.4s]
   median nu  = 0.054
   median |eta| = 4.687
  rho=0.47658 (2/20)
    fp=0.0008 tp=0.0286  [7.5s]
   median nu  = 0.072
   median |eta| = 4.13
  rho=0.37400 (3/20)
    fp=0.0070 tp=0.0571  [7.4s]
   median nu  = 0.102
   median |eta| = 3.759
  rho=0.29350 (4/20)
    fp=0.0169 tp=0.1238  [7.3s]
   median nu  = 0.146
   median |eta| = 3.238
  rho=0.23033 (5/20)
    fp=0.0372 tp=0.2476  [6.9s]
   median nu  = 0.211
   median |eta| = 2.174
  rho=0.18075 (6/20)
    fp=0.0760 tp=0.4190  [6.3s]
   median nu  = 0.338
   median |eta| = 1.233
  rho=0.14185 (7/20)
    fp=0.1234 tp=0.5238  [5.9s]
   median nu  = 0.454
   median |eta| = 0.714
  rho=0.11132 (8/20)
    fp=0.1643 tp=0.5905  [6.2s]
   median nu  = 0.615
   median |eta| = 0.373
  rho=0.08736 (9/20)
    fp=0.2091 tp=0.6381  [6.4s]
   median nu  = 0.778
   median |eta| = 0.217
  rho=0.06855 (10/20)
    fp=0.2487 tp=0.6952  [5.9s]
   median nu  = 1.008
   median |eta| = 0.118
  rho=0.05380 (11/20)
    fp=0.2846 tp=0.7143  [5.1s]
   median nu  = 1.234
   median |eta| = 0.066
  rho=0.04222 (12/20)
    fp=0.3195 tp=0.7333  [2.3s]
   median nu  = 1.46
   median |eta| = 0.036
  rho=0.03313 (13/20)
    fp=0.3498 tp=0.7619  [1.7s]
   median nu  = 1.765
   median |eta| = 0.021
  rho=0.02600 (14/20)
    fp=0.3839 tp=0.7619  [1.7s]
   median nu  = 2.0
   median |eta| = 0.014
  rho=0.02040 (15/20)
    fp=0.4182 tp=0.7810  [1.3s]
   median nu  = 2.0
   median |eta| = 0.009
  rho=0.01601 (16/20)
    fp=0.4528 tp=0.8000  [1.2s]
   median nu  = 2.0
   median |eta| = 0.007
  rho=0.01257 (17/20)
    fp=0.4813 tp=0.8000  [1.3s]
   median nu  = 2.0
   median |eta| = 0.005
  rho=0.00986 (18/20)
    fp=0.5117 tp=0.8190  [1.3s]
   median nu  = 2.0
   median |eta| = 0.004
  FPR 0.5117 >= fp_end=0.5; stopping after 18 fits
  [note] 2/18 fits hit a glasso ConvergenceWarning (suppressed)
  grid stopped 2 points early at rho=0.00986, ending at FPR 0.5117
  graphical_lasso rho_max = max|S_ij| (off-diag) = 1.27768
  rho grid: [1.27767921 1.0026715  0.78685645 0.61749345 0.48458414 0.38028223
 0.29843027 0.23419613 0.18378775 0.14422927 0.11318536 0.08882334
 0.069705   0.05470169 0.0429277  0.03368794 0.02643695 0.02074666
 0.01628115 0.01277679]
Running graphical_lasso over 20 rho values, extending until FPR >= 0.5...
  rho=1.27768 (1/20)
    fp=0.0000 tp=0.0000  [0.0s]
  rho=1.00267 (2/20)
    fp=0.0002 tp=0.0000  [4.9s]
  rho=0.78686 (3/20)
    fp=0.0012 tp=0.0000  [4.8s]
  rho=0.61749 (4/20)
    fp=0.0039 tp=0.0571  [4.8s]
  rho=0.48458 (5/20)
    fp=0.0147 tp=0.0857  [4.9s]
  rho=0.38028 (6/20)
    fp=0.0380 tp=0.1429  [4.9s]
  rho=0.29843 (7/20)
    fp=0.0815 tp=0.2762  [4.8s]
  rho=0.23420 (8/20)
    fp=0.1350 tp=0.4476  [4.9s]
  rho=0.18379 (9/20)
    fp=0.2050 tp=0.5333  [4.9s]
  rho=0.14423 (10/20)
    fp=0.2836 tp=0.5714  [0.0s]
  rho=0.11319 (11/20)
    fp=0.3521 tp=0.6381  [0.0s]
  rho=0.08882 (12/20)
    fp=0.4091 tp=0.6571  [0.0s]
  rho=0.06971 (13/20)
    fp=0.4660 tp=0.6952  [0.0s]
  rho=0.05470 (14/20)
    fp=0.5207 tp=0.7429  [0.0s]
  FPR 0.5207 >= fp_end=0.5; stopping after 14 fits
  [note] 8/14 fits hit a glasso ConvergenceWarning (suppressed)
  grid stopped 6 points early at rho=0.05470, ending at FPR 0.5207
  [warn] mean_roc averages out to FPR 0.500 but the shortest replicate only reached 0.495; its TPR is held flat above that

(p=100, n=50) over 5 replicates
  Asymmetric model (Diagonal): AUC = 0.300 (SE 0.009)
  Asymmetric model (Exact):    AUC = 0.310 (SE 0.009)
  Classical t-model (TLASSO): AUC = 0.260 (SE 0.006)
  Alternative t-model (TSTAR_VARLASSO): AUC = 0.293 (SE 0.008)
  Naive Gaussian glasso (GGM): AUC = 0.262 (SE 0.008)
Replicate 6/50
  Theta: 77/4950 edges
  pilot fit of run_tlasso at rho=0.30349
  -> rho_max = max|S_ij| (off-diag) = 173.44099
  [note] pilot fit hit a glasso ConvergenceWarning (suppressed)
  rho grid: [173.44099113 136.10954706 106.81332411  83.82282107  65.78079457
  51.6221344   40.51098466  31.79139912  24.94861743  19.57867628
  15.36456141  12.05749276   9.46223766   7.42558535   5.82730214
   4.57303345   3.5887336    2.81629447   2.21011516   1.73440991]
Running run_tlasso over 20 rho values, extending until FPR >= 0.5...
  rho=173.44099 (1/20)
    fp=0.0131 tp=0.1039  [0.1s]
   nu  = 0.1000
  rho=136.10955 (2/20)
    fp=0.0273 tp=0.1688  [0.2s]
   nu  = 0.1000
  rho=106.81332 (3/20)
    fp=0.0562 tp=0.2727  [0.2s]
   nu  = 0.1000
  rho=83.82282 (4/20)
    fp=0.1213 tp=0.4416  [0.3s]
   nu  = 0.1000
  rho=65.78079 (5/20)
    fp=0.2212 tp=0.5974  [0.3s]
   nu  = 0.1000
  rho=51.62213 (6/20)
    fp=0.3212 tp=0.6753  [0.4s]
   nu  = 0.1000
  rho=40.51098 (7/20)
    fp=0.4078 tp=0.7273  [0.5s]
   nu  = 0.1000
  rho=31.79140 (8/20)
    fp=0.4775 tp=0.7403  [0.6s]
   nu  = 0.1000
  rho=24.94862 (9/20)
    fp=0.5350 tp=0.7792  [0.7s]
   nu  = 0.1000
  FPR 0.5350 >= fp_end=0.5; stopping after 9 fits
  grid stopped 11 points early at rho=24.94862, ending at FPR 0.5350
  pilot fit of run_tstar_varlasso at rho=0.30349
  -> rho_max = max|S_ij| (off-diag) = 0.71365
  rho grid: [0.71364765 0.56004211 0.43949863 0.34490093 0.27066445 0.21240662
 0.16668821 0.13081024 0.10265464 0.08055925 0.06321968 0.04961227
 0.03893372 0.03055363 0.02397726 0.0188164  0.01476636 0.01158804
 0.00909383 0.00713648]
Running run_tstar_varlasso over 20 rho values, extending until FPR >= 0.5...
  rho=0.71365 (1/20)
    fp=0.0012 tp=0.0130  [1.2s]
   nu  = 27.6832
  rho=0.56004 (2/20)
    fp=0.0043 tp=0.0390  [1.2s]
   nu  = 21.4465
  rho=0.43950 (3/20)
    fp=0.0121 tp=0.1299  [1.2s]
   nu  = 16.8664
  rho=0.34490 (4/20)
    fp=0.0289 tp=0.2208  [1.0s]
   nu  = 13.3718
  rho=0.27066 (5/20)
    fp=0.0564 tp=0.3506  [0.9s]
   nu  = 10.6618
  rho=0.21241 (6/20)
    fp=0.0987 tp=0.4545  [0.7s]
   nu  = 8.5135
  rho=0.16669 (7/20)
    fp=0.1424 tp=0.5584  [0.6s]
   nu  = 6.8231
  rho=0.13081 (8/20)
    fp=0.1913 tp=0.6234  [0.5s]
   nu  = 5.5155
  rho=0.10265 (9/20)
    fp=0.2341 tp=0.6753  [0.5s]
   nu  = 4.5127
  rho=0.08056 (10/20)
    fp=0.2682 tp=0.7143  [0.4s]
   nu  = 3.7418
  rho=0.06322 (11/20)
    fp=0.3021 tp=0.7403  [0.3s]
   nu  = 3.1451
  rho=0.04961 (12/20)
    fp=0.3335 tp=0.7662  [0.5s]
   nu  = 2.6763
  rho=0.03893 (13/20)
    fp=0.3604 tp=0.7662  [0.5s]
   nu  = 2.3029
  rho=0.03055 (14/20)
    fp=0.3833 tp=0.7792  [0.4s]
   nu  = 2.0014
  rho=0.02398 (15/20)
    fp=0.4032 tp=0.7922  [0.5s]
   nu  = 1.7545
  rho=0.01882 (16/20)
    fp=0.4229 tp=0.7922  [0.5s]
   nu  = 1.5495
  rho=0.01477 (17/20)
    fp=0.4398 tp=0.7922  [0.5s]
   nu  = 1.3769
  rho=0.01159 (18/20)
    fp=0.4576 tp=0.7792  [0.5s]
   nu  = 1.2301
  rho=0.00909 (19/20)
    fp=0.4675 tp=0.7662  [0.7s]
   nu  = 1.1041
  rho=0.00714 (20/20)
    fp=0.4740 tp=0.7662  [1.0s]
   nu  = 0.9955
  rho=0.00560 (21/21)  [extra 1/50]
    fp=0.4814 tp=0.7922  [0.9s]
   nu  = 0.9017
  rho=0.00439 (22/22)  [extra 2/50]
    fp=0.4876 tp=0.7922  [1.2s]
   nu  = 0.8206
  rho=0.00345 (23/23)  [extra 3/50]
    fp=0.4911 tp=0.8052  [2.2s]
   nu  = 0.7505
  rho=0.00271 (24/24)  [extra 4/50]
    fp=0.4983 tp=0.7922  [1.3s]
   nu  = 0.6897
  rho=0.00212 (25/25)  [extra 5/50]
    fp=0.4962 tp=0.7792  [1.3s]
   nu  = 0.6369
  rho=0.00167 (26/26)  [extra 6/50]
    fp=0.4958 tp=0.7792  [2.3s]
   nu  = 0.5907
  rho=0.00131 (27/27)  [extra 7/50]
    fp=0.4939 tp=0.7532  [3.0s]
   nu  = 0.5500
  rho=0.00103 (28/28)  [extra 8/50]
    fp=0.4935 tp=0.7532  [1.3s]
   nu  = 0.5139
  rho=0.00081 (29/29)  [extra 9/50]
    fp=0.4927 tp=0.7532  [1.3s]
   nu  = 0.4818
  rho=0.00063 (30/30)  [extra 10/50]
    fp=0.4948 tp=0.7532  [1.2s]
   nu  = 0.4531
  rho=0.00050 (31/31)  [extra 11/50]
    fp=0.4946 tp=0.7273  [1.8s]
   nu  = 0.4274
  rho=0.00039 (32/32)  [extra 12/50]
    fp=0.4898 tp=0.7273  [1.1s]
   nu  = 0.4044
  rho=0.00031 (33/33)  [extra 13/50]
    fp=0.4886 tp=0.7143  [0.9s]
   nu  = 0.3836
  rho=0.00024 (34/34)  [extra 14/50]
    fp=0.4878 tp=0.7143  [1.5s]
   nu  = 0.3648
  rho=0.00019 (35/35)  [extra 15/50]
    fp=0.4849 tp=0.7143  [0.8s]
   nu  = 0.3477
  rho=0.00015 (36/36)  [extra 16/50]
    fp=0.4816 tp=0.7013  [0.7s]
   nu  = 0.3321
  rho=0.00012 (37/37)  [extra 17/50]
    fp=0.4798 tp=0.6883  [0.9s]
   nu  = 0.3178
  rho=0.00009 (38/38)  [extra 18/50]
    fp=0.4759 tp=0.6623  [0.8s]
   nu  = 0.3047
  rho=0.00007 (39/39)  [extra 19/50]
    fp=0.4738 tp=0.6623  [0.9s]
   nu  = 0.2927
  rho=0.00006 (40/40)  [extra 20/50]
    fp=0.4693 tp=0.6494  [0.7s]
   nu  = 0.2815
  rho=0.00004 (41/41)  [extra 21/50]
    fp=0.4654 tp=0.6623  [0.7s]
   nu  = 0.2712
  rho=0.00003 (42/42)  [extra 22/50]
    fp=0.4632 tp=0.6623  [0.9s]
   nu  = 0.2616
  rho=0.00003 (43/43)  [extra 23/50]
    fp=0.4597 tp=0.6623  [0.8s]
   nu  = 0.2527
  rho=0.00002 (44/44)  [extra 24/50]
    fp=0.4568 tp=0.6623  [0.7s]
   nu  = 0.2443
  rho=0.00002 (45/45)  [extra 25/50]
    fp=0.4554 tp=0.6623  [0.7s]
   nu  = 0.2365
  rho=0.00001 (46/46)  [extra 26/50]
    fp=0.4521 tp=0.6623  [0.7s]
   nu  = 0.2292
  rho=0.00001 (47/47)  [extra 27/50]
    fp=0.4494 tp=0.6623  [0.7s]
   nu  = 0.2224
  rho=0.00001 (48/48)  [extra 28/50]
    fp=0.4467 tp=0.6623  [1.3s]
   nu  = 0.2159
  rho=0.00001 (49/49)  [extra 29/50]
    fp=0.4451 tp=0.6623  [0.7s]
   nu  = 0.2098
  rho=0.00000 (50/50)  [extra 30/50]
    fp=0.4422 tp=0.6623  [0.8s]
   nu  = 0.2040
  rho=0.00000 (51/51)  [extra 31/50]
    fp=0.4406 tp=0.6623  [0.8s]
   nu  = 0.1986
  rho=0.00000 (52/52)  [extra 32/50]
    fp=0.4371 tp=0.6494  [0.9s]
   nu  = 0.1934
  rho=0.00000 (53/53)  [extra 33/50]
    fp=0.4363 tp=0.6234  [3.5s]
   nu  = 0.1885
  rho=0.00000 (54/54)  [extra 34/50]
    fp=0.4328 tp=0.6234  [1.1s]
   nu  = 0.1839
  rho=0.00000 (55/55)  [extra 35/50]
    fp=0.4287 tp=0.6234  [0.8s]
   nu  = 0.1795
  rho=0.00000 (56/56)  [extra 36/50]
    fp=0.4250 tp=0.6234  [0.8s]
   nu  = 0.1753
  rho=0.00000 (57/57)  [extra 37/50]
    fp=0.4219 tp=0.6234  [0.7s]
   nu  = 0.1713
  rho=0.00000 (58/58)  [extra 38/50]
    fp=0.4197 tp=0.6234  [0.8s]
   nu  = 0.1675
  rho=0.00000 (59/59)  [extra 39/50]
    fp=0.4170 tp=0.6234  [0.7s]
   nu  = 0.1638
  rho=0.00000 (60/60)  [extra 40/50]
    fp=0.4135 tp=0.6234  [0.7s]
   nu  = 0.1604
  rho=0.00000 (61/61)  [extra 41/50]
    fp=0.4119 tp=0.6234  [0.8s]
   nu  = 0.1570
  rho=0.00000 (62/62)  [extra 42/50]
    fp=0.4086 tp=0.6104  [0.9s]
   nu  = 0.1538
  rho=0.00000 (63/63)  [extra 43/50]
    fp=0.4055 tp=0.6104  [0.9s]
   nu  = 0.1508
  rho=0.00000 (64/64)  [extra 44/50]
    fp=0.4041 tp=0.6104  [0.7s]
   nu  = 0.1478
  rho=0.00000 (65/65)  [extra 45/50]
    fp=0.4026 tp=0.6104  [0.7s]
   nu  = 0.1450
  rho=0.00000 (66/66)  [extra 46/50]
    fp=0.4004 tp=0.5974  [0.8s]
   nu  = 0.1423
  rho=0.00000 (67/67)  [extra 47/50]
    fp=0.3981 tp=0.5974  [0.7s]
   nu  = 0.1397
  rho=0.00000 (68/68)  [extra 48/50]
    fp=0.3965 tp=0.5974  [0.7s]
   nu  = 0.1371
  rho=0.00000 (69/69)  [extra 49/50]
    fp=0.3952 tp=0.5974  [0.7s]
   nu  = 0.1347
  rho=0.00000 (70/70)  [extra 50/50]
    fp=0.3938 tp=0.5974  [0.7s]
   nu  = 0.1324
  [note] 53/70 fits hit a glasso ConvergenceWarning (suppressed)
  [warn] FPR stalled at 0.3938 < fp_end=0.5 after 50 extra fits (cap max_extra=50); the curve stops short of fp_end
  grid extended by 50 points down to rho=0.00000, ending at FPR 0.3938
  [warn] AUC integrates to fp_end=0.5 but the curve stops at FPR 0.4983; TPR held flat above that
  pilot fit of run_em_diagonal at rho=0.30349
  -> rho_max = max|S_ij| (off-diag) = 0.60269
  rho grid: [0.60269208 0.47296862 0.37116684 0.29127688 0.22858244 0.17938235
 0.14077208 0.1104723  0.08669424 0.06803417 0.05339049 0.04189872
 0.03288044 0.02580325 0.02024936 0.01589089 0.01247053 0.00978637
 0.00767995 0.00602692]
Running run_em_diagonal over 20 rho values, extending until FPR >= 0.5...
  rho=0.60269 (1/20)
    fp=0.0004 tp=0.0260  [7.4s]
   median nu  = 0.073
   median |eta| = 5.268
  rho=0.47297 (2/20)
    fp=0.0021 tp=0.0649  [7.7s]
   median nu  = 0.101
   median |eta| = 4.413
  rho=0.37117 (3/20)
    fp=0.0084 tp=0.1039  [7.9s]
   median nu  = 0.145
   median |eta| = 3.798
  rho=0.29128 (4/20)
    fp=0.0228 tp=0.2338  [7.3s]
   median nu  = 0.185
   median |eta| = 3.447
  rho=0.22858 (5/20)
    fp=0.0513 tp=0.3896  [7.4s]
   median nu  = 0.229
   median |eta| = 2.971
  rho=0.17938 (6/20)
    fp=0.0870 tp=0.5195  [7.6s]
   median nu  = 0.267
   median |eta| = 2.593
  rho=0.14077 (7/20)
    fp=0.1272 tp=0.6234  [7.3s]
   median nu  = 0.301
   median |eta| = 2.33
  rho=0.11047 (8/20)
    fp=0.1668 tp=0.6753  [6.9s]
   median nu  = 0.326
   median |eta| = 2.309
  rho=0.08669 (9/20)
    fp=0.2036 tp=0.7403  [6.7s]
   median nu  = 0.338
   median |eta| = 2.083
  rho=0.06803 (10/20)
    fp=0.2339 tp=0.7662  [6.5s]
   median nu  = 0.394
   median |eta| = 2.075
  rho=0.05339 (11/20)
    fp=0.2619 tp=0.8052  [6.7s]
   median nu  = 0.407
   median |eta| = 2.198
  rho=0.04190 (12/20)
    fp=0.2828 tp=0.8052  [6.4s]
   median nu  = 0.394
   median |eta| = 2.852
  rho=0.03288 (13/20)
    fp=0.3103 tp=0.8312  [6.3s]
   median nu  = 0.495
   median |eta| = 2.0
  rho=0.02580 (14/20)
    fp=0.3314 tp=0.8052  [6.0s]
   median nu  = 0.535
   median |eta| = 1.977
  rho=0.02025 (15/20)
    fp=0.3558 tp=0.8052  [5.9s]
   median nu  = 0.754
   median |eta| = 0.975
  rho=0.01589 (16/20)
    fp=0.3725 tp=0.7922  [5.8s]
   median nu  = 0.598
   median |eta| = 2.069
  rho=0.01247 (17/20)
    fp=0.3926 tp=0.7922  [5.6s]
   median nu  = 1.024
   median |eta| = 0.767
  rho=0.00979 (18/20)
    fp=0.4090 tp=0.7792  [5.7s]
   median nu  = 0.679
   median |eta| = 1.619
  rho=0.00768 (19/20)
    fp=0.4273 tp=0.7792  [5.8s]
   median nu  = 0.715
   median |eta| = 1.664
  rho=0.00603 (20/20)
    fp=0.4324 tp=0.7532  [6.4s]
   median nu  = 0.577
   median |eta| = 2.284
  rho=0.00473 (21/21)  [extra 1/50]
    fp=0.4574 tp=0.7273  [6.0s]
   median nu  = 2.0
   median |eta| = 0.122
  rho=0.00371 (22/22)  [extra 2/50]
    fp=0.4564 tp=0.7532  [6.6s]
   median nu  = 0.467
   median |eta| = 3.801
  rho=0.00291 (23/23)  [extra 3/50]
    fp=0.4909 tp=0.7273  [6.2s]
   median nu  = 2.0
   median |eta| = 0.081
  rho=0.00229 (24/24)  [extra 4/50]
    fp=0.4777 tp=0.7532  [6.3s]
   median nu  = 0.469
   median |eta| = 3.864
  rho=0.00179 (25/25)  [extra 5/50]
    fp=0.5120 tp=0.7143  [6.1s]
   median nu  = 2.0
   median |eta| = 0.111
  FPR 0.5120 >= fp_end=0.5; stopping after 25 fits
  [note] 9/25 fits hit a glasso ConvergenceWarning (suppressed)
  grid extended by 5 points down to rho=0.00179, ending at FPR 0.5120
  pilot fit of run_em_exact at rho=0.30349
  -> rho_max = max|S_ij| (off-diag) = 0.62887
  rho grid: [0.62886884 0.49351109 0.38728775 0.30392792 0.23851047 0.18717347
 0.14688625 0.11527045 0.09045963 0.0709891  0.0557094  0.04371851
 0.03430854 0.02692397 0.02112885 0.01658108 0.01301216 0.01021143
 0.00801352 0.00628869]
Running run_em_exact over 20 rho values, extending until FPR >= 0.5...
  rho=0.62887 (1/20)
    fp=0.0002 tp=0.0260  [7.6s]
   median nu  = 0.069
   median |eta| = 5.543
  rho=0.49351 (2/20)
    fp=0.0016 tp=0.0390  [7.5s]
   median nu  = 0.095
   median |eta| = 4.257
  rho=0.38729 (3/20)
    fp=0.0076 tp=0.1039  [7.4s]
   median nu  = 0.138
   median |eta| = 3.379
  rho=0.30393 (4/20)
    fp=0.0220 tp=0.2078  [7.1s]
   median nu  = 0.196
   median |eta| = 2.952
  rho=0.23851 (5/20)
    fp=0.0511 tp=0.3377  [7.0s]
   median nu  = 0.257
   median |eta| = 1.776
  rho=0.18717 (6/20)
